Archive member included because of file (symbol)

C:\Users\emili\AppData\Local\arduino15\packages\arduino\hardware\sam\1.6.11\variants\arduino_due_x/libsam_sam3x8e_gcc_rel.a(pio.o)
                              C:\Users\emili\AppData\Local\Temp\VMBuilds\Calculator\arduino_due_x_dbg\Release\Wire\Wire.cpp.o (PIO_Configure)
C:\Users\emili\AppData\Local\arduino15\packages\arduino\hardware\sam\1.6.11\variants\arduino_due_x/libsam_sam3x8e_gcc_rel.a(pmc.o)
                              C:\Users\emili\AppData\Local\Temp\VMBuilds\Calculator\arduino_due_x_dbg\Release\Wire\Wire.cpp.o (pmc_enable_periph_clk)
C:\Users\emili\AppData\Local\arduino15\packages\arduino\hardware\sam\1.6.11\variants\arduino_due_x/libsam_sam3x8e_gcc_rel.a(twi.o)
                              C:\Users\emili\AppData\Local\Temp\VMBuilds\Calculator\arduino_due_x_dbg\Release\Wire\Wire.cpp.o (TWI_SetClock)
C:\Users\emili\AppData\Local\arduino15\packages\arduino\hardware\sam\1.6.11\variants\arduino_due_x/libsam_sam3x8e_gcc_rel.a(system_sam3xa.o)
                              C:\Users\emili\AppData\Local\Temp\VMBuilds\Calculator\arduino_due_x_dbg\Release\variant\variant.cpp.o (SystemInit)
C:\Users\emili\AppData\Local\arduino15\packages\arduino\hardware\sam\1.6.11\variants\arduino_due_x/libsam_sam3x8e_gcc_rel.a(startup_sam3xa.o)
                              (Reset_Handler)
C:\Users\emili\AppData\Local\arduino15\packages\arduino\hardware\sam\1.6.11\variants\arduino_due_x/libsam_sam3x8e_gcc_rel.a(adc.o)
                              C:\Users\emili\AppData\Local\Temp\VMBuilds\Calculator\arduino_due_x_dbg\Release\variant\variant.cpp.o (adc_init)
C:\Users\emili\AppData\Local\arduino15\packages\arduino\hardware\sam\1.6.11\variants\arduino_due_x/libsam_sam3x8e_gcc_rel.a(uotghs.o)
                              C:\Users\emili\AppData\Local\arduino15\packages\arduino\hardware\sam\1.6.11\variants\arduino_due_x/libsam_sam3x8e_gcc_rel.a(startup_sam3xa.o) (UOTGHS_Handler)
C:\Users\emili\AppData\Local\Temp\VMBuilds\Calculator\arduino_due_x_dbg\Release/core.a(cortex_handlers.c.o)
                              C:\Users\emili\AppData\Local\arduino15\packages\arduino\hardware\sam\1.6.11\variants\arduino_due_x/libsam_sam3x8e_gcc_rel.a(startup_sam3xa.o) (NMI_Handler)
C:\Users\emili\AppData\Local\Temp\VMBuilds\Calculator\arduino_due_x_dbg\Release/core.a(hooks.c.o)
                              C:\Users\emili\AppData\Local\Temp\VMBuilds\Calculator\arduino_due_x_dbg\Release/core.a(cortex_handlers.c.o) (sysTickHook)
C:\Users\emili\AppData\Local\Temp\VMBuilds\Calculator\arduino_due_x_dbg\Release/core.a(syscalls_sam3.c.o)
                              (_sbrk)
C:\Users\emili\AppData\Local\Temp\VMBuilds\Calculator\arduino_due_x_dbg\Release/core.a(wiring.c.o)
                              C:\Users\emili\AppData\Local\Temp\VMBuilds\Calculator\arduino_due_x_dbg\Release\ui\textfield.cpp.o (millis)
C:\Users\emili\AppData\Local\Temp\VMBuilds\Calculator\arduino_due_x_dbg\Release/core.a(wiring_analog.c.o)
                              C:\Users\emili\AppData\Local\Temp\VMBuilds\Calculator\arduino_due_x_dbg\Release\variant\variant.cpp.o (analogOutputInit)
C:\Users\emili\AppData\Local\Temp\VMBuilds\Calculator\arduino_due_x_dbg\Release/core.a(wiring_digital.c.o)
                              C:\Users\emili\AppData\Local\Temp\VMBuilds\Calculator\arduino_due_x_dbg\Release\UTFT\UTFT.cpp.o (pinMode)
C:\Users\emili\AppData\Local\Temp\VMBuilds\Calculator\arduino_due_x_dbg\Release/core.a(abi.cpp.o)
                              C:\Users\emili\AppData\Local\Temp\VMBuilds\Calculator\arduino_due_x_dbg\Release\Wire\Wire.cpp.o (__cxa_pure_virtual)
C:\Users\emili\AppData\Local\Temp\VMBuilds\Calculator\arduino_due_x_dbg\Release/core.a(main.cpp.o)
                              c:/users/emili/appdata/local/arduino15/packages/arduino/tools/arm-none-eabi-gcc/4.8.3-2014q1/bin/../lib/gcc/arm-none-eabi/4.8.3/../../../../arm-none-eabi/lib/armv7-m/crt0.o (main)
C:\Users\emili\AppData\Local\Temp\VMBuilds\Calculator\arduino_due_x_dbg\Release/core.a(Print.cpp.o)
                              C:\Users\emili\AppData\Local\Temp\VMBuilds\Calculator\arduino_due_x_dbg\Release\Wire\Wire.cpp.o (Print::write(unsigned char const*, unsigned int))
C:\Users\emili\AppData\Local\Temp\VMBuilds\Calculator\arduino_due_x_dbg\Release/core.a(Reset.cpp.o)
                              C:\Users\emili\AppData\Local\Temp\VMBuilds\Calculator\arduino_due_x_dbg\Release/core.a(cortex_handlers.c.o) (tickReset)
C:\Users\emili\AppData\Local\Temp\VMBuilds\Calculator\arduino_due_x_dbg\Release/core.a(RingBuffer.cpp.o)
                              C:\Users\emili\AppData\Local\Temp\VMBuilds\Calculator\arduino_due_x_dbg\Release\variant\variant.cpp.o (RingBuffer::RingBuffer())
C:\Users\emili\AppData\Local\Temp\VMBuilds\Calculator\arduino_due_x_dbg\Release/core.a(UARTClass.cpp.o)
[...]
Memory Configuration

Name             Origin             Length             Attributes
rom              0x00080000         0x00080000         xr
sram0            0x20000000         0x00010000         xrw
sram1            0x20080000         0x00008000         xrw
ram              0x20070000         0x00018000         xrw
*default*        0x00000000         0xffffffff

Linker script and memory map

LOAD c:/users/emili/appdata/local/arduino15/packages/arduino/tools/arm-none-eabi-gcc/4.8.3-2014q1/bin/../lib/gcc/arm-none-eabi/4.8.3/armv7-m/crti.o
LOAD c:/users/emili/appdata/local/arduino15/packages/arduino/tools/arm-none-eabi-gcc/4.8.3-2014q1/bin/../lib/gcc/arm-none-eabi/4.8.3/armv7-m/crtbegin.o
LOAD c:/users/emili/appdata/local/arduino15/packages/arduino/tools/arm-none-eabi-gcc/4.8.3-2014q1/bin/../lib/gcc/arm-none-eabi/4.8.3/../../../../arm-none-eabi/lib/armv7-m/crt0.o
START GROUP
LOAD C:\Users\emili\AppData\Local\Temp\VMBuilds\Calculator\arduino_due_x_dbg\Release\Calculator.cpp.o
LOAD C:\Users\emili\AppData\Local\Temp\VMBuilds\Calculator\arduino_due_x_dbg\Release\Wire\Wire.cpp.o
LOAD C:\Users\emili\AppData\Local\Temp\VMBuilds\Calculator\arduino_due_x_dbg\Release\UTFT\DefaultFonts.c.o
LOAD C:\Users\emili\AppData\Local\Temp\VMBuilds\Calculator\arduino_due_x_dbg\Release\UTFT\UTFT.cpp.o
LOAD C:\Users\emili\AppData\Local\Temp\VMBuilds\Calculator\arduino_due_x_dbg\Release\util.cpp.o
LOAD C:\Users\emili\AppData\Local\Temp\VMBuilds\Calculator\arduino_due_x_dbg\Release\io\keypad.cpp.o
LOAD C:\Users\emili\AppData\Local\Temp\VMBuilds\Calculator\arduino_due_x_dbg\Release\io\screen.cpp.o
LOAD C:\Users\emili\AppData\Local\Temp\VMBuilds\Calculator\arduino_due_x_dbg\Release\math\graph.cpp.o
LOAD C:\Users\emili\AppData\Local\Temp\VMBuilds\Calculator\arduino_due_x_dbg\Release\math\parser.cpp.o
LOAD C:\Users\emili\AppData\Local\Temp\VMBuilds\Calculator\arduino_due_x_dbg\Release\ui\control.cpp.o
LOAD C:\Users\emili\AppData\Local\Temp\VMBuilds\Calculator\arduino_due_x_dbg\Release\ui\label.cpp.o
LOAD C:\Users\emili\AppData\Local\Temp\VMBuilds\Calculator\arduino_due_x_dbg\Release\ui\table.cpp.o
LOAD C:\Users\emili\AppData\Local\Temp\VMBuilds\Calculator\arduino_due_x_dbg\Release\ui\textfield.cpp.o
LOAD C:\Users\emili\AppData\Local\Temp\VMBuilds\Calculator\arduino_due_x_dbg\Release\variant\variant.cpp.o
LOAD C:\Users\emili\AppData\Local\arduino15\packages\arduino\hardware\sam\1.6.11\variants\arduino_due_x/libsam_sam3x8e_gcc_rel.a
LOAD C:\Users\emili\AppData\Local\Temp\VMBuilds\Calculator\arduino_due_x_dbg\Release/core.a
END GROUP
LOAD c:/users/emili/appdata/local/arduino15/packages/arduino/tools/arm-none-eabi-gcc/4.8.3-2014q1/bin/../lib/gcc/arm-none-eabi/4.8.3/../../../../arm-none-eabi/lib/armv7-m\libm.a
START GROUP
LOAD c:/users/emili/appdata/local/arduino15/packages/arduino/tools/arm-none-eabi-gcc/4.8.3-2014q1/bin/../lib/gcc/arm-none-eabi/4.8.3/armv7-m\libgcc.a
LOAD c:/users/emili/appdata/local/arduino15/packages/arduino/tools/arm-none-eabi-gcc/4.8.3-2014q1/bin/../lib/gcc/arm-none-eabi/4.8.3/../../../../arm-none-eabi/lib/armv7-m\libg.a
LOAD c:/users/emili/appdata/local/arduino15/packages/arduino/tools/arm-none-eabi-gcc/4.8.3-2014q1/bin/../lib/gcc/arm-none-eabi/4.8.3/../../../../arm-none-eabi/lib/armv7-m\libc.a
END GROUP
LOAD c:/users/emili/appdata/local/arduino15/packages/arduino/tools/arm-none-eabi-gcc/4.8.3-2014q1/bin/../lib/gcc/arm-none-eabi/4.8.3/armv7-m/crtend.o
LOAD c:/users/emili/appdata/local/arduino15/packages/arduino/tools/arm-none-eabi-gcc/4.8.3-2014q1/bin/../lib/gcc/arm-none-eabi/4.8.3/armv7-m/crtn.o

.text           0x00080000    0x1ad18
                0x00080000                . = ALIGN (0x4)
                0x00080000                _sfixed = .
 *(.vectors .vectors.*)
 .vectors       0x00080000       0xf4 C:\Users\emili\AppData\Local\arduino15\packages\arduino\hardware\sam\1.6.11\variants\arduino_due_x/libsam_sam3x8e_gcc_rel.a(startup_sam3xa.o)
                0x00080000                exception_table
 *(.text .text.* .gnu.linkonce.t.*)
 .text          0x000800f4       0x54 c:/users/emili/appdata/local/arduino15/packages/arduino/tools/arm-none-eabi-gcc/4.8.3-2014q1/bin/../lib/gcc/arm-none-eabi/4.8.3/armv7-m/crtbegin.o
 .text._ZN5GraphD2Ev
                0x00080148        0xe C:\Users\emili\AppData\Local\Temp\VMBuilds\Calculator\arduino_due_x_dbg\Release\Calculator.cpp.o
                0x00080148                Graph::~Graph()
                0x00080148                Graph::~Graph()
 .text._ZN5LabelD2Ev
                0x00080156        0xe C:\Users\emili\AppData\Local\Temp\VMBuilds\Calculator\arduino_due_x_dbg\Release\Calculator.cpp.o
                0x00080156                Label::~Label()
                0x00080156                Label::~Label()
 .text._ZN9TextFieldD2Ev
                0x00080164        0xe C:\Users\emili\AppData\Local\Temp\VMBuilds\Calculator\arduino_due_x_dbg\Release\Calculator.cpp.o
                0x00080164                TextField::~TextField()
                0x00080164                TextField::~TextField()
 .text._ZN5TableD2Ev
                0x00080172       0x22 C:\Users\emili\AppData\Local\Temp\VMBuilds\Calculator\arduino_due_x_dbg\Release\Calculator.cpp.o
                0x00080172                Table::~Table()
                0x00080172                Table::~Table()
 .text._ZN5LabelC2E4Rect
                0x00080194       0x3c C:\Users\emili\AppData\Local\Temp\VMBuilds\Calculator\arduino_due_x_dbg\Release\Calculator.cpp.o
                0x00080194                Label::Label(Rect)
                0x00080194                Label::Label(Rect)
 .text._ZN5TableC2E4Rect
                0x000801d0       0x9c C:\Users\emili\AppData\Local\Temp\VMBuilds\Calculator\arduino_due_x_dbg\Release\Calculator.cpp.o
                0x000801d0                Table::Table(Rect)
                0x000801d0                Table::Table(Rect)
 .text._Z16expressionScreenv
                0x0008026c       0xd8 C:\Users\emili\AppData\Local\Temp\VMBuilds\Calculator\arduino_due_x_dbg\Release\Calculator.cpp.o
                0x0008026c                expressionScreen()
 .text.loop     0x00080344       0x40 C:\Users\emili\AppData\Local\Temp\VMBuilds\Calculator\arduino_due_x_dbg\Release\Calculator.cpp.o
                0x00080344                loop
 .text.startup._GLOBAL__sub_I_efieldRect
                0x00080384      0x120 C:\Users\emili\AppData\Local\Temp\VMBuilds\Calculator\arduino_due_x_dbg\Release\Calculator.cpp.o
 .text.setup    0x000804a4       0x74 C:\Users\emili\AppData\Local\Temp\VMBuilds\Calculator\arduino_due_x_dbg\Release\Calculator.cpp.o
                0x000804a4                setup
 .text._ZN7TwoWire5writeEPKhj
                0x00080518       0x50 C:\Users\emili\AppData\Local\Temp\VMBuilds\Calculator\arduino_due_x_dbg\Release\Wire\Wire.cpp.o
                0x00080518                TwoWire::write(unsigned char const*, unsigned int)
 .text._ZN7TwoWire9availableEv
                0x00080568        0xc C:\Users\emili\AppData\Local\Temp\VMBuilds\Calculator\arduino_due_x_dbg\Release\Wire\Wire.cpp.o
                0x00080568                TwoWire::available()
 .text._ZN7TwoWire4readEv
                0x00080574       0x1e C:\Users\emili\AppData\Local\Temp\VMBuilds\Calculator\arduino_due_x_dbg\Release\Wire\Wire.cpp.o
                0x00080574                TwoWire::read()
 .text._ZN7TwoWire4peekEv
                0x00080592       0x16 C:\Users\emili\AppData\Local\Temp\VMBuilds\Calculator\arduino_due_x_dbg\Release\Wire\Wire.cpp.o
                0x00080592                TwoWire::peek()
 .text._ZN7TwoWire5flushEv
                0x000805a8        0x2 C:\Users\emili\AppData\Local\Temp\VMBuilds\Calculator\arduino_due_x_dbg\Release\Wire\Wire.cpp.o
                0x000805a8                TwoWire::flush()
 .text._ZN7TwoWire5writeEh
                0x000805aa       0x3a C:\Users\emili\AppData\Local\Temp\VMBuilds\Calculator\arduino_due_x_dbg\Release\Wire\Wire.cpp.o
                0x000805aa                TwoWire::write(unsigned char)
 .text._ZL16TWI_WaitByteSentP3Twim.constprop.3
                0x000805e4       0x2c C:\Users\emili\AppData\Local\Temp\VMBuilds\Calculator\arduino_due_x_dbg\Release\Wire\Wire.cpp.o
 .text._ZL24TWI_WaitTransferCompleteP3Twim.constprop.4
                0x00080610       0x2c C:\Users\emili\AppData\Local\Temp\VMBuilds\Calculator\arduino_due_x_dbg\Release\Wire\Wire.cpp.o
 .text._ZL9Wire_Initv
                0x0008063c       0x54 C:\Users\emili\AppData\Local\Temp\VMBuilds\Calculator\arduino_due_x_dbg\Release\Wire\Wire.cpp.o
 .text._ZL12Wire1_Deinitv
                0x00080690       0x18 C:\Users\emili\AppData\Local\Temp\VMBuilds\Calculator\arduino_due_x_dbg\Release\Wire\Wire.cpp.o
 .text._ZL11Wire_Deinitv
                0x000806a8       0x18 C:\Users\emili\AppData\Local\Temp\VMBuilds\Calculator\arduino_due_x_dbg\Release\Wire\Wire.cpp.o
 .text._ZL10Wire1_Initv
                0x000806c0       0x54 C:\Users\emili\AppData\Local\Temp\VMBuilds\Calculator\arduino_due_x_dbg\Release\Wire\Wire.cpp.o
 .text._ZN7TwoWireC2EP3TwiPFvvES3_
                0x00080714       0x48 C:\Users\emili\AppData\Local\Temp\VMBuilds\Calculator\arduino_due_x_dbg\Release\Wire\Wire.cpp.o
                0x00080714                TwoWire::TwoWire(Twi*, void (*)(), void (*)())
                0x00080714                TwoWire::TwoWire(Twi*, void (*)(), void (*)())
 .text._ZN7TwoWire5beginEv
                0x0008075c       0x30 C:\Users\emili\AppData\Local\Temp\VMBuilds\Calculator\arduino_due_x_dbg\Release\Wire\Wire.cpp.o
                0x0008075c                TwoWire::begin()
 .text._ZN7TwoWire11requestFromEhhmhh
                0x0008078c       0x78 C:\Users\emili\AppData\Local\Temp\VMBuilds\Calculator\arduino_due_x_dbg\Release\Wire\Wire.cpp.o
                0x0008078c                TwoWire::requestFrom(unsigned char, unsigned char, unsigned long, unsigned char, unsigned char)
 .text._ZN7TwoWire11requestFromEhhh
                0x00080804       0x12 C:\Users\emili\AppData\Local\Temp\VMBuilds\Calculator\arduino_due_x_dbg\Release\Wire\Wire.cpp.o
                0x00080804                TwoWire::requestFrom(unsigned char, unsigned char, unsigned char)
 .text._ZN7TwoWire11requestFromEii
                0x00080816        0xa C:\Users\emili\AppData\Local\Temp\VMBuilds\Calculator\arduino_due_x_dbg\Release\Wire\Wire.cpp.o
                0x00080816                TwoWire::requestFrom(int, int)
 .text._ZN7TwoWire17beginTransmissionEi
                0x00080820       0x12 C:\Users\emili\AppData\Local\Temp\VMBuilds\Calculator\arduino_due_x_dbg\Release\Wire\Wire.cpp.o
                0x00080820                TwoWire::beginTransmission(int)
 .text._ZN7TwoWire15endTransmissionEh
                0x00080832       0x82 C:\Users\emili\AppData\Local\Temp\VMBuilds\Calculator\arduino_due_x_dbg\Release\Wire\Wire.cpp.o
                0x00080832                TwoWire::endTransmission(unsigned char)
 .text._ZN7TwoWire15endTransmissionEv
                0x000808b4        0x6 C:\Users\emili\AppData\Local\Temp\VMBuilds\Calculator\arduino_due_x_dbg\Release\Wire\Wire.cpp.o
                0x000808b4                TwoWire::endTransmission()
 .text._ZN7TwoWire9onServiceEv
                0x000808ba      0x118 C:\Users\emili\AppData\Local\Temp\VMBuilds\Calculator\arduino_due_x_dbg\Release\Wire\Wire.cpp.o
                0x000808ba                TwoWire::onService()
 *fill*         0x000809d2        0x2 
 .text.TWI1_Handler
                0x000809d4        0xc C:\Users\emili\AppData\Local\Temp\VMBuilds\Calculator\arduino_due_x_dbg\Release\Wire\Wire.cpp.o
                0x000809d4                TWI1_Handler
 .text.TWI0_Handler
                0x000809e0        0xc C:\Users\emili\AppData\Local\Temp\VMBuilds\Calculator\arduino_due_x_dbg\Release\Wire\Wire.cpp.o
                0x000809e0                TWI0_Handler
 .text.startup._GLOBAL__sub_I__ZN7TwoWireC2EP3TwiPFvvES3_
                0x000809ec       0x40 C:\Users\emili\AppData\Local\Temp\VMBuilds\Calculator\arduino_due_x_dbg\Release\Wire\Wire.cpp.o
 .text._ZN4UTFT12LCD_Writ_BusEcch
                0x00080a2c      0x2dc C:\Users\emili\AppData\Local\Temp\VMBuilds\Calculator\arduino_due_x_dbg\Release\UTFT\UTFT.cpp.o
                0x00080a2c                UTFT::LCD_Writ_Bus(char, char, unsigned char)
 .text._ZN4UTFT24_set_direction_registersEh
                0x00080d08       0x38 C:\Users\emili\AppData\Local\Temp\VMBuilds\Calculator\arduino_due_x_dbg\Release\UTFT\UTFT.cpp.o
                0x00080d08                UTFT::_set_direction_registers(unsigned char)
 .text._ZN4UTFT13_fast_fill_16Eiil
                0x00080d40      0x208 C:\Users\emili\AppData\Local\Temp\VMBuilds\Calculator\arduino_due_x_dbg\Release\UTFT\UTFT.cpp.o
                0x00080d40                UTFT::_fast_fill_16(int, int, long)
 .text._ZN4UTFT12_fast_fill_8Eil
                0x00080f48      0x2f0 C:\Users\emili\AppData\Local\Temp\VMBuilds\Calculator\arduino_due_x_dbg\Release\UTFT\UTFT.cpp.o
                0x00080f48                UTFT::_fast_fill_8(int, long)
 .text._ZN4UTFTC2Ehiiiii
                0x00081238      0x198 C:\Users\emili\AppData\Local\Temp\VMBuilds\Calculator\arduino_due_x_dbg\Release\UTFT\UTFT.cpp.o
                0x00081238                UTFT::UTFT(unsigned char, int, int, int, int, int)
                0x00081238                UTFT::UTFT(unsigned char, int, int, int, int, int)
 .text._ZN4UTFT13LCD_Write_COMEc
                0x000813d0       0x26 C:\Users\emili\AppData\Local\Temp\VMBuilds\Calculator\arduino_due_x_dbg\Release\UTFT\UTFT.cpp.o
                0x000813d0                UTFT::LCD_Write_COM(char)
 .text._ZN4UTFT14LCD_Write_DATAEcc
                0x000813f6       0x36 C:\Users\emili\AppData\Local\Temp\VMBuilds\Calculator\arduino_due_x_dbg\Release\UTFT\UTFT.cpp.o
                0x000813f6                UTFT::LCD_Write_DATA(char, char)
 .text._ZN4UTFT14LCD_Write_DATAEc
                0x0008142c       0x24 C:\Users\emili\AppData\Local\Temp\VMBuilds\Calculator\arduino_due_x_dbg\Release\UTFT\UTFT.cpp.o
                0x0008142c                UTFT::LCD_Write_DATA(char)
 .text._ZN4UTFT18LCD_Write_COM_DATAEci
                0x00081450       0x1a C:\Users\emili\AppData\Local\Temp\VMBuilds\Calculator\arduino_due_x_dbg\Release\UTFT\UTFT.cpp.o
                0x00081450                UTFT::LCD_Write_COM_DATA(char, int)
 .text._ZN4UTFT5setXYEjjjj
                0x0008146a      0x34e C:\Users\emili\AppData\Local\Temp\VMBuilds\Calculator\arduino_due_x_dbg\Release\UTFT\UTFT.cpp.o
                0x0008146a                UTFT::setXY(unsigned int, unsigned int, unsigned int, unsigned int)
 .text._ZN4UTFT7InitLCDEh
                0x000817b8     0x3398 C:\Users\emili\AppData\Local\Temp\VMBuilds\Calculator\arduino_due_x_dbg\Release\UTFT\UTFT.cpp.o
                0x000817b8                UTFT::InitLCD(unsigned char)
 .text._ZN4UTFT5clrXYEv
                0x00084b50       0x24 C:\Users\emili\AppData\Local\Temp\VMBuilds\Calculator\arduino_due_x_dbg\Release\UTFT\UTFT.cpp.o
                0x00084b50                UTFT::clrXY()
 .text._ZN4UTFT6clrScrEv
                0x00084b74       0x9c C:\Users\emili\AppData\Local\Temp\VMBuilds\Calculator\arduino_due_x_dbg\Release\UTFT\UTFT.cpp.o
                0x00084b74                UTFT::clrScr()
 .text._ZN4UTFT8setColorEhhh
                0x00084c10       0x18 C:\Users\emili\AppData\Local\Temp\VMBuilds\Calculator\arduino_due_x_dbg\Release\UTFT\UTFT.cpp.o
                0x00084c10                UTFT::setColor(unsigned char, unsigned char, unsigned char)
 .text._ZN4UTFT12setBackColorEhhh
                0x00084c28       0x1e C:\Users\emili\AppData\Local\Temp\VMBuilds\Calculator\arduino_due_x_dbg\Release\UTFT\UTFT.cpp.o
                0x00084c28                UTFT::setBackColor(unsigned char, unsigned char, unsigned char)
 .text._ZN4UTFT8setPixelEj
                0x00084c46        0xc C:\Users\emili\AppData\Local\Temp\VMBuilds\Calculator\arduino_due_x_dbg\Release\UTFT\UTFT.cpp.o
                0x00084c46                UTFT::setPixel(unsigned int)
 .text._ZN4UTFT9drawPixelEii
                0x00084c52       0x3c C:\Users\emili\AppData\Local\Temp\VMBuilds\Calculator\arduino_due_x_dbg\Release\UTFT\UTFT.cpp.o
                0x00084c52                UTFT::drawPixel(int, int)
 .text._ZN4UTFT9drawHLineEiii
                0x00084c8e       0x8e C:\Users\emili\AppData\Local\Temp\VMBuilds\Calculator\arduino_due_x_dbg\Release\UTFT\UTFT.cpp.o
                0x00084c8e                UTFT::drawHLine(int, int, int)
 .text._ZN4UTFT9drawVLineEiii
                0x00084d1c       0x90 C:\Users\emili\AppData\Local\Temp\VMBuilds\Calculator\arduino_due_x_dbg\Release\UTFT\UTFT.cpp.o
                0x00084d1c                UTFT::drawVLine(int, int, int)
 .text._ZN4UTFT8drawRectEiiii
                0x00084dac       0x5a C:\Users\emili\AppData\Local\Temp\VMBuilds\Calculator\arduino_due_x_dbg\Release\UTFT\UTFT.cpp.o
                0x00084dac                UTFT::drawRect(int, int, int, int)
 .text._ZN4UTFT8fillRectEiiii
                0x00084e06      0x12a C:\Users\emili\AppData\Local\Temp\VMBuilds\Calculator\arduino_due_x_dbg\Release\UTFT\UTFT.cpp.o
                0x00084e06                UTFT::fillRect(int, int, int, int)
 .text._ZN4UTFT9printCharEhii
                0x00084f30      0x1d0 C:\Users\emili\AppData\Local\Temp\VMBuilds\Calculator\arduino_due_x_dbg\Release\UTFT\UTFT.cpp.o
                0x00084f30                UTFT::printChar(unsigned char, int, int)
 .text._ZN4UTFT10rotateCharEhiiii
                0x00085100      0x1b0 C:\Users\emili\AppData\Local\Temp\VMBuilds\Calculator\arduino_due_x_dbg\Release\UTFT\UTFT.cpp.o
                0x00085100                UTFT::rotateChar(unsigned char, int, int, int, int)
 .text._ZN4UTFT5printEPciii
                0x000852b0       0xac C:\Users\emili\AppData\Local\Temp\VMBuilds\Calculator\arduino_due_x_dbg\Release\UTFT\UTFT.cpp.o
                0x000852b0                UTFT::print(char*, int, int, int)
 .text._ZN4UTFT5printE6Stringiii
                0x0008535c       0x40 C:\Users\emili\AppData\Local\Temp\VMBuilds\Calculator\arduino_due_x_dbg\Release\UTFT\UTFT.cpp.o
                0x0008535c                UTFT::print(String, int, int, int)
 .text._ZN4UTFT7setFontEPh
                0x0008539c       0x1c C:\Users\emili\AppData\Local\Temp\VMBuilds\Calculator\arduino_due_x_dbg\Release\UTFT\UTFT.cpp.o
                0x0008539c                UTFT::setFont(unsigned char*)
 .text._Z10initKeypadv
                0x000853b8       0x18 C:\Users\emili\AppData\Local\Temp\VMBuilds\Calculator\arduino_due_x_dbg\Release\io\keypad.cpp.o
                0x000853b8                initKeypad()
 .text._Z12getKeyStatesv
                0x000853d0        0x8 C:\Users\emili\AppData\Local\Temp\VMBuilds\Calculator\arduino_due_x_dbg\Release\io\keypad.cpp.o
                0x000853d0                getKeyStates()
 .text._Z12isKeyPressedh
                0x000853d8       0x10 C:\Users\emili\AppData\Local\Temp\VMBuilds\Calculator\arduino_due_x_dbg\Release\io\keypad.cpp.o
                0x000853d8                isKeyPressed(unsigned char)
 .text._Z14keyToCharacterh
                0x000853e8       0x28 C:\Users\emili\AppData\Local\Temp\VMBuilds\Calculator\arduino_due_x_dbg\Release\io\keypad.cpp.o
                0x000853e8                keyToCharacter(unsigned char)
 .text._Z12absorbEventsv
                0x00085410       0x1c C:\Users\emili\AppData\Local\Temp\VMBuilds\Calculator\arduino_due_x_dbg\Release\io\keypad.cpp.o
                0x00085410                absorbEvents()
 .text._Z13isShiftActivev
                0x0008542c        0xc C:\Users\emili\AppData\Local\Temp\VMBuilds\Calculator\arduino_due_x_dbg\Release\io\keypad.cpp.o
                0x0008542c                isShiftActive()
 .text._Z13isAlphaActivev
                0x00085438       0x14 C:\Users\emili\AppData\Local\Temp\VMBuilds\Calculator\arduino_due_x_dbg\Release\io\keypad.cpp.o
                0x00085438                isAlphaActive()
 .text._Z8scanKeysv
                0x0008544c       0xb4 C:\Users\emili\AppData\Local\Temp\VMBuilds\Calculator\arduino_due_x_dbg\Release\io\keypad.cpp.o
                0x0008544c                scanKeys()
 .text.startup._GLOBAL__sub_I_screen
                0x00085500       0x24 C:\Users\emili\AppData\Local\Temp\VMBuilds\Calculator\arduino_due_x_dbg\Release\io\screen.cpp.o
 .text._ZN5Graph14_drawCrosshairEv
                0x00085524      0x18c C:\Users\emili\AppData\Local\Temp\VMBuilds\Calculator\arduino_due_x_dbg\Release\math\graph.cpp.o
                0x00085524                Graph::_drawCrosshair()
 .text._ZN5Graph13_drawFunctionEv
                0x000856b0      0x128 C:\Users\emili\AppData\Local\Temp\VMBuilds\Calculator\arduino_due_x_dbg\Release\math\graph.cpp.o
                0x000856b0                Graph::_drawFunction()
 .text._ZN5Graph4drawEv
                0x000857d8       0x60 C:\Users\emili\AppData\Local\Temp\VMBuilds\Calculator\arduino_due_x_dbg\Release\math\graph.cpp.o
                0x000857d8                Graph::draw()
 .text._ZN5Graph11setFunctionE6String
                0x00085838        0x6 C:\Users\emili\AppData\Local\Temp\VMBuilds\Calculator\arduino_due_x_dbg\Release\math\graph.cpp.o
                0x00085838                Graph::setFunction(String)
 .text._ZNK6String9substringEj
                0x0008583e        0xe C:\Users\emili\AppData\Local\Temp\VMBuilds\Calculator\arduino_due_x_dbg\Release\math\parser.cpp.o
                0x0008583e                String::substring(unsigned int) const
 .text._Z4rootdd
                0x0008584c       0x2c C:\Users\emili\AppData\Local\Temp\VMBuilds\Calculator\arduino_due_x_dbg\Release\math\parser.cpp.o
                0x0008584c                root(double, double)
 .text._Z5parse6Stringd
                0x00085878      0xf50 C:\Users\emili\AppData\Local\Temp\VMBuilds\Calculator\arduino_due_x_dbg\Release\math\parser.cpp.o
                0x00085878                parse(String, double)
 .text._ZN7Control7getRectEv
                0x000867c8        0x2 C:\Users\emili\AppData\Local\Temp\VMBuilds\Calculator\arduino_due_x_dbg\Release\ui\control.cpp.o
                0x000867c8                Control::getRect()
 .text._ZN7Control10setFocusedEb
                0x000867ca        0x4 C:\Users\emili\AppData\Local\Temp\VMBuilds\Calculator\arduino_due_x_dbg\Release\ui\control.cpp.o
                0x000867ca                Control::setFocused(bool)
 .text._ZN5Label6updateEv
                0x000867ce        0x2 C:\Users\emili\AppData\Local\Temp\VMBuilds\Calculator\arduino_due_x_dbg\Release\ui\label.cpp.o
                0x000867ce                Label::update()
 .text._ZN5Label4drawEv
                0x000867d0      0x130 C:\Users\emili\AppData\Local\Temp\VMBuilds\Calculator\arduino_due_x_dbg\Release\ui\label.cpp.o
                0x000867d0                Label::draw()
 .text._ZN5Label7setTextE6String
                0x00086900        0x6 C:\Users\emili\AppData\Local\Temp\VMBuilds\Calculator\arduino_due_x_dbg\Release\ui\label.cpp.o
                0x00086900                Label::setText(String)
 .text._ZN5Label7getTextEv
                0x00086906        0xe C:\Users\emili\AppData\Local\Temp\VMBuilds\Calculator\arduino_due_x_dbg\Release\ui\label.cpp.o
                0x00086906                Label::getText()
 .text._ZN5Label12setAlignmentEh
                0x00086914        0x6 C:\Users\emili\AppData\Local\Temp\VMBuilds\Calculator\arduino_due_x_dbg\Release\ui\label.cpp.o
                0x00086914                Label::setAlignment(unsigned char)
 .text._ZN5Table6updateEv
                0x0008691a       0xde C:\Users\emili\AppData\Local\Temp\VMBuilds\Calculator\arduino_due_x_dbg\Release\ui\table.cpp.o
                0x0008691a                Table::update()
 .text._ZN5Table4drawEv
                0x000869f8       0x1a C:\Users\emili\AppData\Local\Temp\VMBuilds\Calculator\arduino_due_x_dbg\Release\ui\table.cpp.o
                0x000869f8                Table::draw()
 *fill*         0x00086a12        0x2 
 .text._ZN9TextField6updateEv
                0x00086a14      0x17c C:\Users\emili\AppData\Local\Temp\VMBuilds\Calculator\arduino_due_x_dbg\Release\ui\textfield.cpp.o
                0x00086a14                TextField::update()
 .text._ZN9TextField4drawEv
                0x00086b90       0x6c C:\Users\emili\AppData\Local\Temp\VMBuilds\Calculator\arduino_due_x_dbg\Release\ui\textfield.cpp.o
                0x00086b90                TextField::draw()
 .text._ZN9TextField9setCursorEh
                0x00086bfc        0x4 C:\Users\emili\AppData\Local\Temp\VMBuilds\Calculator\arduino_due_x_dbg\Release\ui\textfield.cpp.o
                0x00086bfc                TextField::setCursor(unsigned char)
 .text._ZN9TextField9getCursorEv
                0x00086c00        0x6 C:\Users\emili\AppData\Local\Temp\VMBuilds\Calculator\arduino_due_x_dbg\Release\ui\textfield.cpp.o
                0x00086c00                TextField::getCursor()
 .text._Z11serialEventv
                0x00086c06        0x2 C:\Users\emili\AppData\Local\Temp\VMBuilds\Calculator\arduino_due_x_dbg\Release\variant\variant.cpp.o
                0x00086c06                serialEvent()
 .text.UART_Handler
                0x00086c08        0xc C:\Users\emili\AppData\Local\Temp\VMBuilds\Calculator\arduino_due_x_dbg\Release\variant\variant.cpp.o
                0x00086c08                UART_Handler
 .text._Z12serialEvent1v
                0x00086c14        0x2 C:\Users\emili\AppData\Local\Temp\VMBuilds\Calculator\arduino_due_x_dbg\Release\variant\variant.cpp.o
                0x00086c14                serialEvent1()
 .text._Z12serialEvent2v
                0x00086c16        0x2 C:\Users\emili\AppData\Local\Temp\VMBuilds\Calculator\arduino_due_x_dbg\Release\variant\variant.cpp.o
                0x00086c16                serialEvent2()
 .text._Z12serialEvent3v
                0x00086c18        0x2 C:\Users\emili\AppData\Local\Temp\VMBuilds\Calculator\arduino_due_x_dbg\Release\variant\variant.cpp.o
                0x00086c18                serialEvent3()
 *fill*         0x00086c1a        0x2 
 .text.USART0_Handler
                0x00086c1c        0xc C:\Users\emili\AppData\Local\Temp\VMBuilds\Calculator\arduino_due_x_dbg\Release\variant\variant.cpp.o
                0x00086c1c                USART0_Handler
 .text.USART1_Handler
                0x00086c28        0xc C:\Users\emili\AppData\Local\Temp\VMBuilds\Calculator\arduino_due_x_dbg\Release\variant\variant.cpp.o
                0x00086c28                USART1_Handler
 .text.USART3_Handler
                0x00086c34        0xc C:\Users\emili\AppData\Local\Temp\VMBuilds\Calculator\arduino_due_x_dbg\Release\variant\variant.cpp.o
                0x00086c34                USART3_Handler
 .text.init     0x00086c40      0x128 C:\Users\emili\AppData\Local\Temp\VMBuilds\Calculator\arduino_due_x_dbg\Release\variant\variant.cpp.o
                0x00086c40                init
 .text.startup._GLOBAL__sub_I_g_APinDescription
                0x00086d68       0xd4 C:\Users\emili\AppData\Local\Temp\VMBuilds\Calculator\arduino_due_x_dbg\Release\variant\variant.cpp.o
 .text._Z14serialEventRunv
                0x00086e3c       0x44 C:\Users\emili\AppData\Local\Temp\VMBuilds\Calculator\arduino_due_x_dbg\Release\variant\variant.cpp.o
                0x00086e3c                serialEventRun()
 .text.PIO_PullUp
                0x00086e80        0xa C:\Users\emili\AppData\Local\arduino15\packages\arduino\hardware\sam\1.6.11\variants\arduino_due_x/libsam_sam3x8e_gcc_rel.a(pio.o)
                0x00086e80                PIO_PullUp
 .text.PIO_SetPeripheral
                0x00086e8a       0x26 C:\Users\emili\AppData\Local\arduino15\packages\arduino\hardware\sam\1.6.11\variants\arduino_due_x/libsam_sam3x8e_gcc_rel.a(pio.o)
                0x00086e8a                PIO_SetPeripheral
 .text.PIO_SetInput
                0x00086eb0       0x26 C:\Users\emili\AppData\Local\arduino15\packages\arduino\hardware\sam\1.6.11\variants\arduino_due_x/libsam_sam3x8e_gcc_rel.a(pio.o)
                0x00086eb0                PIO_SetInput
 .text.PIO_SetOutput
                0x00086ed6       0x24 C:\Users\emili\AppData\Local\arduino15\packages\arduino\hardware\sam\1.6.11\variants\arduino_due_x/libsam_sam3x8e_gcc_rel.a(pio.o)
                0x00086ed6                PIO_SetOutput
 *fill*         0x00086efa        0x2 
 .text.PIO_Configure
                0x00086efc       0x64 C:\Users\emili\AppData\Local\arduino15\packages\arduino\hardware\sam\1.6.11\variants\arduino_due_x/libsam_sam3x8e_gcc_rel.a(pio.o)
                0x00086efc                PIO_Configure
 .text.PIO_GetOutputDataStatus
                0x00086f60       0x14 C:\Users\emili\AppData\Local\arduino15\packages\arduino\hardware\sam\1.6.11\variants\arduino_due_x/libsam_sam3x8e_gcc_rel.a(pio.o)
                0x00086f60                PIO_GetOutputDataStatus
 .text.pmc_enable_upll_clock
                0x00086f74       0x14 C:\Users\emili\AppData\Local\arduino15\packages\arduino\hardware\sam\1.6.11\variants\arduino_due_x/libsam_sam3x8e_gcc_rel.a(pmc.o)
                0x00086f74                pmc_enable_upll_clock
 .text.pmc_enable_periph_clk
                0x00086f88       0x44 C:\Users\emili\AppData\Local\arduino15\packages\arduino\hardware\sam\1.6.11\variants\arduino_due_x/libsam_sam3x8e_gcc_rel.a(pmc.o)
                0x00086f88                pmc_enable_periph_clk
 .text.pmc_disable_periph_clk
                0x00086fcc       0x40 C:\Users\emili\AppData\Local\arduino15\packages\arduino\hardware\sam\1.6.11\variants\arduino_due_x/libsam_sam3x8e_gcc_rel.a(pmc.o)
                0x00086fcc                pmc_disable_periph_clk
 .text.pmc_switch_udpck_to_upllck
                0x0008700c       0x14 C:\Users\emili\AppData\Local\arduino15\packages\arduino\hardware\sam\1.6.11\variants\arduino_due_x/libsam_sam3x8e_gcc_rel.a(pmc.o)
                0x0008700c                pmc_switch_udpck_to_upllck
 .text.pmc_enable_udpck
                0x00087020        0xc C:\Users\emili\AppData\Local\arduino15\packages\arduino\hardware\sam\1.6.11\variants\arduino_due_x/libsam_sam3x8e_gcc_rel.a(pmc.o)
                0x00087020                pmc_enable_udpck
 .text.TWI_SetClock
                0x0008702c       0x58 C:\Users\emili\AppData\Local\arduino15\packages\arduino\hardware\sam\1.6.11\variants\arduino_due_x/libsam_sam3x8e_gcc_rel.a(twi.o)
                0x0008702c                TWI_SetClock
 .text.TWI_Disable
                0x00087084       0x2c C:\Users\emili\AppData\Local\arduino15\packages\arduino\hardware\sam\1.6.11\variants\arduino_due_x/libsam_sam3x8e_gcc_rel.a(twi.o)
                0x00087084                TWI_Disable
 .text.TWI_ConfigureMaster
                0x000870b0       0x48 C:\Users\emili\AppData\Local\arduino15\packages\arduino\hardware\sam\1.6.11\variants\arduino_due_x/libsam_sam3x8e_gcc_rel.a(twi.o)
                0x000870b0                TWI_ConfigureMaster
 .text.TWI_Stop
                0x000870f8       0x28 C:\Users\emili\AppData\Local\arduino15\packages\arduino\hardware\sam\1.6.11\variants\arduino_due_x/libsam_sam3x8e_gcc_rel.a(twi.o)
                0x000870f8                TWI_Stop
 .text.TWI_StartRead
                0x00087120       0x70 C:\Users\emili\AppData\Local\arduino15\packages\arduino\hardware\sam\1.6.11\variants\arduino_due_x/libsam_sam3x8e_gcc_rel.a(twi.o)
                0x00087120                TWI_StartRead
 .text.TWI_ReadByte
                0x00087190       0x28 C:\Users\emili\AppData\Local\arduino15\packages\arduino\hardware\sam\1.6.11\variants\arduino_due_x/libsam_sam3x8e_gcc_rel.a(twi.o)
                0x00087190                TWI_ReadByte
 .text.TWI_WriteByte
                0x000871b8       0x24 C:\Users\emili\AppData\Local\arduino15\packages\arduino\hardware\sam\1.6.11\variants\arduino_due_x/libsam_sam3x8e_gcc_rel.a(twi.o)
                0x000871b8                TWI_WriteByte
 .text.TWI_StartWrite
                0x000871dc       0x7c C:\Users\emili\AppData\Local\arduino15\packages\arduino\hardware\sam\1.6.11\variants\arduino_due_x/libsam_sam3x8e_gcc_rel.a(twi.o)
                0x000871dc                TWI_StartWrite
 .text.TWI_EnableIt
                0x00087258       0x40 C:\Users\emili\AppData\Local\arduino15\packages\arduino\hardware\sam\1.6.11\variants\arduino_due_x/libsam_sam3x8e_gcc_rel.a(twi.o)
                0x00087258                TWI_EnableIt
 .text.TWI_DisableIt
                0x00087298       0x40 C:\Users\emili\AppData\Local\arduino15\packages\arduino\hardware\sam\1.6.11\variants\arduino_due_x/libsam_sam3x8e_gcc_rel.a(twi.o)
                0x00087298                TWI_DisableIt
 .text.TWI_GetStatus
                0x000872d8       0x28 C:\Users\emili\AppData\Local\arduino15\packages\arduino\hardware\sam\1.6.11\variants\arduino_due_x/libsam_sam3x8e_gcc_rel.a(twi.o)
                0x000872d8                TWI_GetStatus
 .text.TWI_SendSTOPCondition
                0x00087300       0x2c C:\Users\emili\AppData\Local\arduino15\packages\arduino\hardware\sam\1.6.11\variants\arduino_due_x/libsam_sam3x8e_gcc_rel.a(twi.o)
                0x00087300                TWI_SendSTOPCondition
 .text.SystemInit
                0x0008732c       0x88 C:\Users\emili\AppData\Local\arduino15\packages\arduino\hardware\sam\1.6.11\variants\arduino_due_x/libsam_sam3x8e_gcc_rel.a(system_sam3xa.o)
                0x0008732c                SystemInit
 .text.Reset_Handler
                0x000873b4       0x78 C:\Users\emili\AppData\Local\arduino15\packages\arduino\hardware\sam\1.6.11\variants\arduino_due_x/libsam_sam3x8e_gcc_rel.a(startup_sam3xa.o)
                0x000873b4                Reset_Handler
 .text.adc_init
                0x0008742c       0x98 C:\Users\emili\AppData\Local\arduino15\packages\arduino\hardware\sam\1.6.11\variants\arduino_due_x/libsam_sam3x8e_gcc_rel.a(adc.o)
                0x0008742c                adc_init
 .text.adc_configure_trigger
                0x000874c4        0xe C:\Users\emili\AppData\Local\arduino15\packages\arduino\hardware\sam\1.6.11\variants\arduino_due_x/libsam_sam3x8e_gcc_rel.a(adc.o)
                0x000874c4                adc_configure_trigger
 .text.adc_configure_timing
                0x000874d2       0x1a C:\Users\emili\AppData\Local\arduino15\packages\arduino\hardware\sam\1.6.11\variants\arduino_due_x/libsam_sam3x8e_gcc_rel.a(adc.o)
                0x000874d2                adc_configure_timing
 .text.adc_disable_channel
                0x000874ec        0xa C:\Users\emili\AppData\Local\arduino15\packages\arduino\hardware\sam\1.6.11\variants\arduino_due_x/libsam_sam3x8e_gcc_rel.a(adc.o)
                0x000874ec                adc_disable_channel
 .text.adc_disable_all_channel
                0x000874f6        0x8 C:\Users\emili\AppData\Local\arduino15\packages\arduino\hardware\sam\1.6.11\variants\arduino_due_x/libsam_sam3x8e_gcc_rel.a(adc.o)
                0x000874f6                adc_disable_all_channel
 .text.adc_disable_interrupt
                0x000874fe        0x4 C:\Users\emili\AppData\Local\arduino15\packages\arduino\hardware\sam\1.6.11\variants\arduino_due_x/libsam_sam3x8e_gcc_rel.a(adc.o)
                0x000874fe                adc_disable_interrupt
 *fill*         0x00087502        0x2 
 .text.UOTGHS_Handler
                0x00087504       0x10 C:\Users\emili\AppData\Local\arduino15\packages\arduino\hardware\sam\1.6.11\variants\arduino_due_x/libsam_sam3x8e_gcc_rel.a(uotghs.o)
                0x00087504                UOTGHS_Handler
 .text.__halt   0x00087514        0x2 C:\Users\emili\AppData\Local\Temp\VMBuilds\Calculator\arduino_due_x_dbg\Release/core.a(cortex_handlers.c.o)
                0x00087514                DACC_Handler
                0x00087514                DebugMon_Handler
                0x00087514                DMAC_Handler
                0x00087514                TRNG_Handler
                0x00087514                HardFault_Handler
                0x00087514                TC2_Handler
                0x00087514                NMI_Handler
                0x00087514                TC7_Handler
                0x00087514                ADC_Handler
                0x00087514                SMC_Handler
                0x00087514                RTT_Handler
                0x00087514                EFC1_Handler
                0x00087514                PIOB_Handler
                0x00087514                RTC_Handler
                0x00087514                UsageFault_Handler
                0x00087514                TC6_Handler
                0x00087514                WDT_Handler
                0x00087514                CAN0_Handler
                0x00087514                TC4_Handler
                0x00087514                TC1_Handler
                0x00087514                HSMCI_Handler
                0x00087514                TC3_Handler
                0x00087514                PIOA_Handler
                0x00087514                SSC_Handler
                0x00087514                EFC0_Handler
                0x00087514                PMC_Handler
                0x00087514                PWM_Handler
                0x00087514                CAN1_Handler
                0x00087514                MemManage_Handler
                0x00087514                SUPC_Handler
                0x00087514                TC8_Handler
                0x00087514                USART2_Handler
                0x00087514                PIOD_Handler
                0x00087514                EMAC_Handler
                0x00087514                PIOC_Handler
                0x00087514                BusFault_Handler
                0x00087514                RSTC_Handler
                0x00087514                TC0_Handler
                0x00087514                TC5_Handler
                0x00087514                SPI0_Handler
 .text.SVC_Handler
                0x00087516        0x4 C:\Users\emili\AppData\Local\Temp\VMBuilds\Calculator\arduino_due_x_dbg\Release/core.a(cortex_handlers.c.o)
                0x00087516                SVC_Handler
 .text.PendSV_Handler
                0x0008751a        0x4 C:\Users\emili\AppData\Local\Temp\VMBuilds\Calculator\arduino_due_x_dbg\Release/core.a(cortex_handlers.c.o)
                0x0008751a                PendSV_Handler
 .text.SysTick_Handler
                0x0008751e       0x16 C:\Users\emili\AppData\Local\Temp\VMBuilds\Calculator\arduino_due_x_dbg\Release/core.a(cortex_handlers.c.o)
                0x0008751e                SysTick_Handler
 .text.__empty  0x00087534        0x2 C:\Users\emili\AppData\Local\Temp\VMBuilds\Calculator\arduino_due_x_dbg\Release/core.a(hooks.c.o)
                0x00087534                yield
 .text.__false  0x00087536        0x4 C:\Users\emili\AppData\Local\Temp\VMBuilds\Calculator\arduino_due_x_dbg\Release/core.a(hooks.c.o)
                0x00087536                sysTickHook
 .text.__halt   0x0008753a        0x2 C:\Users\emili\AppData\Local\Temp\VMBuilds\Calculator\arduino_due_x_dbg\Release/core.a(hooks.c.o)
                0x0008753a                svcHook
                0x0008753a                pendSVHook
 .text._sbrk    0x0008753c       0x1c C:\Users\emili\AppData\Local\Temp\VMBuilds\Calculator\arduino_due_x_dbg\Release/core.a(syscalls_sam3.c.o)
                0x0008753c                _sbrk
 .text.link     0x00087558        0x6 C:\Users\emili\AppData\Local\Temp\VMBuilds\Calculator\arduino_due_x_dbg\Release/core.a(syscalls_sam3.c.o)
                0x00087558                link
 .text._close   0x0008755e        0x6 C:\Users\emili\AppData\Local\Temp\VMBuilds\Calculator\arduino_due_x_dbg\Release/core.a(syscalls_sam3.c.o)
                0x0008755e                _close
 .text._fstat   0x00087564        0xa C:\Users\emili\AppData\Local\Temp\VMBuilds\Calculator\arduino_due_x_dbg\Release/core.a(syscalls_sam3.c.o)
                0x00087564                _fstat
 .text._isatty  0x0008756e        0x4 C:\Users\emili\AppData\Local\Temp\VMBuilds\Calculator\arduino_due_x_dbg\Release/core.a(syscalls_sam3.c.o)
                0x0008756e                _isatty
 .text._lseek   0x00087572        0x4 C:\Users\emili\AppData\Local\Temp\VMBuilds\Calculator\arduino_due_x_dbg\Release/core.a(syscalls_sam3.c.o)
                0x00087572                _lseek
 .text._read    0x00087576        0x4 C:\Users\emili\AppData\Local\Temp\VMBuilds\Calculator\arduino_due_x_dbg\Release/core.a(syscalls_sam3.c.o)
                0x00087576                _read
 *fill*         0x0008757a        0x2 
 .text._write   0x0008757c       0x24 C:\Users\emili\AppData\Local\Temp\VMBuilds\Calculator\arduino_due_x_dbg\Release/core.a(syscalls_sam3.c.o)
                0x0008757c                _write
 .text._exit    0x000875a0       0x10 C:\Users\emili\AppData\Local\Temp\VMBuilds\Calculator\arduino_due_x_dbg\Release/core.a(syscalls_sam3.c.o)
                0x000875a0                _exit
 .text._kill    0x000875b0        0x2 C:\Users\emili\AppData\Local\Temp\VMBuilds\Calculator\arduino_due_x_dbg\Release/core.a(syscalls_sam3.c.o)
                0x000875b0                _kill
 .text._getpid  0x000875b2        0x6 C:\Users\emili\AppData\Local\Temp\VMBuilds\Calculator\arduino_due_x_dbg\Release/core.a(syscalls_sam3.c.o)
                0x000875b2                _getpid
 .text.millis   0x000875b8        0x4 C:\Users\emili\AppData\Local\Temp\VMBuilds\Calculator\arduino_due_x_dbg\Release/core.a(wiring.c.o)
                0x000875b8                millis
 .text.delay    0x000875bc       0x1c C:\Users\emili\AppData\Local\Temp\VMBuilds\Calculator\arduino_due_x_dbg\Release/core.a(wiring.c.o)
                0x000875bc                delay
 .text.analogOutputInit
                0x000875d8        0x2 C:\Users\emili\AppData\Local\Temp\VMBuilds\Calculator\arduino_due_x_dbg\Release/core.a(wiring_analog.c.o)
                0x000875d8                analogOutputInit
 *fill*         0x000875da        0x2 
 .text.pinMode  0x000875dc      0x108 C:\Users\emili\AppData\Local\Temp\VMBuilds\Calculator\arduino_due_x_dbg\Release/core.a(wiring_digital.c.o)
                0x000875dc                pinMode
 .text.digitalWrite
                0x000876e4       0x70 C:\Users\emili\AppData\Local\Temp\VMBuilds\Calculator\arduino_due_x_dbg\Release/core.a(wiring_digital.c.o)
                0x000876e4                digitalWrite
 .text.initVariant
                0x00087754        0x2 C:\Users\emili\AppData\Local\Temp\VMBuilds\Calculator\arduino_due_x_dbg\Release/core.a(main.cpp.o)
                0x00087754                initVariant
 *fill*         0x00087756        0x2 
 .text.startup.main
                0x00087758       0x38 C:\Users\emili\AppData\Local\Temp\VMBuilds\Calculator\arduino_due_x_dbg\Release/core.a(main.cpp.o)
                0x00087758                main
 .text._ZN5Print5writeEPKhj
                0x00087790       0x22 C:\Users\emili\AppData\Local\Temp\VMBuilds\Calculator\arduino_due_x_dbg\Release/core.a(Print.cpp.o)
                0x00087790                Print::write(unsigned char const*, unsigned int)
 *fill*         0x000877b2        0x2 
 .text.initiateReset
                0x000877b4        0xc C:\Users\emili\AppData\Local\Temp\VMBuilds\Calculator\arduino_due_x_dbg\Release/core.a(Reset.cpp.o)
                0x000877b4                initiateReset
 .text.cancelReset
                0x000877c0       0x10 C:\Users\emili\AppData\Local\Temp\VMBuilds\Calculator\arduino_due_x_dbg\Release/core.a(Reset.cpp.o)
                0x000877c0                cancelReset
 .text.tickReset
                0x000877d0       0x20 C:\Users\emili\AppData\Local\Temp\VMBuilds\Calculator\arduino_due_x_dbg\Release/core.a(Reset.cpp.o)
                0x000877d0                tickReset
 .text._ZN10RingBufferC2Ev
                0x000877f0       0x1a C:\Users\emili\AppData\Local\Temp\VMBuilds\Calculator\arduino_due_x_dbg\Release/core.a(RingBuffer.cpp.o)
                0x000877f0                RingBuffer::RingBuffer()
                0x000877f0                RingBuffer::RingBuffer()
 .text._ZN10RingBuffer10store_charEh
                0x0008780a       0x1e C:\Users\emili\AppData\Local\Temp\VMBuilds\Calculator\arduino_due_x_dbg\Release/core.a(RingBuffer.cpp.o)
                0x0008780a                RingBuffer::store_char(unsigned char)
 .text._ZN9UARTClasscvbEv
                0x00087828        0x4 C:\Users\emili\AppData\Local\Temp\VMBuilds\Calculator\arduino_due_x_dbg\Release/core.a(UARTClass.cpp.o)
                0x00087828                UARTClass::operator bool()
 .text._ZN9UARTClass9availableEv
                0x0008782c       0x12 C:\Users\emili\AppData\Local\Temp\VMBuilds\Calculator\arduino_due_x_dbg\Release/core.a(UARTClass.cpp.o)
                0x0008782c                UARTClass::available()
 .text._ZN9UARTClass4peekEv
                0x0008783e       0x1c C:\Users\emili\AppData\Local\Temp\VMBuilds\Calculator\arduino_due_x_dbg\Release/core.a(UARTClass.cpp.o)
                0x0008783e                UARTClass::peek()
 .text._ZN9UARTClass4readEv
                0x0008785a       0x2a C:\Users\emili\AppData\Local\Temp\VMBuilds\Calculator\arduino_due_x_dbg\Release/core.a(UARTClass.cpp.o)
                0x0008785a                UARTClass::read()
 .text._ZN9UARTClass5flushEv
                0x00087884       0x18 C:\Users\emili\AppData\Local\Temp\VMBuilds\Calculator\arduino_due_x_dbg\Release/core.a(UARTClass.cpp.o)
                0x00087884                UARTClass::flush()
 .text._ZN9UARTClass5writeEh
                0x0008789c       0x54 C:\Users\emili\AppData\Local\Temp\VMBuilds\Calculator\arduino_due_x_dbg\Release/core.a(UARTClass.cpp.o)
                0x0008789c                UARTClass::write(unsigned char)
 .text._ZN9UARTClass3endEv
                0x000878f0       0x3c C:\Users\emili\AppData\Local\Temp\VMBuilds\Calculator\arduino_due_x_dbg\Release/core.a(UARTClass.cpp.o)
                0x000878f0                UARTClass::end()
 .text._ZN9UARTClassC2EP4Uart4IRQnmP10RingBufferS4_
                0x0008792c       0x24 C:\Users\emili\AppData\Local\Temp\VMBuilds\Calculator\arduino_due_x_dbg\Release/core.a(UARTClass.cpp.o)
                0x0008792c                UARTClass::UARTClass(Uart*, IRQn, unsigned long, RingBuffer*, RingBuffer*)
                0x0008792c                UARTClass::UARTClass(Uart*, IRQn, unsigned long, RingBuffer*, RingBuffer*)
 .text._ZN9UARTClass4initEmm
                0x00087950       0x70 C:\Users\emili\AppData\Local\Temp\VMBuilds\Calculator\arduino_due_x_dbg\Release/core.a(UARTClass.cpp.o)
                0x00087950                UARTClass::init(unsigned long, unsigned long)
 .text._ZN9UARTClass5beginEm
                0x000879c0        0x8 C:\Users\emili\AppData\Local\Temp\VMBuilds\Calculator\arduino_due_x_dbg\Release/core.a(UARTClass.cpp.o)
                0x000879c0                UARTClass::begin(unsigned long)
 .text._ZN9UARTClass10IrqHandlerEv
                0x000879c8       0x5a C:\Users\emili\AppData\Local\Temp\VMBuilds\Calculator\arduino_due_x_dbg\Release/core.a(UARTClass.cpp.o)
                0x000879c8                UARTClass::IrqHandler()
 .text._ZN10USARTClass5beginEm
                0x00087a22        0x8 C:\Users\emili\AppData\Local\Temp\VMBuilds\Calculator\arduino_due_x_dbg\Release/core.a(USARTClass.cpp.o)
                0x00087a22                USARTClass::begin(unsigned long)
 *fill*         0x00087a2a        0x2 
 .text._ZN10USARTClassC2EP5Usart4IRQnmP10RingBufferS4_
                0x00087a2c       0x24 C:\Users\emili\AppData\Local\Temp\VMBuilds\Calculator\arduino_due_x_dbg\Release/core.a(USARTClass.cpp.o)
                0x00087a2c                USARTClass::USARTClass(Usart*, IRQn, unsigned long, RingBuffer*, RingBuffer*)
                0x00087a2c                USARTClass::USARTClass(Usart*, IRQn, unsigned long, RingBuffer*, RingBuffer*)
 .text._watchdogDefaultSetup
                0x00087a50        0xc C:\Users\emili\AppData\Local\Temp\VMBuilds\Calculator\arduino_due_x_dbg\Release/core.a(watchdog.cpp.o)
                0x00087a50                _watchdogDefaultSetup
                0x00087a50                watchdogSetup()
 .text._ZNK6String14StringIfHelperEv
                0x00087a5c        0x2 C:\Users\emili\AppData\Local\Temp\VMBuilds\Calculator\arduino_due_x_dbg\Release/core.a(WString.cpp.o)
                0x00087a5c                String::StringIfHelper() const
 .text._ZN6StringD2Ev
                0x00087a5e        0xe C:\Users\emili\AppData\Local\Temp\VMBuilds\Calculator\arduino_due_x_dbg\Release/core.a(WString.cpp.o)
                0x00087a5e                String::~String()
                0x00087a5e                String::~String()
 .text._ZN6String10invalidateEv
                0x00087a6c       0x16 C:\Users\emili\AppData\Local\Temp\VMBuilds\Calculator\arduino_due_x_dbg\Release/core.a(WString.cpp.o)
                0x00087a6c                String::invalidate()
 .text._ZN6String12changeBufferEj
                0x00087a82       0x18 C:\Users\emili\AppData\Local\Temp\VMBuilds\Calculator\arduino_due_x_dbg\Release/core.a(WString.cpp.o)
                0x00087a82                String::changeBuffer(unsigned int)
 .text._ZN6String7reserveEj
                0x00087a9a       0x22 C:\Users\emili\AppData\Local\Temp\VMBuilds\Calculator\arduino_due_x_dbg\Release/core.a(WString.cpp.o)
                0x00087a9a                String::reserve(unsigned int)
 .text._ZN6String4copyEPKcj
                0x00087abc       0x26 C:\Users\emili\AppData\Local\Temp\VMBuilds\Calculator\arduino_due_x_dbg\Release/core.a(WString.cpp.o)
                0x00087abc                String::copy(char const*, unsigned int)
 .text._ZN6StringC2EPKc
                0x00087ae2       0x24 C:\Users\emili\AppData\Local\Temp\VMBuilds\Calculator\arduino_due_x_dbg\Release/core.a(WString.cpp.o)
                0x00087ae2                String::String(char const*)
                0x00087ae2                String::String(char const*)
 *fill*         0x00087b06        0x2 
 .text._ZN6String4moveERS_
                0x00087b08       0x44 C:\Users\emili\AppData\Local\Temp\VMBuilds\Calculator\arduino_due_x_dbg\Release/core.a(WString.cpp.o)
                0x00087b08                String::move(String&)
 .text._ZN6StringaSERKS_
                0x00087b4c       0x1e C:\Users\emili\AppData\Local\Temp\VMBuilds\Calculator\arduino_due_x_dbg\Release/core.a(WString.cpp.o)
                0x00087b4c                String::operator=(String const&)
 .text._ZN6StringC2ERKS_
                0x00087b6a       0x14 C:\Users\emili\AppData\Local\Temp\VMBuilds\Calculator\arduino_due_x_dbg\Release/core.a(WString.cpp.o)
                0x00087b6a                String::String(String const&)
                0x00087b6a                String::String(String const&)
 .text._ZN6StringaSEOS_
                0x00087b7e       0x10 C:\Users\emili\AppData\Local\Temp\VMBuilds\Calculator\arduino_due_x_dbg\Release/core.a(WString.cpp.o)
                0x00087b7e                String::operator=(String&&)
 .text._ZN6StringaSEPKc
                0x00087b8e       0x22 C:\Users\emili\AppData\Local\Temp\VMBuilds\Calculator\arduino_due_x_dbg\Release/core.a(WString.cpp.o)
                0x00087b8e                String::operator=(char const*)
 .text._ZN6StringC2Ec
                0x00087bb0       0x20 C:\Users\emili\AppData\Local\Temp\VMBuilds\Calculator\arduino_due_x_dbg\Release/core.a(WString.cpp.o)
                0x00087bb0                String::String(char)
                0x00087bb0                String::String(char)
 .text._ZN6StringC2Efh
                0x00087bd0       0x32 C:\Users\emili\AppData\Local\Temp\VMBuilds\Calculator\arduino_due_x_dbg\Release/core.a(WString.cpp.o)
                0x00087bd0                String::String(float, unsigned char)
                0x00087bd0                String::String(float, unsigned char)
 .text._ZN6StringC2Edh
                0x00087c02       0x32 C:\Users\emili\AppData\Local\Temp\VMBuilds\Calculator\arduino_due_x_dbg\Release/core.a(WString.cpp.o)
                0x00087c02                String::String(double, unsigned char)
                0x00087c02                String::String(double, unsigned char)
 .text._ZN6String6concatEPKcj
                0x00087c34       0x2e C:\Users\emili\AppData\Local\Temp\VMBuilds\Calculator\arduino_due_x_dbg\Release/core.a(WString.cpp.o)
                0x00087c34                String::concat(char const*, unsigned int)
 .text._ZN6String6concatEPKc
                0x00087c62       0x1e C:\Users\emili\AppData\Local\Temp\VMBuilds\Calculator\arduino_due_x_dbg\Release/core.a(WString.cpp.o)
                0x00087c62                String::concat(char const*)
 .text._ZN6String6concatEc
                0x00087c80       0x1a C:\Users\emili\AppData\Local\Temp\VMBuilds\Calculator\arduino_due_x_dbg\Release/core.a(WString.cpp.o)
                0x00087c80                String::concat(char)
 .text._ZplRK15StringSumHelperRK6String
                0x00087c9a       0x1a C:\Users\emili\AppData\Local\Temp\VMBuilds\Calculator\arduino_due_x_dbg\Release/core.a(WString.cpp.o)
                0x00087c9a                operator+(StringSumHelper const&, String const&)
 .text._ZplRK15StringSumHelperPKc
                0x00087cb4       0x24 C:\Users\emili\AppData\Local\Temp\VMBuilds\Calculator\arduino_due_x_dbg\Release/core.a(WString.cpp.o)
                0x00087cb4                operator+(StringSumHelper const&, char const*)
 .text._ZplRK15StringSumHelperc
                0x00087cd8       0x14 C:\Users\emili\AppData\Local\Temp\VMBuilds\Calculator\arduino_due_x_dbg\Release/core.a(WString.cpp.o)
                0x00087cd8                operator+(StringSumHelper const&, char)
 .text._ZNK6String10startsWithERKS_j
                0x00087cec       0x2e C:\Users\emili\AppData\Local\Temp\VMBuilds\Calculator\arduino_due_x_dbg\Release/core.a(WString.cpp.o)
                0x00087cec                String::startsWith(String const&, unsigned int) const
 .text._ZNK6String10startsWithERKS_
                0x00087d1a       0x12 C:\Users\emili\AppData\Local\Temp\VMBuilds\Calculator\arduino_due_x_dbg\Release/core.a(WString.cpp.o)
                0x00087d1a                String::startsWith(String const&) const
 .text._ZNK6String8endsWithERKS_
                0x00087d2c       0x2c C:\Users\emili\AppData\Local\Temp\VMBuilds\Calculator\arduino_due_x_dbg\Release/core.a(WString.cpp.o)
                0x00087d2c                String::endsWith(String const&) const
 .text._ZN6String9setCharAtEjc
                0x00087d58        0xc C:\Users\emili\AppData\Local\Temp\VMBuilds\Calculator\arduino_due_x_dbg\Release/core.a(WString.cpp.o)
                0x00087d58                String::setCharAt(unsigned int, char)
 .text._ZN6StringixEj
                0x00087d64       0x1c C:\Users\emili\AppData\Local\Temp\VMBuilds\Calculator\arduino_due_x_dbg\Release/core.a(WString.cpp.o)
                0x00087d64                String::operator[](unsigned int)
 .text._ZNK6String8getBytesEPhjj
                0x00087d80       0x30 C:\Users\emili\AppData\Local\Temp\VMBuilds\Calculator\arduino_due_x_dbg\Release/core.a(WString.cpp.o)
                0x00087d80                String::getBytes(unsigned char*, unsigned int, unsigned int) const
 .text._ZNK6String7indexOfEcj
                0x00087db0       0x1c C:\Users\emili\AppData\Local\Temp\VMBuilds\Calculator\arduino_due_x_dbg\Release/core.a(WString.cpp.o)
                0x00087db0                String::indexOf(char, unsigned int) const
 .text._ZNK6String7indexOfEc
                0x00087dcc        0x6 C:\Users\emili\AppData\Local\Temp\VMBuilds\Calculator\arduino_due_x_dbg\Release/core.a(WString.cpp.o)
                0x00087dcc                String::indexOf(char) const
 .text._ZNK6String7indexOfERKS_j
                0x00087dd2       0x1e C:\Users\emili\AppData\Local\Temp\VMBuilds\Calculator\arduino_due_x_dbg\Release/core.a(WString.cpp.o)
                0x00087dd2                String::indexOf(String const&, unsigned int) const
 .text._ZNK6String7indexOfERKS_
                0x00087df0        0x6 C:\Users\emili\AppData\Local\Temp\VMBuilds\Calculator\arduino_due_x_dbg\Release/core.a(WString.cpp.o)
                0x00087df0                String::indexOf(String const&) const
 *fill*         0x00087df6        0x2 
 .text._ZNK6String9substringEjj
                0x00087df8       0x4c C:\Users\emili\AppData\Local\Temp\VMBuilds\Calculator\arduino_due_x_dbg\Release/core.a(WString.cpp.o)
                0x00087df8                String::substring(unsigned int, unsigned int) const
 .text.unlikely._ZL11USB_SendZlpv
                0x00087e44       0x20 C:\Users\emili\AppData\Local\Temp\VMBuilds\Calculator\arduino_due_x_dbg\Release/core.a(USBCore.cpp.o)
 .text._Z14USBD_Availablem
                0x00087e64       0x2c C:\Users\emili\AppData\Local\Temp\VMBuilds\Calculator\arduino_due_x_dbg\Release/core.a(USBCore.cpp.o)
                0x00087e64                USBD_Available(unsigned long)
 .text._Z9USBD_RecvmPvm
                0x00087e90       0x7c C:\Users\emili\AppData\Local\Temp\VMBuilds\Calculator\arduino_due_x_dbg\Release/core.a(USBCore.cpp.o)
                0x00087e90                USBD_Recv(unsigned long, void*, unsigned long)
 .text._Z9USBD_Recvm
                0x00087f0c       0x22 C:\Users\emili\AppData\Local\Temp\VMBuilds\Calculator\arduino_due_x_dbg\Release/core.a(USBCore.cpp.o)
                0x00087f0c                USBD_Recv(unsigned long)
 *fill*         0x00087f2e        0x2 
 .text._Z9USBD_SendmPKvm
                0x00087f30       0x4c C:\Users\emili\AppData\Local\Temp\VMBuilds\Calculator\arduino_due_x_dbg\Release/core.a(USBCore.cpp.o)
                0x00087f30                USBD_Send(unsigned long, void const*, unsigned long)
 .text._Z16USBD_SendControlhPKvm
                0x00087f7c       0x40 C:\Users\emili\AppData\Local\Temp\VMBuilds\Calculator\arduino_due_x_dbg\Release/core.a(USBCore.cpp.o)
                0x00087f7c                USBD_SendControl(unsigned char, void const*, unsigned long)
 .text.unlikely._ZL24USB_SendStringDescriptorPKhi
                0x00087fbc       0x64 C:\Users\emili\AppData\Local\Temp\VMBuilds\Calculator\arduino_due_x_dbg\Release/core.a(USBCore.cpp.o)
 .text._Z16USBD_RecvControlPvm
                0x00088020       0x1c C:\Users\emili\AppData\Local\Temp\VMBuilds\Calculator\arduino_due_x_dbg\Release/core.a(USBCore.cpp.o)
                0x00088020                USBD_RecvControl(void*, unsigned long)
 .text._Z26USBD_ClassInterfaceRequestR8USBSetup
                0x0008803c       0x1e C:\Users\emili\AppData\Local\Temp\VMBuilds\Calculator\arduino_due_x_dbg\Release/core.a(USBCore.cpp.o)
                0x0008803c                USBD_ClassInterfaceRequest(USBSetup&)
 .text._Z19USBD_SendInterfacesv
                0x0008805a       0x22 C:\Users\emili\AppData\Local\Temp\VMBuilds\Calculator\arduino_due_x_dbg\Release/core.a(USBCore.cpp.o)
                0x0008805a                USBD_SendInterfaces()
 .text._Z24USBD_SendOtherInterfacesv
                0x0008807c       0x22 C:\Users\emili\AppData\Local\Temp\VMBuilds\Calculator\arduino_due_x_dbg\Release/core.a(USBCore.cpp.o)
                0x0008807c                USBD_SendOtherInterfaces()
 .text._Z10USBD_Flushm
                0x0008809e       0x16 C:\Users\emili\AppData\Local\Temp\VMBuilds\Calculator\arduino_due_x_dbg\Release/core.a(USBCore.cpp.o)
                0x0008809e                USBD_Flush(unsigned long)
 .text._ZN10USBDevice_C2Ev
                0x000880b4       0x24 C:\Users\emili\AppData\Local\Temp\VMBuilds\Calculator\arduino_due_x_dbg\Release/core.a(USBCore.cpp.o)
                0x000880b4                USBDevice_::USBDevice_()
                0x000880b4                USBDevice_::USBDevice_()
 .text._ZN10USBDevice_6attachEv
                0x000880d8       0x20 C:\Users\emili\AppData\Local\Temp\VMBuilds\Calculator\arduino_due_x_dbg\Release/core.a(USBCore.cpp.o)
                0x000880d8                USBDevice_::attach()
 .text.startup._GLOBAL__sub_I_EndPoints
                0x000880f8        0xc C:\Users\emili\AppData\Local\Temp\VMBuilds\Calculator\arduino_due_x_dbg\Release/core.a(USBCore.cpp.o)
 .text._ZL7USB_ISRv
                0x00088104      0x454 C:\Users\emili\AppData\Local\Temp\VMBuilds\Calculator\arduino_due_x_dbg\Release/core.a(USBCore.cpp.o)
 .text.dtostrf  0x00088558       0x28 C:\Users\emili\AppData\Local\Temp\VMBuilds\Calculator\arduino_due_x_dbg\Release/core.a(dtostrf.c.o)
                0x00088558                dtostrf
 .text._ZN7Serial_9availableEv
                0x00088580       0x18 C:\Users\emili\AppData\Local\Temp\VMBuilds\Calculator\arduino_due_x_dbg\Release/core.a(CDC.cpp.o)
                0x00088580                Serial_::available()
 .text._ZN7Serial_17availableForWriteEv
                0x00088598        0x6 C:\Users\emili\AppData\Local\Temp\VMBuilds\Calculator\arduino_due_x_dbg\Release/core.a(CDC.cpp.o)
                0x00088598                Serial_::availableForWrite()
 *fill*         0x0008859e        0x2 
 .text._ZN7Serial_4peekEv
                0x000885a0       0x20 C:\Users\emili\AppData\Local\Temp\VMBuilds\Calculator\arduino_due_x_dbg\Release/core.a(CDC.cpp.o)
                0x000885a0                Serial_::peek()
 .text._ZN7Serial_5writeEh
                0x000885c0       0x16 C:\Users\emili\AppData\Local\Temp\VMBuilds\Calculator\arduino_due_x_dbg\Release/core.a(CDC.cpp.o)
                0x000885c0                Serial_::write(unsigned char)
 *fill*         0x000885d6        0x2 
 .text._ZN7Serial_4readEv
                0x000885d8       0x44 C:\Users\emili\AppData\Local\Temp\VMBuilds\Calculator\arduino_due_x_dbg\Release/core.a(CDC.cpp.o)
                0x000885d8                Serial_::read()
 .text._ZN7Serial_5flushEv
                0x0008861c        0x6 C:\Users\emili\AppData\Local\Temp\VMBuilds\Calculator\arduino_due_x_dbg\Release/core.a(CDC.cpp.o)
                0x0008861c                Serial_::flush()
 *fill*         0x00088622        0x2 
 .text._ZN7Serial_6acceptEv
                0x00088624       0x70 C:\Users\emili\AppData\Local\Temp\VMBuilds\Calculator\arduino_due_x_dbg\Release/core.a(CDC.cpp.o)
                0x00088624                Serial_::accept()
 .text._ZN7Serial_5writeEPKhj
                0x00088694       0x2c C:\Users\emili\AppData\Local\Temp\VMBuilds\Calculator\arduino_due_x_dbg\Release/core.a(CDC.cpp.o)
                0x00088694                Serial_::write(unsigned char const*, unsigned int)
 .text._Z16CDC_GetInterfacePh
                0x000886c0       0x14 C:\Users\emili\AppData\Local\Temp\VMBuilds\Calculator\arduino_due_x_dbg\Release/core.a(CDC.cpp.o)
                0x000886c0                CDC_GetInterface(unsigned char*)
 .text._Z21CDC_GetOtherInterfacePh
                0x000886d4       0x14 C:\Users\emili\AppData\Local\Temp\VMBuilds\Calculator\arduino_due_x_dbg\Release/core.a(CDC.cpp.o)
                0x000886d4                CDC_GetOtherInterface(unsigned char*)
 .text._Z9CDC_SetupR8USBSetup
                0x000886e8       0x78 C:\Users\emili\AppData\Local\Temp\VMBuilds\Calculator\arduino_due_x_dbg\Release/core.a(CDC.cpp.o)
                0x000886e8                CDC_Setup(USBSetup&)
 .text.startup._GLOBAL__sub_I_cdc_rx_buffer
                0x00088760       0x1c C:\Users\emili\AppData\Local\Temp\VMBuilds\Calculator\arduino_due_x_dbg\Release/core.a(CDC.cpp.o)
 .text._ZN13PluggableUSB_12getInterfaceEPh
                0x0008877c       0x28 C:\Users\emili\AppData\Local\Temp\VMBuilds\Calculator\arduino_due_x_dbg\Release/core.a(PluggableUSB.cpp.o)
                0x0008877c                PluggableUSB_::getInterface(unsigned char*)
 .text._ZN13PluggableUSB_13getDescriptorER8USBSetup
                0x000887a4       0x1c C:\Users\emili\AppData\Local\Temp\VMBuilds\Calculator\arduino_due_x_dbg\Release/core.a(PluggableUSB.cpp.o)
                0x000887a4                PluggableUSB_::getDescriptor(USBSetup&)
 .text._ZN13PluggableUSB_12getShortNameEPc
                0x000887c0       0x1c C:\Users\emili\AppData\Local\Temp\VMBuilds\Calculator\arduino_due_x_dbg\Release/core.a(PluggableUSB.cpp.o)
                0x000887c0                PluggableUSB_::getShortName(char*)
 .text._ZN13PluggableUSB_5setupER8USBSetup
                0x000887dc       0x20 C:\Users\emili\AppData\Local\Temp\VMBuilds\Calculator\arduino_due_x_dbg\Release/core.a(PluggableUSB.cpp.o)
                0x000887dc                PluggableUSB_::setup(USBSetup&)
 .text._Z12PluggableUSBv
                0x000887fc       0x28 C:\Users\emili\AppData\Local\Temp\VMBuilds\Calculator\arduino_due_x_dbg\Release/core.a(PluggableUSB.cpp.o)
                0x000887fc                PluggableUSB()
 .text.TimeTick_Increment
                0x00088824       0x10 C:\Users\emili\AppData\Local\arduino15\packages\arduino\hardware\sam\1.6.11\variants\arduino_due_x/libsam_sam3x8e_gcc_rel.a(timetick.o)
                0x00088824                TimeTick_Increment
 .text.GetTickCount
                0x00088834        0xc C:\Users\emili\AppData\Local\arduino15\packages\arduino\hardware\sam\1.6.11\variants\arduino_due_x/libsam_sam3x8e_gcc_rel.a(timetick.o)
                0x00088834                GetTickCount
 .text.WDT_Disable
                0x00088840        0x8 C:\Users\emili\AppData\Local\arduino15\packages\arduino\hardware\sam\1.6.11\variants\arduino_due_x/libsam_sam3x8e_gcc_rel.a(wdt.o)
                0x00088840                WDT_Disable
 .text.UDD_SetStack
                0x00088848        0xc C:\Users\emili\AppData\Local\arduino15\packages\arduino\hardware\sam\1.6.11\variants\arduino_due_x/libsam_sam3x8e_gcc_rel.a(uotghs_device.o)
                0x00088848                UDD_SetStack
 .text.UDD_Init
                0x00088854       0xd0 C:\Users\emili\AppData\Local\arduino15\packages\arduino\hardware\sam\1.6.11\variants\arduino_due_x/libsam_sam3x8e_gcc_rel.a(uotghs_device.o)
                0x00088854                UDD_Init
 .text.UDD_Attach
                0x00088924       0x50 C:\Users\emili\AppData\Local\arduino15\packages\arduino\hardware\sam\1.6.11\variants\arduino_due_x/libsam_sam3x8e_gcc_rel.a(uotghs_device.o)
                0x00088924                UDD_Attach
 .text.UDD_InitEP
                0x00088974       0x2c C:\Users\emili\AppData\Local\arduino15\packages\arduino\hardware\sam\1.6.11\variants\arduino_due_x/libsam_sam3x8e_gcc_rel.a(uotghs_device.o)
                0x00088974                UDD_InitEP
 .text.UDD_InitEndpoints
                0x000889a0       0x3c C:\Users\emili\AppData\Local\arduino15\packages\arduino\hardware\sam\1.6.11\variants\arduino_due_x/libsam_sam3x8e_gcc_rel.a(uotghs_device.o)
                0x000889a0                UDD_InitEndpoints
 .text.UDD_WaitIN
                0x000889dc       0x10 C:\Users\emili\AppData\Local\arduino15\packages\arduino\hardware\sam\1.6.11\variants\arduino_due_x/libsam_sam3x8e_gcc_rel.a(uotghs_device.o)
                0x000889dc                UDD_WaitIN
 .text.UDD_WaitOUT
                0x000889ec       0x10 C:\Users\emili\AppData\Local\arduino15\packages\arduino\hardware\sam\1.6.11\variants\arduino_due_x/libsam_sam3x8e_gcc_rel.a(uotghs_device.o)
                0x000889ec                UDD_WaitOUT
 .text.UDD_ClearIN
                0x000889fc       0x18 C:\Users\emili\AppData\Local\arduino15\packages\arduino\hardware\sam\1.6.11\variants\arduino_due_x/libsam_sam3x8e_gcc_rel.a(uotghs_device.o)
                0x000889fc                UDD_ClearIN
 .text.UDD_ClearOUT
                0x00088a14       0x18 C:\Users\emili\AppData\Local\arduino15\packages\arduino\hardware\sam\1.6.11\variants\arduino_due_x/libsam_sam3x8e_gcc_rel.a(uotghs_device.o)
                0x00088a14                UDD_ClearOUT
 .text.UDD_ReceivedSetupInt
                0x00088a2c       0x10 C:\Users\emili\AppData\Local\arduino15\packages\arduino\hardware\sam\1.6.11\variants\arduino_due_x/libsam_sam3x8e_gcc_rel.a(uotghs_device.o)
                0x00088a2c                UDD_ReceivedSetupInt
 .text.UDD_ClearSetupInt
                0x00088a3c       0x10 C:\Users\emili\AppData\Local\arduino15\packages\arduino\hardware\sam\1.6.11\variants\arduino_due_x/libsam_sam3x8e_gcc_rel.a(uotghs_device.o)
                0x00088a3c                UDD_ClearSetupInt
 .text.UDD_Send
                0x00088a4c       0x88 C:\Users\emili\AppData\Local\arduino15\packages\arduino\hardware\sam\1.6.11\variants\arduino_due_x/libsam_sam3x8e_gcc_rel.a(uotghs_device.o)
                0x00088a4c                UDD_Send
 .text.UDD_Send8
                0x00088ad4       0x24 C:\Users\emili\AppData\Local\arduino15\packages\arduino\hardware\sam\1.6.11\variants\arduino_due_x/libsam_sam3x8e_gcc_rel.a(uotghs_device.o)
                0x00088ad4                UDD_Send8
 .text.UDD_Recv8
                0x00088af8       0x28 C:\Users\emili\AppData\Local\arduino15\packages\arduino\hardware\sam\1.6.11\variants\arduino_due_x/libsam_sam3x8e_gcc_rel.a(uotghs_device.o)
                0x00088af8                UDD_Recv8
 .text.UDD_Recv
                0x00088b20       0x34 C:\Users\emili\AppData\Local\arduino15\packages\arduino\hardware\sam\1.6.11\variants\arduino_due_x/libsam_sam3x8e_gcc_rel.a(uotghs_device.o)
                0x00088b20                UDD_Recv
 .text.UDD_Stall
                0x00088b54       0x14 C:\Users\emili\AppData\Local\arduino15\packages\arduino\hardware\sam\1.6.11\variants\arduino_due_x/libsam_sam3x8e_gcc_rel.a(uotghs_device.o)
                0x00088b54                UDD_Stall
 .text.UDD_FifoByteCount
                0x00088b68       0x14 C:\Users\emili\AppData\Local\arduino15\packages\arduino\hardware\sam\1.6.11\variants\arduino_due_x/libsam_sam3x8e_gcc_rel.a(uotghs_device.o)
                0x00088b68                UDD_FifoByteCount
 .text.UDD_ReleaseRX
                0x00088b7c       0x28 C:\Users\emili\AppData\Local\arduino15\packages\arduino\hardware\sam\1.6.11\variants\arduino_due_x/libsam_sam3x8e_gcc_rel.a(uotghs_device.o)
                0x00088b7c                UDD_ReleaseRX
 .text.UDD_ReleaseTX
                0x00088ba4       0x28 C:\Users\emili\AppData\Local\arduino15\packages\arduino\hardware\sam\1.6.11\variants\arduino_due_x/libsam_sam3x8e_gcc_rel.a(uotghs_device.o)
                0x00088ba4                UDD_ReleaseTX
 .text.UDD_SetAddress
                0x00088bcc       0x20 C:\Users\emili\AppData\Local\arduino15\packages\arduino\hardware\sam\1.6.11\variants\arduino_due_x/libsam_sam3x8e_gcc_rel.a(uotghs_device.o)
                0x00088bcc                UDD_SetAddress
 *fill*         0x00088bec        0x4 
 .text.asinh    0x00088bf0      0x158 c:/users/emili/appdata/local/arduino15/packages/arduino/tools/arm-none-eabi-gcc/4.8.3-2014q1/bin/../lib/gcc/arm-none-eabi/4.8.3/../../../../arm-none-eabi/lib/armv7-m\libm.a(lib_a-s_asinh.o)
                0x00088bf0                asinh
 .text.atan     0x00088d48      0x350 c:/users/emili/appdata/local/arduino15/packages/arduino/tools/arm-none-eabi-gcc/4.8.3-2014q1/bin/../lib/gcc/arm-none-eabi/4.8.3/../../../../arm-none-eabi/lib/armv7-m\libm.a(lib_a-s_atan.o)
                0x00088d48                atan
 .text.cbrt     0x00089098      0x190 c:/users/emili/appdata/local/arduino15/packages/arduino/tools/arm-none-eabi-gcc/4.8.3-2014q1/bin/../lib/gcc/arm-none-eabi/4.8.3/../../../../arm-none-eabi/lib/armv7-m\libm.a(lib_a-s_cbrt.o)
                0x00089098                cbrt
 .text.ceil     0x00089228      0x120 c:/users/emili/appdata/local/arduino15/packages/arduino/tools/arm-none-eabi-gcc/4.8.3-2014q1/bin/../lib/gcc/arm-none-eabi/4.8.3/../../../../arm-none-eabi/lib/armv7-m\libm.a(lib_a-s_ceil.o)
                0x00089228                ceil
 .text.cos      0x00089348       0x8c c:/users/emili/appdata/local/arduino15/packages/arduino/tools/arm-none-eabi-gcc/4.8.3-2014q1/bin/../lib/gcc/arm-none-eabi/4.8.3/../../../../arm-none-eabi/lib/armv7-m\libm.a(lib_a-s_cos.o)
                0x00089348                cos
 .text.fabs     0x000893d4        0x8 c:/users/emili/appdata/local/arduino15/packages/arduino/tools/arm-none-eabi-gcc/4.8.3-2014q1/bin/../lib/gcc/arm-none-eabi/4.8.3/../../../../arm-none-eabi/lib/armv7-m\libm.a(lib_a-s_fabs.o)
                0x000893d4                fabs
 *fill*         0x000893dc        0x4 
 .text.floor    0x000893e0      0x120 c:/users/emili/appdata/local/arduino15/packages/arduino/tools/arm-none-eabi-gcc/4.8.3-2014q1/bin/../lib/gcc/arm-none-eabi/4.8.3/../../../../arm-none-eabi/lib/armv7-m\libm.a(lib_a-s_floor.o)
                0x000893e0                floor
 .text.__fpclassifyd
                0x00089500       0x50 c:/users/emili/appdata/local/arduino15/packages/arduino/tools/arm-none-eabi-gcc/4.8.3-2014q1/bin/../lib/gcc/arm-none-eabi/4.8.3/../../../../arm-none-eabi/lib/armv7-m\libm.a(lib_a-s_fpclassify.o)
                0x00089500                __fpclassifyd
 .text.log1p    0x00089550      0x498 c:/users/emili/appdata/local/arduino15/packages/arduino/tools/arm-none-eabi-gcc/4.8.3-2014q1/bin/../lib/gcc/arm-none-eabi/4.8.3/../../../../arm-none-eabi/lib/armv7-m\libm.a(lib_a-s_log1p.o)
                0x00089550                log1p
 .text.log2     0x000899e8       0x20 c:/users/emili/appdata/local/arduino15/packages/arduino/tools/arm-none-eabi-gcc/4.8.3-2014q1/bin/../lib/gcc/arm-none-eabi/4.8.3/../../../../arm-none-eabi/lib/armv7-m\libm.a(lib_a-s_log2.o)
                0x000899e8                log2
 .text.sin      0x00089a08       0x94 c:/users/emili/appdata/local/arduino15/packages/arduino/tools/arm-none-eabi-gcc/4.8.3-2014q1/bin/../lib/gcc/arm-none-eabi/4.8.3/../../../../arm-none-eabi/lib/armv7-m\libm.a(lib_a-s_sin.o)
                0x00089a08                sin
 .text.tan      0x00089a9c       0x60 c:/users/emili/appdata/local/arduino15/packages/arduino/tools/arm-none-eabi-gcc/4.8.3-2014q1/bin/../lib/gcc/arm-none-eabi/4.8.3/../../../../arm-none-eabi/lib/armv7-m\libm.a(lib_a-s_tan.o)
                0x00089a9c                tan
 .text.tanh     0x00089afc       0xe8 c:/users/emili/appdata/local/arduino15/packages/arduino/tools/arm-none-eabi-gcc/4.8.3-2014q1/bin/../lib/gcc/arm-none-eabi/4.8.3/../../../../arm-none-eabi/lib/armv7-m\libm.a(lib_a-s_tanh.o)
                0x00089afc                tanh
 .text.acos     0x00089be4       0xa8 c:/users/emili/appdata/local/arduino15/packages/arduino/tools/arm-none-eabi-gcc/4.8.3-2014q1/bin/../lib/gcc/arm-none-eabi/4.8.3/../../../../arm-none-eabi/lib/armv7-m\libm.a(lib_a-w_acos.o)
                0x00089be4                acos
 .text.acosh    0x00089c8c       0xa4 c:/users/emili/appdata/local/arduino15/packages/arduino/tools/arm-none-eabi-gcc/4.8.3-2014q1/bin/../lib/gcc/arm-none-eabi/4.8.3/../../../../arm-none-eabi/lib/armv7-m\libm.a(lib_a-w_acosh.o)
                0x00089c8c                acosh
 .text.asin     0x00089d30       0xa8 c:/users/emili/appdata/local/arduino15/packages/arduino/tools/arm-none-eabi-gcc/4.8.3-2014q1/bin/../lib/gcc/arm-none-eabi/4.8.3/../../../../arm-none-eabi/lib/armv7-m\libm.a(lib_a-w_asin.o)
                0x00089d30                asin
 .text.atanh    0x00089dd8       0xe8 c:/users/emili/appdata/local/arduino15/packages/arduino/tools/arm-none-eabi-gcc/4.8.3-2014q1/bin/../lib/gcc/arm-none-eabi/4.8.3/../../../../arm-none-eabi/lib/armv7-m\libm.a(lib_a-w_atanh.o)
                0x00089dd8                atanh
 .text.cosh     0x00089ec0       0xc0 c:/users/emili/appdata/local/arduino15/packages/arduino/tools/arm-none-eabi-gcc/4.8.3-2014q1/bin/../lib/gcc/arm-none-eabi/4.8.3/../../../../arm-none-eabi/lib/armv7-m\libm.a(lib_a-w_cosh.o)
                0x00089ec0                cosh
 .text.log      0x00089f80       0xe4 c:/users/emili/appdata/local/arduino15/packages/arduino/tools/arm-none-eabi-gcc/4.8.3-2014q1/bin/../lib/gcc/arm-none-eabi/4.8.3/../../../../arm-none-eabi/lib/armv7-m\libm.a(lib_a-w_log.o)
                0x00089f80                log
 .text.log10    0x0008a064       0xe4 c:/users/emili/appdata/local/arduino15/packages/arduino/tools/arm-none-eabi-gcc/4.8.3-2014q1/bin/../lib/gcc/arm-none-eabi/4.8.3/../../../../arm-none-eabi/lib/armv7-m\libm.a(lib_a-w_log10.o)
                0x0008a064                log10
 .text.pow      0x0008a148      0x2f8 c:/users/emili/appdata/local/arduino15/packages/arduino/tools/arm-none-eabi-gcc/4.8.3-2014q1/bin/../lib/gcc/arm-none-eabi/4.8.3/../../../../arm-none-eabi/lib/armv7-m\libm.a(lib_a-w_pow.o)
                0x0008a148                pow
 .text.sinh     0x0008a440       0xc8 c:/users/emili/appdata/local/arduino15/packages/arduino/tools/arm-none-eabi-gcc/4.8.3-2014q1/bin/../lib/gcc/arm-none-eabi/4.8.3/../../../../arm-none-eabi/lib/armv7-m\libm.a(lib_a-w_sinh.o)
                0x0008a440                sinh
 .text.sqrt     0x0008a508       0xac c:/users/emili/appdata/local/arduino15/packages/arduino/tools/arm-none-eabi-gcc/4.8.3-2014q1/bin/../lib/gcc/arm-none-eabi/4.8.3/../../../../arm-none-eabi/lib/armv7-m\libm.a(lib_a-w_sqrt.o)
                0x0008a508                sqrt
 *fill*         0x0008a5b4        0x4 
 .text.__ieee754_acos
                0x0008a5b8      0x4b8 c:/users/emili/appdata/local/arduino15/packages/arduino/tools/arm-none-eabi-gcc/4.8.3-2014q1/bin/../lib/gcc/arm-none-eabi/4.8.3/../../../../arm-none-eabi/lib/armv7-m\libm.a(lib_a-e_acos.o)
                0x0008a5b8                __ieee754_acos
 .text.__ieee754_acosh
                0x0008aa70      0x118 c:/users/emili/appdata/local/arduino15/packages/arduino/tools/arm-none-eabi-gcc/4.8.3-2014q1/bin/../lib/gcc/arm-none-eabi/4.8.3/../../../../arm-none-eabi/lib/armv7-m\libm.a(lib_a-e_acosh.o)
                0x0008aa70                __ieee754_acosh
 .text.__ieee754_asin
                0x0008ab88      0x470 c:/users/emili/appdata/local/arduino15/packages/arduino/tools/arm-none-eabi-gcc/4.8.3-2014q1/bin/../lib/gcc/arm-none-eabi/4.8.3/../../../../arm-none-eabi/lib/armv7-m\libm.a(lib_a-e_asin.o)
                0x0008ab88                __ieee754_asin
 .text.__ieee754_atanh
                0x0008aff8      0x108 c:/users/emili/appdata/local/arduino15/packages/arduino/tools/arm-none-eabi-gcc/4.8.3-2014q1/bin/../lib/gcc/arm-none-eabi/4.8.3/../../../../arm-none-eabi/lib/armv7-m\libm.a(lib_a-e_atanh.o)
                0x0008aff8                __ieee754_atanh
 .text.__ieee754_cosh
                0x0008b100      0x140 c:/users/emili/appdata/local/arduino15/packages/arduino/tools/arm-none-eabi-gcc/4.8.3-2014q1/bin/../lib/gcc/arm-none-eabi/4.8.3/../../../../arm-none-eabi/lib/armv7-m\libm.a(lib_a-e_cosh.o)
                0x0008b100                __ieee754_cosh
 .text.__ieee754_exp
                0x0008b240      0x2f8 c:/users/emili/appdata/local/arduino15/packages/arduino/tools/arm-none-eabi-gcc/4.8.3-2014q1/bin/../lib/gcc/arm-none-eabi/4.8.3/../../../../arm-none-eabi/lib/armv7-m\libm.a(lib_a-e_exp.o)
                0x0008b240                __ieee754_exp
 .text.__ieee754_log
                0x0008b538      0x3f0 c:/users/emili/appdata/local/arduino15/packages/arduino/tools/arm-none-eabi-gcc/4.8.3-2014q1/bin/../lib/gcc/arm-none-eabi/4.8.3/../../../../arm-none-eabi/lib/armv7-m\libm.a(lib_a-e_log.o)
                0x0008b538                __ieee754_log
 .text.__ieee754_log10
                0x0008b928      0x118 c:/users/emili/appdata/local/arduino15/packages/arduino/tools/arm-none-eabi-gcc/4.8.3-2014q1/bin/../lib/gcc/arm-none-eabi/4.8.3/../../../../arm-none-eabi/lib/armv7-m\libm.a(lib_a-e_log10.o)
                0x0008b928                __ieee754_log10
 .text.__ieee754_pow
                0x0008ba40      0xab8 c:/users/emili/appdata/local/arduino15/packages/arduino/tools/arm-none-eabi-gcc/4.8.3-2014q1/bin/../lib/gcc/arm-none-eabi/4.8.3/../../../../arm-none-eabi/lib/armv7-m\libm.a(lib_a-e_pow.o)
                0x0008ba40                __ieee754_pow
 .text.__ieee754_rem_pio2
                0x0008c4f8      0x440 c:/users/emili/appdata/local/arduino15/packages/arduino/tools/arm-none-eabi-gcc/4.8.3-2014q1/bin/../lib/gcc/arm-none-eabi/4.8.3/../../../../arm-none-eabi/lib/armv7-m\libm.a(lib_a-e_rem_pio2.o)
                0x0008c4f8                __ieee754_rem_pio2
 .text.__ieee754_sinh
                0x0008c938      0x190 c:/users/emili/appdata/local/arduino15/packages/arduino/tools/arm-none-eabi-gcc/4.8.3-2014q1/bin/../lib/gcc/arm-none-eabi/4.8.3/../../../../arm-none-eabi/lib/armv7-m\libm.a(lib_a-e_sinh.o)
                0x0008c938                __ieee754_sinh
 .text.__ieee754_sqrt
                0x0008cac8      0x180 c:/users/emili/appdata/local/arduino15/packages/arduino/tools/arm-none-eabi-gcc/4.8.3-2014q1/bin/../lib/gcc/arm-none-eabi/4.8.3/../../../../arm-none-eabi/lib/armv7-m\libm.a(lib_a-e_sqrt.o)
                0x0008cac8                __ieee754_sqrt
 .text.__kernel_cos
                0x0008cc48      0x248 c:/users/emili/appdata/local/arduino15/packages/arduino/tools/arm-none-eabi-gcc/4.8.3-2014q1/bin/../lib/gcc/arm-none-eabi/4.8.3/../../../../arm-none-eabi/lib/armv7-m\libm.a(lib_a-k_cos.o)
                0x0008cc48                __kernel_cos
 .text.__kernel_rem_pio2
                0x0008ce90      0x7bc c:/users/emili/appdata/local/arduino15/packages/arduino/tools/arm-none-eabi-gcc/4.8.3-2014q1/bin/../lib/gcc/arm-none-eabi/4.8.3/../../../../arm-none-eabi/lib/armv7-m\libm.a(lib_a-k_rem_pio2.o)
                0x0008ce90                __kernel_rem_pio2
 *fill*         0x0008d64c        0x4 
 .text.__kernel_sin
                0x0008d650      0x170 c:/users/emili/appdata/local/arduino15/packages/arduino/tools/arm-none-eabi-gcc/4.8.3-2014q1/bin/../lib/gcc/arm-none-eabi/4.8.3/../../../../arm-none-eabi/lib/armv7-m\libm.a(lib_a-k_sin.o)
                0x0008d650                __kernel_sin
 .text.__kernel_tan
                0x0008d7c0      0x3b0 c:/users/emili/appdata/local/arduino15/packages/arduino/tools/arm-none-eabi-gcc/4.8.3-2014q1/bin/../lib/gcc/arm-none-eabi/4.8.3/../../../../arm-none-eabi/lib/armv7-m\libm.a(lib_a-k_tan.o)
                0x0008d7c0                __kernel_tan
 .text.expm1    0x0008db70      0x468 c:/users/emili/appdata/local/arduino15/packages/arduino/tools/arm-none-eabi-gcc/4.8.3-2014q1/bin/../lib/gcc/arm-none-eabi/4.8.3/../../../../arm-none-eabi/lib/armv7-m\libm.a(lib_a-s_expm1.o)
                0x0008db70                expm1
 .text.finite   0x0008dfd8        0xc c:/users/emili/appdata/local/arduino15/packages/arduino/tools/arm-none-eabi-gcc/4.8.3-2014q1/bin/../lib/gcc/arm-none-eabi/4.8.3/../../../../arm-none-eabi/lib/armv7-m\libm.a(lib_a-s_finite.o)
                0x0008dfd8                finite
 .text.matherr  0x0008dfe4        0x4 c:/users/emili/appdata/local/arduino15/packages/arduino/tools/arm-none-eabi-gcc/4.8.3-2014q1/bin/../lib/gcc/arm-none-eabi/4.8.3/../../../../arm-none-eabi/lib/armv7-m\libm.a(lib_a-s_matherr.o)
                0x0008dfe4                matherr
 .text.nan      0x0008dfe8        0xc c:/users/emili/appdata/local/arduino15/packages/arduino/tools/arm-none-eabi-gcc/4.8.3-2014q1/bin/../lib/gcc/arm-none-eabi/4.8.3/../../../../arm-none-eabi/lib/armv7-m\libm.a(lib_a-s_nan.o)
                0x0008dfe8                nan
 .text.rint     0x0008dff4      0x118 c:/users/emili/appdata/local/arduino15/packages/arduino/tools/arm-none-eabi-gcc/4.8.3-2014q1/bin/../lib/gcc/arm-none-eabi/4.8.3/../../../../arm-none-eabi/lib/armv7-m\libm.a(lib_a-s_rint.o)
                0x0008dff4                rint
 *fill*         0x0008e10c        0x4 
 .text.scalbn   0x0008e110      0x100 c:/users/emili/appdata/local/arduino15/packages/arduino/tools/arm-none-eabi-gcc/4.8.3-2014q1/bin/../lib/gcc/arm-none-eabi/4.8.3/../../../../arm-none-eabi/lib/armv7-m\libm.a(lib_a-s_scalbn.o)
                0x0008e110                scalbn
 .text.copysign
                0x0008e210       0x14 c:/users/emili/appdata/local/arduino15/packages/arduino/tools/arm-none-eabi-gcc/4.8.3-2014q1/bin/../lib/gcc/arm-none-eabi/4.8.3/../../../../arm-none-eabi/lib/armv7-m\libm.a(lib_a-s_copysign.o)
                0x0008e210                copysign
 .text          0x0008e224      0x370 c:/users/emili/appdata/local/arduino15/packages/arduino/tools/arm-none-eabi-gcc/4.8.3-2014q1/bin/../lib/gcc/arm-none-eabi/4.8.3/armv7-m\libgcc.a(_arm_addsubdf3.o)
                0x0008e224                __aeabi_drsub
                0x0008e22c                __aeabi_dsub
                0x0008e22c                __subdf3
                0x0008e230                __aeabi_dadd
                0x0008e230                __adddf3
                0x0008e4a8                __floatunsidf
                0x0008e4a8                __aeabi_ui2d
                0x0008e4c8                __floatsidf
                0x0008e4c8                __aeabi_i2d
                0x0008e4ec                __aeabi_f2d
                0x0008e4ec                __extendsfdf2
                0x0008e528                __floatundidf
                0x0008e528                __aeabi_ul2d
                0x0008e538                __floatdidf
                0x0008e538                __aeabi_l2d
 .text          0x0008e594      0x424 c:/users/emili/appdata/local/arduino15/packages/arduino/tools/arm-none-eabi-gcc/4.8.3-2014q1/bin/../lib/gcc/arm-none-eabi/4.8.3/armv7-m\libgcc.a(_arm_muldivdf3.o)
                0x0008e594                __aeabi_dmul
                0x0008e594                __muldf3
                0x0008e7e8                __divdf3
                0x0008e7e8                __aeabi_ddiv
 .text          0x0008e9b8      0x110 c:/users/emili/appdata/local/arduino15/packages/arduino/tools/arm-none-eabi-gcc/4.8.3-2014q1/bin/../lib/gcc/arm-none-eabi/4.8.3/armv7-m\libgcc.a(_arm_cmpdf2.o)
                0x0008e9b8                __gtdf2
                0x0008e9b8                __gedf2
                0x0008e9c0                __ltdf2
                0x0008e9c0                __ledf2
                0x0008e9c8                __nedf2
                0x0008e9c8                __eqdf2
                0x0008e9c8                __cmpdf2
                0x0008ea44                __aeabi_cdrcmple
                0x0008ea54                __aeabi_cdcmpeq
                0x0008ea54                __aeabi_cdcmple
                0x0008ea64                __aeabi_dcmpeq
                0x0008ea78                __aeabi_dcmplt
                0x0008ea8c                __aeabi_dcmple
                0x0008eaa0                __aeabi_dcmpge
                0x0008eab4                __aeabi_dcmpgt
 .text          0x0008eac8       0x50 c:/users/emili/appdata/local/arduino15/packages/arduino/tools/arm-none-eabi-gcc/4.8.3-2014q1/bin/../lib/gcc/arm-none-eabi/4.8.3/armv7-m\libgcc.a(_arm_fixdfsi.o)
                0x0008eac8                __aeabi_d2iz
                0x0008eac8                __fixdfsi
 .text          0x0008eb18       0x40 c:/users/emili/appdata/local/arduino15/packages/arduino/tools/arm-none-eabi-gcc/4.8.3-2014q1/bin/../lib/gcc/arm-none-eabi/4.8.3/armv7-m\libgcc.a(_arm_fixunsdfsi.o)
                0x0008eb18                __aeabi_d2uiz
                0x0008eb18                __fixunsdfsi
 .text          0x0008eb58       0xa0 c:/users/emili/appdata/local/arduino15/packages/arduino/tools/arm-none-eabi-gcc/4.8.3-2014q1/bin/../lib/gcc/arm-none-eabi/4.8.3/armv7-m\libgcc.a(_arm_truncdfsf2.o)
                0x0008eb58                __truncdfsf2
                0x0008eb58                __aeabi_d2f
 .text          0x0008ebf8      0x21c c:/users/emili/appdata/local/arduino15/packages/arduino/tools/arm-none-eabi-gcc/4.8.3-2014q1/bin/../lib/gcc/arm-none-eabi/4.8.3/armv7-m\libgcc.a(_arm_addsubsf3.o)
                0x0008ebf8                __aeabi_frsub
                0x0008ec00                __subsf3
                0x0008ec00                __aeabi_fsub
                0x0008ec04                __aeabi_fadd
                0x0008ec04                __addsf3
                0x0008ed64                __aeabi_ui2f
                0x0008ed64                __floatunsisf
                0x0008ed6c                __aeabi_i2f
                0x0008ed6c                __floatsisf
                0x0008ed88                __aeabi_ul2f
                0x0008ed88                __floatundisf
                0x0008ed98                __aeabi_l2f
                0x0008ed98                __floatdisf
 .text          0x0008ee14      0x2a0 c:/users/emili/appdata/local/arduino15/packages/arduino/tools/arm-none-eabi-gcc/4.8.3-2014q1/bin/../lib/gcc/arm-none-eabi/4.8.3/armv7-m\libgcc.a(_arm_muldivsf3.o)
                0x0008ee14                __mulsf3
                0x0008ee14                __aeabi_fmul
                0x0008ef7c                __aeabi_fdiv
                0x0008ef7c                __divsf3
 .text          0x0008f0b4       0xec c:/users/emili/appdata/local/arduino15/packages/arduino/tools/arm-none-eabi-gcc/4.8.3-2014q1/bin/../lib/gcc/arm-none-eabi/4.8.3/armv7-m\libgcc.a(_arm_cmpsf2.o)
                0x0008f0b4                __gesf2
                0x0008f0b4                __gtsf2
                0x0008f0bc                __lesf2
                0x0008f0bc                __ltsf2
                0x0008f0c4                __nesf2
                0x0008f0c4                __eqsf2
                0x0008f0c4                __cmpsf2
                0x0008f124                __aeabi_cfrcmple
                0x0008f12c                __aeabi_cfcmpeq
                0x0008f12c                __aeabi_cfcmple
                0x0008f13c                __aeabi_fcmpeq
                0x0008f150                __aeabi_fcmplt
                0x0008f164                __aeabi_fcmple
                0x0008f178                __aeabi_fcmpge
                0x0008f18c                __aeabi_fcmpgt
 .text          0x0008f1a0       0x4c c:/users/emili/appdata/local/arduino15/packages/arduino/tools/arm-none-eabi-gcc/4.8.3-2014q1/bin/../lib/gcc/arm-none-eabi/4.8.3/armv7-m\libgcc.a(_arm_fixsfsi.o)
                0x0008f1a0                __aeabi_f2iz
                0x0008f1a0                __fixsfsi
 .text.__aeabi_atexit
                0x0008f1ec        0xc c:/users/emili/appdata/local/arduino15/packages/arduino/tools/arm-none-eabi-gcc/4.8.3-2014q1/bin/../lib/gcc/arm-none-eabi/4.8.3/../../../../arm-none-eabi/lib/armv7-m\libg.a(lib_a-aeabi_atexit.o)
                0x0008f1ec                __aeabi_atexit
 .text.__assert_func
                0x0008f1f8       0x3c c:/users/emili/appdata/local/arduino15/packages/arduino/tools/arm-none-eabi-gcc/4.8.3-2014q1/bin/../lib/gcc/arm-none-eabi/4.8.3/../../../../arm-none-eabi/lib/armv7-m\libg.a(lib_a-assert.o)
                0x0008f1f8                __assert_func
 .text.__cxa_atexit
                0x0008f234       0x14 c:/users/emili/appdata/local/arduino15/packages/arduino/tools/arm-none-eabi-gcc/4.8.3-2014q1/bin/../lib/gcc/arm-none-eabi/4.8.3/../../../../arm-none-eabi/lib/armv7-m\libg.a(lib_a-cxa_atexit.o)
                0x0008f234                __cxa_atexit
 .text.__errno  0x0008f248        0xc c:/users/emili/appdata/local/arduino15/packages/arduino/tools/arm-none-eabi-gcc/4.8.3-2014q1/bin/../lib/gcc/arm-none-eabi/4.8.3/../../../../arm-none-eabi/lib/armv7-m\libg.a(lib_a-errno.o)
                0x0008f248                __errno
 .text.fiprintf
                0x0008f254       0x28 c:/users/emili/appdata/local/arduino15/packages/arduino/tools/arm-none-eabi-gcc/4.8.3-2014q1/bin/../lib/gcc/arm-none-eabi/4.8.3/../../../../arm-none-eabi/lib/armv7-m\libg.a(lib_a-fiprintf.o)
                0x0008f254                fiprintf
 .text.__libc_init_array
                0x0008f27c       0x50 c:/users/emili/appdata/local/arduino15/packages/arduino/tools/arm-none-eabi-gcc/4.8.3-2014q1/bin/../lib/gcc/arm-none-eabi/4.8.3/../../../../arm-none-eabi/lib/armv7-m\libg.a(lib_a-init.o)
                0x0008f27c                __libc_init_array
 .text.iprintf  0x0008f2cc       0x28 c:/users/emili/appdata/local/arduino15/packages/arduino/tools/arm-none-eabi-gcc/4.8.3-2014q1/bin/../lib/gcc/arm-none-eabi/4.8.3/../../../../arm-none-eabi/lib/armv7-m\libg.a(lib_a-iprintf.o)
                0x0008f2cc                iprintf
 .text.malloc   0x0008f2f4       0x10 c:/users/emili/appdata/local/arduino15/packages/arduino/tools/arm-none-eabi-gcc/4.8.3-2014q1/bin/../lib/gcc/arm-none-eabi/4.8.3/../../../../arm-none-eabi/lib/armv7-m\libg.a(lib_a-malloc.o)
                0x0008f2f4                malloc
 .text.free     0x0008f304       0x10 c:/users/emili/appdata/local/arduino15/packages/arduino/tools/arm-none-eabi-gcc/4.8.3-2014q1/bin/../lib/gcc/arm-none-eabi/4.8.3/../../../../arm-none-eabi/lib/armv7-m\libg.a(lib_a-malloc.o)
                0x0008f304                free
 .text._malloc_r
                0x0008f314      0x538 c:/users/emili/appdata/local/arduino15/packages/arduino/tools/arm-none-eabi-gcc/4.8.3-2014q1/bin/../lib/gcc/arm-none-eabi/4.8.3/../../../../arm-none-eabi/lib/armv7-m\libg.a(lib_a-mallocr.o)
                0x0008f314                _malloc_r
 .text          0x0008f84c       0xec c:/users/emili/appdata/local/arduino15/packages/arduino/tools/arm-none-eabi-gcc/4.8.3-2014q1/bin/../lib/gcc/arm-none-eabi/4.8.3/../../../../arm-none-eabi/lib/armv7-m\libg.a(lib_a-memcpy.o)
                0x0008f84c                memcpy
 .text.memmove  0x0008f938       0xcc c:/users/emili/appdata/local/arduino15/packages/arduino/tools/arm-none-eabi-gcc/4.8.3-2014q1/bin/../lib/gcc/arm-none-eabi/4.8.3/../../../../arm-none-eabi/lib/armv7-m\libg.a(lib_a-memmove.o)
                0x0008f938                memmove
 .text.memset   0x0008fa04       0x94 c:/users/emili/appdata/local/arduino15/packages/arduino/tools/arm-none-eabi-gcc/4.8.3-2014q1/bin/../lib/gcc/arm-none-eabi/4.8.3/../../../../arm-none-eabi/lib/armv7-m\libg.a(lib_a-memset.o)
                0x0008fa04                memset
 .text.__malloc_lock