Archive member included because of file (symbol)

C:\Users\emili\AppData\Local\arduino15\packages\arduino\hardware\sam\1.6.11\variants\arduino_due_x/libsam_sam3x8e_gcc_rel.a(pio.o)
                              C:\Users\emili\AppData\Local\Temp\VMBuilds\Calculator\arduino_due_x_dbg\Debug\Wire\Wire.cpp.o (PIO_Configure)
C:\Users\emili\AppData\Local\arduino15\packages\arduino\hardware\sam\1.6.11\variants\arduino_due_x/libsam_sam3x8e_gcc_rel.a(pmc.o)
                              C:\Users\emili\AppData\Local\Temp\VMBuilds\Calculator\arduino_due_x_dbg\Debug\Wire\Wire.cpp.o (pmc_enable_periph_clk)
C:\Users\emili\AppData\Local\arduino15\packages\arduino\hardware\sam\1.6.11\variants\arduino_due_x/libsam_sam3x8e_gcc_rel.a(twi.o)
                              C:\Users\emili\AppData\Local\Temp\VMBuilds\Calculator\arduino_due_x_dbg\Debug\Wire\Wire.cpp.o (TWI_SetClock)
C:\Users\emili\AppData\Local\arduino15\packages\arduino\hardware\sam\1.6.11\variants\arduino_due_x/libsam_sam3x8e_gcc_rel.a(system_sam3xa.o)
                              C:\Users\emili\AppData\Local\Temp\VMBuilds\Calculator\arduino_due_x_dbg\Debug\variant\variant.cpp.o (SystemInit)
C:\Users\emili\AppData\Local\arduino15\packages\arduino\hardware\sam\1.6.11\variants\arduino_due_x/libsam_sam3x8e_gcc_rel.a(startup_sam3xa.o)
                              (Reset_Handler)
C:\Users\emili\AppData\Local\arduino15\packages\arduino\hardware\sam\1.6.11\variants\arduino_due_x/libsam_sam3x8e_gcc_rel.a(adc.o)
                              C:\Users\emili\AppData\Local\Temp\VMBuilds\Calculator\arduino_due_x_dbg\Debug\variant\variant.cpp.o (adc_init)
C:\Users\emili\AppData\Local\arduino15\packages\arduino\hardware\sam\1.6.11\variants\arduino_due_x/libsam_sam3x8e_gcc_rel.a(uotghs.o)
                              C:\Users\emili\AppData\Local\arduino15\packages\arduino\hardware\sam\1.6.11\variants\arduino_due_x/libsam_sam3x8e_gcc_rel.a(startup_sam3xa.o) (UOTGHS_Handler)
C:\Users\emili\AppData\Local\Temp\VMBuilds\Calculator\arduino_due_x_dbg\Debug/core.a(cortex_handlers.c.o)
                              C:\Users\emili\AppData\Local\arduino15\packages\arduino\hardware\sam\1.6.11\variants\arduino_due_x/libsam_sam3x8e_gcc_rel.a(startup_sam3xa.o) (NMI_Handler)
C:\Users\emili\AppData\Local\Temp\VMBuilds\Calculator\arduino_due_x_dbg\Debug/core.a(hooks.c.o)
                              C:\Users\emili\AppData\Local\Temp\VMBuilds\Calculator\arduino_due_x_dbg\Debug/core.a(cortex_handlers.c.o) (sysTickHook)
C:\Users\emili\AppData\Local\Temp\VMBuilds\Calculator\arduino_due_x_dbg\Debug/core.a(syscalls_sam3.c.o)
                              (_sbrk)
C:\Users\emili\AppData\Local\Temp\VMBuilds\Calculator\arduino_due_x_dbg\Debug/core.a(wiring.c.o)
                              C:\Users\emili\AppData\Local\Temp\VMBuilds\Calculator\arduino_due_x_dbg\Debug\Calculator.cpp.o (millis)
C:\Users\emili\AppData\Local\Temp\VMBuilds\Calculator\arduino_due_x_dbg\Debug/core.a(wiring_analog.c.o)
                              C:\Users\emili\AppData\Local\Temp\VMBuilds\Calculator\arduino_due_x_dbg\Debug\variant\variant.cpp.o (analogOutputInit)
C:\Users\emili\AppData\Local\Temp\VMBuilds\Calculator\arduino_due_x_dbg\Debug/core.a(wiring_digital.c.o)
                              C:\Users\emili\AppData\Local\Temp\VMBuilds\Calculator\arduino_due_x_dbg\Debug\UTFT\UTFT.cpp.o (pinMode)
C:\Users\emili\AppData\Local\Temp\VMBuilds\Calculator\arduino_due_x_dbg\Debug/core.a(abi.cpp.o)
                              C:\Users\emili\AppData\Local\Temp\VMBuilds\Calculator\arduino_due_x_dbg\Debug\Wire\Wire.cpp.o (__cxa_pure_virtual)
C:\Users\emili\AppData\Local\Temp\VMBuilds\Calculator\arduino_due_x_dbg\Debug/core.a(main.cpp.o)
                              c:/users/emili/appdata/local/arduino15/packages/arduino/tools/arm-none-eabi-gcc/4.8.3-2014q1/bin/../lib/gcc/arm-none-eabi/4.8.3/../../../../arm-none-eabi/lib/armv7-m/crt0.o (main)
C:\Users\emili\AppData\Local\Temp\VMBuilds\Calculator\arduino_due_x_dbg\Debug/core.a(Print.cpp.o)
                              C:\Users\emili\AppData\Local\Temp\VMBuilds\Calculator\arduino_due_x_dbg\Debug\Wire\Wire.cpp.o (Print::write(unsigned char const*, unsigned int))
C:\Users\emili\AppData\Local\Temp\VMBuilds\Calculator\arduino_due_x_dbg\Debug/core.a(Reset.cpp.o)
                              C:\Users\emili\AppData\Local\Temp\VMBuilds\Calculator\arduino_due_x_dbg\Debug/core.a(cortex_handlers.c.o) (tickReset)
C:\Users\emili\AppData\Local\Temp\VMBuilds\Calculator\arduino_due_x_dbg\Debug/core.a(RingBuffer.cpp.o)
                              C:\Users\emili\AppData\Local\Temp\VMBuilds\Calculator\arduino_due_x_dbg\Debug\variant\variant.cpp.o (RingBuffer::RingBuffer())
C:\Users\emili\AppData\Local\Temp\VMBuilds\Calculator\arduino_due_x_dbg\Debug/core.a(UARTClass.cpp.o)
                              C:\Users\emili\AppData\Local\Temp\VMBuilds\Calculator\arduino_due_x_dbg\Debug\variant\variant.cpp.o (UARTClass::available())
[...]
Memory Configuration

Name             Origin             Length             Attributes
rom              0x00080000         0x00080000         xr
sram0            0x20000000         0x00010000         xrw
sram1            0x20080000         0x00008000         xrw
ram              0x20070000         0x00018000         xrw
*default*        0x00000000         0xffffffff

Linker script and memory map

LOAD c:/users/emili/appdata/local/arduino15/packages/arduino/tools/arm-none-eabi-gcc/4.8.3-2014q1/bin/../lib/gcc/arm-none-eabi/4.8.3/armv7-m/crti.o
LOAD c:/users/emili/appdata/local/arduino15/packages/arduino/tools/arm-none-eabi-gcc/4.8.3-2014q1/bin/../lib/gcc/arm-none-eabi/4.8.3/armv7-m/crtbegin.o
LOAD c:/users/emili/appdata/local/arduino15/packages/arduino/tools/arm-none-eabi-gcc/4.8.3-2014q1/bin/../lib/gcc/arm-none-eabi/4.8.3/../../../../arm-none-eabi/lib/armv7-m/crt0.o
START GROUP
LOAD C:\Users\emili\AppData\Local\Temp\VMBuilds\Calculator\arduino_due_x_dbg\Debug\Calculator.cpp.o
LOAD C:\Users\emili\AppData\Local\Temp\VMBuilds\Calculator\arduino_due_x_dbg\Debug\Wire\Wire.cpp.o
LOAD C:\Users\emili\AppData\Local\Temp\VMBuilds\Calculator\arduino_due_x_dbg\Debug\UTFT\DefaultFonts.c.o
LOAD C:\Users\emili\AppData\Local\Temp\VMBuilds\Calculator\arduino_due_x_dbg\Debug\UTFT\UTFT.cpp.o
LOAD C:\Users\emili\AppData\Local\Temp\VMBuilds\Calculator\arduino_due_x_dbg\Debug\VM_DBG\VM_DBG.cpp.o
LOAD C:\Users\emili\AppData\Local\Temp\VMBuilds\Calculator\arduino_due_x_dbg\Debug\power.cpp.o
LOAD C:\Users\emili\AppData\Local\Temp\VMBuilds\Calculator\arduino_due_x_dbg\Debug\util.cpp.o
LOAD C:\Users\emili\AppData\Local\Temp\VMBuilds\Calculator\arduino_due_x_dbg\Debug\io\keypad.cpp.o
LOAD C:\Users\emili\AppData\Local\Temp\VMBuilds\Calculator\arduino_due_x_dbg\Debug\io\screen.cpp.o
LOAD C:\Users\emili\AppData\Local\Temp\VMBuilds\Calculator\arduino_due_x_dbg\Debug\math\parser.cpp.o
LOAD C:\Users\emili\AppData\Local\Temp\VMBuilds\Calculator\arduino_due_x_dbg\Debug\math\polyfit.cpp.o
LOAD C:\Users\emili\AppData\Local\Temp\VMBuilds\Calculator\arduino_due_x_dbg\Debug\ui\control.cpp.o
LOAD C:\Users\emili\AppData\Local\Temp\VMBuilds\Calculator\arduino_due_x_dbg\Debug\ui\graph.cpp.o
LOAD C:\Users\emili\AppData\Local\Temp\VMBuilds\Calculator\arduino_due_x_dbg\Debug\ui\label.cpp.o
LOAD C:\Users\emili\AppData\Local\Temp\VMBuilds\Calculator\arduino_due_x_dbg\Debug\ui\table.cpp.o
LOAD C:\Users\emili\AppData\Local\Temp\VMBuilds\Calculator\arduino_due_x_dbg\Debug\ui\textfield.cpp.o
LOAD C:\Users\emili\AppData\Local\Temp\VMBuilds\Calculator\arduino_due_x_dbg\Debug\variant\variant.cpp.o
LOAD C:\Users\emili\AppData\Local\arduino15\packages\arduino\hardware\sam\1.6.11\variants\arduino_due_x/libsam_sam3x8e_gcc_rel.a
LOAD C:\Users\emili\AppData\Local\Temp\VMBuilds\Calculator\arduino_due_x_dbg\Debug/core.a
END GROUP
LOAD c:/users/emili/appdata/local/arduino15/packages/arduino/tools/arm-none-eabi-gcc/4.8.3-2014q1/bin/../lib/gcc/arm-none-eabi/4.8.3/../../../../arm-none-eabi/lib/armv7-m\libm.a
START GROUP
LOAD c:/users/emili/appdata/local/arduino15/packages/arduino/tools/arm-none-eabi-gcc/4.8.3-2014q1/bin/../lib/gcc/arm-none-eabi/4.8.3/armv7-m\libgcc.a
LOAD c:/users/emili/appdata/local/arduino15/packages/arduino/tools/arm-none-eabi-gcc/4.8.3-2014q1/bin/../lib/gcc/arm-none-eabi/4.8.3/../../../../arm-none-eabi/lib/armv7-m\libg.a
LOAD c:/users/emili/appdata/local/arduino15/packages/arduino/tools/arm-none-eabi-gcc/4.8.3-2014q1/bin/../lib/gcc/arm-none-eabi/4.8.3/../../../../arm-none-eabi/lib/armv7-m\libc.a
END GROUP
LOAD c:/users/emili/appdata/local/arduino15/packages/arduino/tools/arm-none-eabi-gcc/4.8.3-2014q1/bin/../lib/gcc/arm-none-eabi/4.8.3/armv7-m/crtend.o
LOAD c:/users/emili/appdata/local/arduino15/packages/arduino/tools/arm-none-eabi-gcc/4.8.3-2014q1/bin/../lib/gcc/arm-none-eabi/4.8.3/armv7-m/crtn.o

.text           0x00080000    0x1cf2c
                0x00080000                . = ALIGN (0x4)
                0x00080000                _sfixed = .
 *(.vectors .vectors.*)
 .vectors       0x00080000       0xf4 C:\Users\emili\AppData\Local\arduino15\packages\arduino\hardware\sam\1.6.11\variants\arduino_due_x/libsam_sam3x8e_gcc_rel.a(startup_sam3xa.o)
                0x00080000                exception_table
 *(.text .text.* .gnu.linkonce.t.*)
 .text          0x000800f4       0x54 c:/users/emili/appdata/local/arduino15/packages/arduino/tools/arm-none-eabi-gcc/4.8.3-2014q1/bin/../lib/gcc/arm-none-eabi/4.8.3/armv7-m/crtbegin.o
 .text._ZN5GraphD2Ev
                0x00080148        0xe C:\Users\emili\AppData\Local\Temp\VMBuilds\Calculator\arduino_due_x_dbg\Debug\Calculator.cpp.o
                0x00080148                Graph::~Graph()
                0x00080148                Graph::~Graph()
 .text._ZN5LabelD2Ev
                0x00080156        0xe C:\Users\emili\AppData\Local\Temp\VMBuilds\Calculator\arduino_due_x_dbg\Debug\Calculator.cpp.o
                0x00080156                Label::~Label()
                0x00080156                Label::~Label()
 .text._ZN9TextFieldD2Ev
                0x00080164        0xe C:\Users\emili\AppData\Local\Temp\VMBuilds\Calculator\arduino_due_x_dbg\Debug\Calculator.cpp.o
                0x00080164                TextField::~TextField()
                0x00080164                TextField::~TextField()
 .text._ZN5TableD2Ev
                0x00080172       0x22 C:\Users\emili\AppData\Local\Temp\VMBuilds\Calculator\arduino_due_x_dbg\Debug\Calculator.cpp.o
                0x00080172                Table::~Table()
                0x00080172                Table::~Table()
 .text._ZN5TableC2E4Rect
                0x00080194       0xc8 C:\Users\emili\AppData\Local\Temp\VMBuilds\Calculator\arduino_due_x_dbg\Debug\Calculator.cpp.o
                0x00080194                Table::Table(Rect)
                0x00080194                Table::Table(Rect)
 .text._Z16expressionScreenv
                0x0008025c      0x208 C:\Users\emili\AppData\Local\Temp\VMBuilds\Calculator\arduino_due_x_dbg\Debug\Calculator.cpp.o
                0x0008025c                expressionScreen()
 .text._Z16statisticsScreenv
                0x00080464       0x90 C:\Users\emili\AppData\Local\Temp\VMBuilds\Calculator\arduino_due_x_dbg\Debug\Calculator.cpp.o
                0x00080464                statisticsScreen()
 .text.loop     0x000804f4       0x58 C:\Users\emili\AppData\Local\Temp\VMBuilds\Calculator\arduino_due_x_dbg\Debug\Calculator.cpp.o
                0x000804f4                loop
 .text.startup._GLOBAL__sub_I___VisualMicro_DEBUG_1_HITCOUNTER__
                0x0008054c      0x15c C:\Users\emili\AppData\Local\Temp\VMBuilds\Calculator\arduino_due_x_dbg\Debug\Calculator.cpp.o
 .text.setup    0x000806a8       0xcc C:\Users\emili\AppData\Local\Temp\VMBuilds\Calculator\arduino_due_x_dbg\Debug\Calculator.cpp.o
                0x000806a8                setup
 .text._ZN7TwoWire5writeEPKhj
                0x00080774       0x50 C:\Users\emili\AppData\Local\Temp\VMBuilds\Calculator\arduino_due_x_dbg\Debug\Wire\Wire.cpp.o
                0x00080774                TwoWire::write(unsigned char const*, unsigned int)
 .text._ZN7TwoWire9availableEv
                0x000807c4        0xc C:\Users\emili\AppData\Local\Temp\VMBuilds\Calculator\arduino_due_x_dbg\Debug\Wire\Wire.cpp.o
                0x000807c4                TwoWire::available()
 .text._ZN7TwoWire4readEv
                0x000807d0       0x1e C:\Users\emili\AppData\Local\Temp\VMBuilds\Calculator\arduino_due_x_dbg\Debug\Wire\Wire.cpp.o
                0x000807d0                TwoWire::read()
 .text._ZN7TwoWire4peekEv
                0x000807ee       0x16 C:\Users\emili\AppData\Local\Temp\VMBuilds\Calculator\arduino_due_x_dbg\Debug\Wire\Wire.cpp.o
                0x000807ee                TwoWire::peek()
 .text._ZN7TwoWire5flushEv
                0x00080804        0x2 C:\Users\emili\AppData\Local\Temp\VMBuilds\Calculator\arduino_due_x_dbg\Debug\Wire\Wire.cpp.o
                0x00080804                TwoWire::flush()
 .text._ZN7TwoWire5writeEh
                0x00080806       0x3a C:\Users\emili\AppData\Local\Temp\VMBuilds\Calculator\arduino_due_x_dbg\Debug\Wire\Wire.cpp.o
                0x00080806                TwoWire::write(unsigned char)
 .text._ZL16TWI_WaitByteSentP3Twim.constprop.3
                0x00080840       0x2c C:\Users\emili\AppData\Local\Temp\VMBuilds\Calculator\arduino_due_x_dbg\Debug\Wire\Wire.cpp.o
 .text._ZL24TWI_WaitTransferCompleteP3Twim.constprop.4
                0x0008086c       0x2c C:\Users\emili\AppData\Local\Temp\VMBuilds\Calculator\arduino_due_x_dbg\Debug\Wire\Wire.cpp.o
 .text._ZL9Wire_Initv
                0x00080898       0x54 C:\Users\emili\AppData\Local\Temp\VMBuilds\Calculator\arduino_due_x_dbg\Debug\Wire\Wire.cpp.o
 .text._ZL12Wire1_Deinitv
                0x000808ec       0x18 C:\Users\emili\AppData\Local\Temp\VMBuilds\Calculator\arduino_due_x_dbg\Debug\Wire\Wire.cpp.o
 .text._ZL11Wire_Deinitv
                0x00080904       0x18 C:\Users\emili\AppData\Local\Temp\VMBuilds\Calculator\arduino_due_x_dbg\Debug\Wire\Wire.cpp.o
 .text._ZL10Wire1_Initv
                0x0008091c       0x54 C:\Users\emili\AppData\Local\Temp\VMBuilds\Calculator\arduino_due_x_dbg\Debug\Wire\Wire.cpp.o
 .text._ZN7TwoWireC2EP3TwiPFvvES3_
                0x00080970       0x48 C:\Users\emili\AppData\Local\Temp\VMBuilds\Calculator\arduino_due_x_dbg\Debug\Wire\Wire.cpp.o
                0x00080970                TwoWire::TwoWire(Twi*, void (*)(), void (*)())
                0x00080970                TwoWire::TwoWire(Twi*, void (*)(), void (*)())
 .text._ZN7TwoWire5beginEv
                0x000809b8       0x30 C:\Users\emili\AppData\Local\Temp\VMBuilds\Calculator\arduino_due_x_dbg\Debug\Wire\Wire.cpp.o
                0x000809b8                TwoWire::begin()
 .text._ZN7TwoWire11requestFromEhhmhh
                0x000809e8       0x78 C:\Users\emili\AppData\Local\Temp\VMBuilds\Calculator\arduino_due_x_dbg\Debug\Wire\Wire.cpp.o
                0x000809e8                TwoWire::requestFrom(unsigned char, unsigned char, unsigned long, unsigned char, unsigned char)
 .text._ZN7TwoWire11requestFromEhhh
                0x00080a60       0x12 C:\Users\emili\AppData\Local\Temp\VMBuilds\Calculator\arduino_due_x_dbg\Debug\Wire\Wire.cpp.o
                0x00080a60                TwoWire::requestFrom(unsigned char, unsigned char, unsigned char)
 .text._ZN7TwoWire11requestFromEii
                0x00080a72        0xa C:\Users\emili\AppData\Local\Temp\VMBuilds\Calculator\arduino_due_x_dbg\Debug\Wire\Wire.cpp.o
                0x00080a72                TwoWire::requestFrom(int, int)
 .text._ZN7TwoWire17beginTransmissionEi
                0x00080a7c       0x12 C:\Users\emili\AppData\Local\Temp\VMBuilds\Calculator\arduino_due_x_dbg\Debug\Wire\Wire.cpp.o
                0x00080a7c                TwoWire::beginTransmission(int)
 .text._ZN7TwoWire15endTransmissionEh
                0x00080a8e       0x82 C:\Users\emili\AppData\Local\Temp\VMBuilds\Calculator\arduino_due_x_dbg\Debug\Wire\Wire.cpp.o
                0x00080a8e                TwoWire::endTransmission(unsigned char)
 .text._ZN7TwoWire15endTransmissionEv
                0x00080b10        0x6 C:\Users\emili\AppData\Local\Temp\VMBuilds\Calculator\arduino_due_x_dbg\Debug\Wire\Wire.cpp.o
                0x00080b10                TwoWire::endTransmission()
 .text._ZN7TwoWire9onServiceEv
                0x00080b16      0x118 C:\Users\emili\AppData\Local\Temp\VMBuilds\Calculator\arduino_due_x_dbg\Debug\Wire\Wire.cpp.o
                0x00080b16                TwoWire::onService()
 *fill*         0x00080c2e        0x2 
 .text.TWI1_Handler
                0x00080c30        0xc C:\Users\emili\AppData\Local\Temp\VMBuilds\Calculator\arduino_due_x_dbg\Debug\Wire\Wire.cpp.o
                0x00080c30                TWI1_Handler
 .text.TWI0_Handler
                0x00080c3c        0xc C:\Users\emili\AppData\Local\Temp\VMBuilds\Calculator\arduino_due_x_dbg\Debug\Wire\Wire.cpp.o
                0x00080c3c                TWI0_Handler
 .text.startup._GLOBAL__sub_I__ZN7TwoWireC2EP3TwiPFvvES3_
                0x00080c48       0x40 C:\Users\emili\AppData\Local\Temp\VMBuilds\Calculator\arduino_due_x_dbg\Debug\Wire\Wire.cpp.o
 .text._ZN4UTFT12LCD_Writ_BusEcch
                0x00080c88      0x2dc C:\Users\emili\AppData\Local\Temp\VMBuilds\Calculator\arduino_due_x_dbg\Debug\UTFT\UTFT.cpp.o
                0x00080c88                UTFT::LCD_Writ_Bus(char, char, unsigned char)
 .text._ZN4UTFT24_set_direction_registersEh
                0x00080f64       0x38 C:\Users\emili\AppData\Local\Temp\VMBuilds\Calculator\arduino_due_x_dbg\Debug\UTFT\UTFT.cpp.o
                0x00080f64                UTFT::_set_direction_registers(unsigned char)
 .text._ZN4UTFT13_fast_fill_16Eiil
                0x00080f9c      0x208 C:\Users\emili\AppData\Local\Temp\VMBuilds\Calculator\arduino_due_x_dbg\Debug\UTFT\UTFT.cpp.o
                0x00080f9c                UTFT::_fast_fill_16(int, int, long)
 .text._ZN4UTFT12_fast_fill_8Eil
                0x000811a4      0x2f0 C:\Users\emili\AppData\Local\Temp\VMBuilds\Calculator\arduino_due_x_dbg\Debug\UTFT\UTFT.cpp.o
                0x000811a4                UTFT::_fast_fill_8(int, long)
 .text._ZN4UTFTC2Ehiiiii
                0x00081494      0x198 C:\Users\emili\AppData\Local\Temp\VMBuilds\Calculator\arduino_due_x_dbg\Debug\UTFT\UTFT.cpp.o
                0x00081494                UTFT::UTFT(unsigned char, int, int, int, int, int)
                0x00081494                UTFT::UTFT(unsigned char, int, int, int, int, int)
 .text._ZN4UTFT13LCD_Write_COMEc
                0x0008162c       0x26 C:\Users\emili\AppData\Local\Temp\VMBuilds\Calculator\arduino_due_x_dbg\Debug\UTFT\UTFT.cpp.o
                0x0008162c                UTFT::LCD_Write_COM(char)
 .text._ZN4UTFT14LCD_Write_DATAEcc
                0x00081652       0x36 C:\Users\emili\AppData\Local\Temp\VMBuilds\Calculator\arduino_due_x_dbg\Debug\UTFT\UTFT.cpp.o
                0x00081652                UTFT::LCD_Write_DATA(char, char)
 .text._ZN4UTFT14LCD_Write_DATAEc
                0x00081688       0x24 C:\Users\emili\AppData\Local\Temp\VMBuilds\Calculator\arduino_due_x_dbg\Debug\UTFT\UTFT.cpp.o
                0x00081688                UTFT::LCD_Write_DATA(char)
 .text._ZN4UTFT18LCD_Write_COM_DATAEci
                0x000816ac       0x1a C:\Users\emili\AppData\Local\Temp\VMBuilds\Calculator\arduino_due_x_dbg\Debug\UTFT\UTFT.cpp.o
                0x000816ac                UTFT::LCD_Write_COM_DATA(char, int)
 .text._ZN4UTFT5setXYEjjjj
                0x000816c6      0x34e C:\Users\emili\AppData\Local\Temp\VMBuilds\Calculator\arduino_due_x_dbg\Debug\UTFT\UTFT.cpp.o
                0x000816c6                UTFT::setXY(unsigned int, unsigned int, unsigned int, unsigned int)
 .text._ZN4UTFT7InitLCDEh
                0x00081a14     0x3398 C:\Users\emili\AppData\Local\Temp\VMBuilds\Calculator\arduino_due_x_dbg\Debug\UTFT\UTFT.cpp.o
                0x00081a14                UTFT::InitLCD(unsigned char)
 .text._ZN4UTFT5clrXYEv
                0x00084dac       0x24 C:\Users\emili\AppData\Local\Temp\VMBuilds\Calculator\arduino_due_x_dbg\Debug\UTFT\UTFT.cpp.o
                0x00084dac                UTFT::clrXY()
 .text._ZN4UTFT6clrScrEv
                0x00084dd0       0x9c C:\Users\emili\AppData\Local\Temp\VMBuilds\Calculator\arduino_due_x_dbg\Debug\UTFT\UTFT.cpp.o
                0x00084dd0                UTFT::clrScr()
 .text._ZN4UTFT8setColorEhhh
                0x00084e6c       0x18 C:\Users\emili\AppData\Local\Temp\VMBuilds\Calculator\arduino_due_x_dbg\Debug\UTFT\UTFT.cpp.o
                0x00084e6c                UTFT::setColor(unsigned char, unsigned char, unsigned char)
 .text._ZN4UTFT12setBackColorEhhh
                0x00084e84       0x1e C:\Users\emili\AppData\Local\Temp\VMBuilds\Calculator\arduino_due_x_dbg\Debug\UTFT\UTFT.cpp.o
                0x00084e84                UTFT::setBackColor(unsigned char, unsigned char, unsigned char)
 .text._ZN4UTFT8setPixelEj
                0x00084ea2        0xc C:\Users\emili\AppData\Local\Temp\VMBuilds\Calculator\arduino_due_x_dbg\Debug\UTFT\UTFT.cpp.o
                0x00084ea2                UTFT::setPixel(unsigned int)
 .text._ZN4UTFT9drawPixelEii
                0x00084eae       0x3c C:\Users\emili\AppData\Local\Temp\VMBuilds\Calculator\arduino_due_x_dbg\Debug\UTFT\UTFT.cpp.o
                0x00084eae                UTFT::drawPixel(int, int)
 .text._ZN4UTFT9drawHLineEiii
                0x00084eea       0x8e C:\Users\emili\AppData\Local\Temp\VMBuilds\Calculator\arduino_due_x_dbg\Debug\UTFT\UTFT.cpp.o
                0x00084eea                UTFT::drawHLine(int, int, int)
 .text._ZN4UTFT10fillCircleEiii
                0x00084f78       0x5a C:\Users\emili\AppData\Local\Temp\VMBuilds\Calculator\arduino_due_x_dbg\Debug\UTFT\UTFT.cpp.o
                0x00084f78                UTFT::fillCircle(int, int, int)
 .text._ZN4UTFT9drawVLineEiii
                0x00084fd2       0x90 C:\Users\emili\AppData\Local\Temp\VMBuilds\Calculator\arduino_due_x_dbg\Debug\UTFT\UTFT.cpp.o
                0x00084fd2                UTFT::drawVLine(int, int, int)
 .text._ZN4UTFT8drawRectEiiii
                0x00085062       0x5a C:\Users\emili\AppData\Local\Temp\VMBuilds\Calculator\arduino_due_x_dbg\Debug\UTFT\UTFT.cpp.o
                0x00085062                UTFT::drawRect(int, int, int, int)
 .text._ZN4UTFT8fillRectEiiii
                0x000850bc      0x12a C:\Users\emili\AppData\Local\Temp\VMBuilds\Calculator\arduino_due_x_dbg\Debug\UTFT\UTFT.cpp.o
                0x000850bc                UTFT::fillRect(int, int, int, int)
 .text._ZN4UTFT9printCharEhii
                0x000851e6      0x1d0 C:\Users\emili\AppData\Local\Temp\VMBuilds\Calculator\arduino_due_x_dbg\Debug\UTFT\UTFT.cpp.o
                0x000851e6                UTFT::printChar(unsigned char, int, int)
 *fill*         0x000853b6        0x2 
 .text._ZN4UTFT10rotateCharEhiiii
                0x000853b8      0x1b0 C:\Users\emili\AppData\Local\Temp\VMBuilds\Calculator\arduino_due_x_dbg\Debug\UTFT\UTFT.cpp.o
                0x000853b8                UTFT::rotateChar(unsigned char, int, int, int, int)
 .text._ZN4UTFT5printEPciii
                0x00085568       0xac C:\Users\emili\AppData\Local\Temp\VMBuilds\Calculator\arduino_due_x_dbg\Debug\UTFT\UTFT.cpp.o
                0x00085568                UTFT::print(char*, int, int, int)
 .text._ZN4UTFT5printE6Stringiii
                0x00085614       0x40 C:\Users\emili\AppData\Local\Temp\VMBuilds\Calculator\arduino_due_x_dbg\Debug\UTFT\UTFT.cpp.o
                0x00085614                UTFT::print(String, int, int, int)
 .text._ZN4UTFT7setFontEPh
                0x00085654       0x1c C:\Users\emili\AppData\Local\Temp\VMBuilds\Calculator\arduino_due_x_dbg\Debug\UTFT\UTFT.cpp.o
                0x00085654                UTFT::setFont(unsigned char*)
 .text._ZN4UTFT12getFontXsizeEv
                0x00085670        0x6 C:\Users\emili\AppData\Local\Temp\VMBuilds\Calculator\arduino_due_x_dbg\Debug\UTFT\UTFT.cpp.o
                0x00085670                UTFT::getFontXsize()
 .text._ZN16VisualMicroDebug10DBG_MillisEv
                0x00085676        0x4 C:\Users\emili\AppData\Local\Temp\VMBuilds\Calculator\arduino_due_x_dbg\Debug\VM_DBG\VM_DBG.cpp.o
                0x00085676                VisualMicroDebug::DBG_Millis()
 .text._ZN16VisualMicroDebug17OnBreakPointBeginEm
                0x0008567a       0x16 C:\Users\emili\AppData\Local\Temp\VMBuilds\Calculator\arduino_due_x_dbg\Debug\VM_DBG\VM_DBG.cpp.o
                0x0008567a                VisualMicroDebug::OnBreakPointBegin(unsigned long)
 .text._ZN16VisualMicroDebug22OnBreakPointPrintBeginEh
                0x00085690       0x6c C:\Users\emili\AppData\Local\Temp\VMBuilds\Calculator\arduino_due_x_dbg\Debug\VM_DBG\VM_DBG.cpp.o
                0x00085690                VisualMicroDebug::OnBreakPointPrintBegin(unsigned char)
 .text._ZN16VisualMicroDebug20OnBreakPointPrintEndEv
                0x000856fc        0xc C:\Users\emili\AppData\Local\Temp\VMBuilds\Calculator\arduino_due_x_dbg\Debug\VM_DBG\VM_DBG.cpp.o
                0x000856fc                VisualMicroDebug::OnBreakPointPrintEnd()
 .text._ZN16VisualMicroDebug15OnBreakPointEndEv
                0x00085708        0xc C:\Users\emili\AppData\Local\Temp\VMBuilds\Calculator\arduino_due_x_dbg\Debug\VM_DBG\VM_DBG.cpp.o
                0x00085708                VisualMicroDebug::OnBreakPointEnd()
 .text._ZN16VisualMicroDebug14outPacketStartEb
                0x00085714       0x24 C:\Users\emili\AppData\Local\Temp\VMBuilds\Calculator\arduino_due_x_dbg\Debug\VM_DBG\VM_DBG.cpp.o
                0x00085714                VisualMicroDebug::outPacketStart(bool)
 .text._ZN16VisualMicroDebug12outPacketEndEv
                0x00085738        0x2 C:\Users\emili\AppData\Local\Temp\VMBuilds\Calculator\arduino_due_x_dbg\Debug\VM_DBG\VM_DBG.cpp.o
                0x00085738                VisualMicroDebug::outPacketEnd()
 .text._ZN16VisualMicroDebug4initEm
                0x0008573a       0x10 C:\Users\emili\AppData\Local\Temp\VMBuilds\Calculator\arduino_due_x_dbg\Debug\VM_DBG\VM_DBG.cpp.o
                0x0008573a                VisualMicroDebug::init(unsigned long)
 .text._ZN16VisualMicroDebug5beginEP9UARTClassm
                0x0008574a       0x10 C:\Users\emili\AppData\Local\Temp\VMBuilds\Calculator\arduino_due_x_dbg\Debug\VM_DBG\VM_DBG.cpp.o
                0x0008574a                VisualMicroDebug::begin(UARTClass*, unsigned long)
 .text._ZN16VisualMicroDebug4readEv
                0x0008575a        0xe C:\Users\emili\AppData\Local\Temp\VMBuilds\Calculator\arduino_due_x_dbg\Debug\VM_DBG\VM_DBG.cpp.o
                0x0008575a                VisualMicroDebug::read()
 .text._ZN16VisualMicroDebug9availableEv
                0x00085768        0xe C:\Users\emili\AppData\Local\Temp\VMBuilds\Calculator\arduino_due_x_dbg\Debug\VM_DBG\VM_DBG.cpp.o
                0x00085768                VisualMicroDebug::available()
 *fill*         0x00085776        0x2 
 .text._ZN16VisualMicroDebug16sendContinuedACKEh
                0x00085778       0x38 C:\Users\emili\AppData\Local\Temp\VMBuilds\Calculator\arduino_due_x_dbg\Debug\VM_DBG\VM_DBG.cpp.o
                0x00085778                VisualMicroDebug::sendContinuedACK(unsigned char)
 .text._ZN16VisualMicroDebug9breakWaitEh
                0x000857b0       0x54 C:\Users\emili\AppData\Local\Temp\VMBuilds\Calculator\arduino_due_x_dbg\Debug\VM_DBG\VM_DBG.cpp.o
                0x000857b0                VisualMicroDebug::breakWait(unsigned char)
 .text._ZN16VisualMicroDebug5startEbb
                0x00085804       0x1e C:\Users\emili\AppData\Local\Temp\VMBuilds\Calculator\arduino_due_x_dbg\Debug\VM_DBG\VM_DBG.cpp.o
                0x00085804                VisualMicroDebug::start(bool, bool)
 *fill*         0x00085822        0x2 
 .text.startup._GLOBAL__sub_I__ZN16VisualMicroDebug10DBG_MillisEv
                0x00085824       0x14 C:\Users\emili\AppData\Local\Temp\VMBuilds\Calculator\arduino_due_x_dbg\Debug\VM_DBG\VM_DBG.cpp.o
 .text._Z10initKeypadv
                0x00085838       0x18 C:\Users\emili\AppData\Local\Temp\VMBuilds\Calculator\arduino_due_x_dbg\Debug\io\keypad.cpp.o
                0x00085838                initKeypad()
 .text._Z12getKeyStatesv
                0x00085850        0x8 C:\Users\emili\AppData\Local\Temp\VMBuilds\Calculator\arduino_due_x_dbg\Debug\io\keypad.cpp.o
                0x00085850                getKeyStates()
 .text._Z12isKeyPressedh
                0x00085858       0x10 C:\Users\emili\AppData\Local\Temp\VMBuilds\Calculator\arduino_due_x_dbg\Debug\io\keypad.cpp.o
                0x00085858                isKeyPressed(unsigned char)
 .text._Z14keyToCharacterh
                0x00085868       0x30 C:\Users\emili\AppData\Local\Temp\VMBuilds\Calculator\arduino_due_x_dbg\Debug\io\keypad.cpp.o
                0x00085868                keyToCharacter(unsigned char)
 .text._Z12absorbEventsv
                0x00085898       0x1c C:\Users\emili\AppData\Local\Temp\VMBuilds\Calculator\arduino_due_x_dbg\Debug\io\keypad.cpp.o
                0x00085898                absorbEvents()
 .text._Z13isShiftActivev
                0x000858b4        0xc C:\Users\emili\AppData\Local\Temp\VMBuilds\Calculator\arduino_due_x_dbg\Debug\io\keypad.cpp.o
                0x000858b4                isShiftActive()
 .text._Z13isAlphaActivev
                0x000858c0       0x14 C:\Users\emili\AppData\Local\Temp\VMBuilds\Calculator\arduino_due_x_dbg\Debug\io\keypad.cpp.o
                0x000858c0                isAlphaActive()
 .text._Z8scanKeysv
                0x000858d4       0xb4 C:\Users\emili\AppData\Local\Temp\VMBuilds\Calculator\arduino_due_x_dbg\Debug\io\keypad.cpp.o
                0x000858d4                scanKeys()
 .text.startup._GLOBAL__sub_I_screen
                0x00085988       0x24 C:\Users\emili\AppData\Local\Temp\VMBuilds\Calculator\arduino_due_x_dbg\Debug\io\screen.cpp.o
 .text._ZNK6String9substringEj
                0x000859ac        0xe C:\Users\emili\AppData\Local\Temp\VMBuilds\Calculator\arduino_due_x_dbg\Debug\math\parser.cpp.o
                0x000859ac                String::substring(unsigned int) const
 *fill*         0x000859ba        0x2 
 .text._Z4rootdd
                0x000859bc       0x2c C:\Users\emili\AppData\Local\Temp\VMBuilds\Calculator\arduino_due_x_dbg\Debug\math\parser.cpp.o
                0x000859bc                root(double, double)
 .text._Z5parse6Stringdd
                0x000859e8     0x1490 C:\Users\emili\AppData\Local\Temp\VMBuilds\Calculator\arduino_due_x_dbg\Debug\math\parser.cpp.o
                0x000859e8                parse(String, double, double)
 .text._Z13polynomialFitiPfiPd
                0x00086e78      0x5fc C:\Users\emili\AppData\Local\Temp\VMBuilds\Calculator\arduino_due_x_dbg\Debug\math\polyfit.cpp.o
                0x00086e78                polynomialFit(int, float*, int, double*)
 .text._Z12leastSquaresiPfPd
                0x00087474       0xc4 C:\Users\emili\AppData\Local\Temp\VMBuilds\Calculator\arduino_due_x_dbg\Debug\math\polyfit.cpp.o
                0x00087474                leastSquares(int, float*, double*)
 .text._ZN7Control7getRectEv
                0x00087538        0x2 C:\Users\emili\AppData\Local\Temp\VMBuilds\Calculator\arduino_due_x_dbg\Debug\ui\control.cpp.o
                0x00087538                Control::getRect()
 .text._ZN7Control10setFocusedEb
                0x0008753a        0x4 C:\Users\emili\AppData\Local\Temp\VMBuilds\Calculator\arduino_due_x_dbg\Debug\ui\control.cpp.o
                0x0008753a                Control::setFocused(bool)
 .text._ZN5Graph14_localToScreenEdb
                0x0008753e       0xbc C:\Users\emili\AppData\Local\Temp\VMBuilds\Calculator\arduino_due_x_dbg\Debug\ui\graph.cpp.o
                0x0008753e                Graph::_localToScreen(double, bool)
 .text._ZN5Graph6updateEv
                0x000875fa       0x5c C:\Users\emili\AppData\Local\Temp\VMBuilds\Calculator\arduino_due_x_dbg\Debug\ui\graph.cpp.o
                0x000875fa                Graph::update()
 *fill*         0x00087656        0x2 
 .text._ZN5Graph14_drawCrosshairEv
                0x00087658      0x18c C:\Users\emili\AppData\Local\Temp\VMBuilds\Calculator\arduino_due_x_dbg\Debug\ui\graph.cpp.o
                0x00087658                Graph::_drawCrosshair()
 .text._ZN5Graph13_drawFunctionEv
                0x000877e4      0x140 C:\Users\emili\AppData\Local\Temp\VMBuilds\Calculator\arduino_due_x_dbg\Debug\ui\graph.cpp.o
                0x000877e4                Graph::_drawFunction()
 .text._ZN5Graph9_drawDataEv
                0x00087924       0xd0 C:\Users\emili\AppData\Local\Temp\VMBuilds\Calculator\arduino_due_x_dbg\Debug\ui\graph.cpp.o
                0x00087924                Graph::_drawData()
 .text._ZN5Graph4drawEv
                0x000879f4       0x84 C:\Users\emili\AppData\Local\Temp\VMBuilds\Calculator\arduino_due_x_dbg\Debug\ui\graph.cpp.o
                0x000879f4                Graph::draw()
 .text._ZN5Graph11setFunctionE6String
                0x00087a78       0x10 C:\Users\emili\AppData\Local\Temp\VMBuilds\Calculator\arduino_due_x_dbg\Debug\ui\graph.cpp.o
                0x00087a78                Graph::setFunction(String)
 .text._ZN5Graph10updateDataEi
                0x00087a88       0xf4 C:\Users\emili\AppData\Local\Temp\VMBuilds\Calculator\arduino_due_x_dbg\Debug\ui\graph.cpp.o
                0x00087a88                Graph::updateData(int)
 .text._ZN5Graph13getDataBufferEv
                0x00087b7c        0x4 C:\Users\emili\AppData\Local\Temp\VMBuilds\Calculator\arduino_due_x_dbg\Debug\ui\graph.cpp.o
                0x00087b7c                Graph::getDataBuffer()
 .text._ZN5Graph12shouldRedrawEv
                0x00087b80        0x6 C:\Users\emili\AppData\Local\Temp\VMBuilds\Calculator\arduino_due_x_dbg\Debug\ui\graph.cpp.o
                0x00087b80                Graph::shouldRedraw()
 .text._ZN5Label6updateEv
                0x00087b86        0x2 C:\Users\emili\AppData\Local\Temp\VMBuilds\Calculator\arduino_due_x_dbg\Debug\ui\label.cpp.o
                0x00087b86                Label::update()
 .text._ZN5Label4drawEv
                0x00087b88      0x134 C:\Users\emili\AppData\Local\Temp\VMBuilds\Calculator\arduino_due_x_dbg\Debug\ui\label.cpp.o
                0x00087b88                Label::draw()
 .text._ZN5Label7setTextE6String
                0x00087cbc        0x6 C:\Users\emili\AppData\Local\Temp\VMBuilds\Calculator\arduino_due_x_dbg\Debug\ui\label.cpp.o
                0x00087cbc                Label::setText(String)
 .text._ZN5Label7getTextEv
                0x00087cc2        0xe C:\Users\emili\AppData\Local\Temp\VMBuilds\Calculator\arduino_due_x_dbg\Debug\ui\label.cpp.o
                0x00087cc2                Label::getText()
 .text._ZN5Label12setAlignmentEh
                0x00087cd0        0x6 C:\Users\emili\AppData\Local\Temp\VMBuilds\Calculator\arduino_due_x_dbg\Debug\ui\label.cpp.o
                0x00087cd0                Label::setAlignment(unsigned char)
 .text._ZN5Table6updateEv
                0x00087cd6       0xec C:\Users\emili\AppData\Local\Temp\VMBuilds\Calculator\arduino_due_x_dbg\Debug\ui\table.cpp.o
                0x00087cd6                Table::update()
 .text._ZN5Table4drawEv
                0x00087dc2       0x1a C:\Users\emili\AppData\Local\Temp\VMBuilds\Calculator\arduino_due_x_dbg\Debug\ui\table.cpp.o
                0x00087dc2                Table::draw()
 .text._ZN5Table7getDataEPf
                0x00087ddc       0xa8 C:\Users\emili\AppData\Local\Temp\VMBuilds\Calculator\arduino_due_x_dbg\Debug\ui\table.cpp.o
                0x00087ddc                Table::getData(float*)
 .text._ZN5Table10setFocusedEb
                0x00087e84       0x12 C:\Users\emili\AppData\Local\Temp\VMBuilds\Calculator\arduino_due_x_dbg\Debug\ui\table.cpp.o
                0x00087e84                Table::setFocused(bool)
 *fill*         0x00087e96        0x2 
 .text._ZN9TextField6updateEv
                0x00087e98      0x1d0 C:\Users\emili\AppData\Local\Temp\VMBuilds\Calculator\arduino_due_x_dbg\Debug\ui\textfield.cpp.o
                0x00087e98                TextField::update()
 .text._ZN9TextField4drawEv
                0x00088068       0x6c C:\Users\emili\AppData\Local\Temp\VMBuilds\Calculator\arduino_due_x_dbg\Debug\ui\textfield.cpp.o
                0x00088068                TextField::draw()
 .text._ZN9TextField9setCursorEh
                0x000880d4        0xc C:\Users\emili\AppData\Local\Temp\VMBuilds\Calculator\arduino_due_x_dbg\Debug\ui\textfield.cpp.o
                0x000880d4                TextField::setCursor(unsigned char)
 .text._ZN9TextField9getCursorEv
                0x000880e0        0x6 C:\Users\emili\AppData\Local\Temp\VMBuilds\Calculator\arduino_due_x_dbg\Debug\ui\textfield.cpp.o
                0x000880e0                TextField::getCursor()
 .text._Z11serialEventv
                0x000880e6        0x2 C:\Users\emili\AppData\Local\Temp\VMBuilds\Calculator\arduino_due_x_dbg\Debug\variant\variant.cpp.o
                0x000880e6                serialEvent()
 .text.UART_Handler
                0x000880e8        0xc C:\Users\emili\AppData\Local\Temp\VMBuilds\Calculator\arduino_due_x_dbg\Debug\variant\variant.cpp.o
                0x000880e8                UART_Handler
 .text._Z12serialEvent1v
                0x000880f4        0x2 C:\Users\emili\AppData\Local\Temp\VMBuilds\Calculator\arduino_due_x_dbg\Debug\variant\variant.cpp.o
                0x000880f4                serialEvent1()
 .text._Z12serialEvent2v
                0x000880f6        0x2 C:\Users\emili\AppData\Local\Temp\VMBuilds\Calculator\arduino_due_x_dbg\Debug\variant\variant.cpp.o
                0x000880f6                serialEvent2()
 .text._Z12serialEvent3v
                0x000880f8        0x2 C:\Users\emili\AppData\Local\Temp\VMBuilds\Calculator\arduino_due_x_dbg\Debug\variant\variant.cpp.o
                0x000880f8                serialEvent3()
 *fill*         0x000880fa        0x2 
 .text.USART0_Handler
                0x000880fc        0xc C:\Users\emili\AppData\Local\Temp\VMBuilds\Calculator\arduino_due_x_dbg\Debug\variant\variant.cpp.o
                0x000880fc                USART0_Handler
 .text.USART1_Handler
                0x00088108        0xc C:\Users\emili\AppData\Local\Temp\VMBuilds\Calculator\arduino_due_x_dbg\Debug\variant\variant.cpp.o
                0x00088108                USART1_Handler
 .text.USART3_Handler
                0x00088114        0xc C:\Users\emili\AppData\Local\Temp\VMBuilds\Calculator\arduino_due_x_dbg\Debug\variant\variant.cpp.o
                0x00088114                USART3_Handler
 .text.init     0x00088120      0x128 C:\Users\emili\AppData\Local\Temp\VMBuilds\Calculator\arduino_due_x_dbg\Debug\variant\variant.cpp.o
                0x00088120                init
 .text.startup._GLOBAL__sub_I_g_APinDescription
                0x00088248       0xd4 C:\Users\emili\AppData\Local\Temp\VMBuilds\Calculator\arduino_due_x_dbg\Debug\variant\variant.cpp.o
 .text._Z14serialEventRunv
                0x0008831c       0x44 C:\Users\emili\AppData\Local\Temp\VMBuilds\Calculator\arduino_due_x_dbg\Debug\variant\variant.cpp.o
                0x0008831c                serialEventRun()
 .text.PIO_PullUp
                0x00088360        0xa C:\Users\emili\AppData\Local\arduino15\packages\arduino\hardware\sam\1.6.11\variants\arduino_due_x/libsam_sam3x8e_gcc_rel.a(pio.o)
                0x00088360                PIO_PullUp
 .text.PIO_SetPeripheral
                0x0008836a       0x26 C:\Users\emili\AppData\Local\arduino15\packages\arduino\hardware\sam\1.6.11\variants\arduino_due_x/libsam_sam3x8e_gcc_rel.a(pio.o)
                0x0008836a                PIO_SetPeripheral
 .text.PIO_SetInput
                0x00088390       0x26 C:\Users\emili\AppData\Local\arduino15\packages\arduino\hardware\sam\1.6.11\variants\arduino_due_x/libsam_sam3x8e_gcc_rel.a(pio.o)
                0x00088390                PIO_SetInput
 .text.PIO_SetOutput
                0x000883b6       0x24 C:\Users\emili\AppData\Local\arduino15\packages\arduino\hardware\sam\1.6.11\variants\arduino_due_x/libsam_sam3x8e_gcc_rel.a(pio.o)
                0x000883b6                PIO_SetOutput
 *fill*         0x000883da        0x2 
 .text.PIO_Configure
                0x000883dc       0x64 C:\Users\emili\AppData\Local\arduino15\packages\arduino\hardware\sam\1.6.11\variants\arduino_due_x/libsam_sam3x8e_gcc_rel.a(pio.o)
                0x000883dc                PIO_Configure
 .text.PIO_GetOutputDataStatus
                0x00088440       0x14 C:\Users\emili\AppData\Local\arduino15\packages\arduino\hardware\sam\1.6.11\variants\arduino_due_x/libsam_sam3x8e_gcc_rel.a(pio.o)
                0x00088440                PIO_GetOutputDataStatus
 .text.pmc_enable_upll_clock
                0x00088454       0x14 C:\Users\emili\AppData\Local\arduino15\packages\arduino\hardware\sam\1.6.11\variants\arduino_due_x/libsam_sam3x8e_gcc_rel.a(pmc.o)
                0x00088454                pmc_enable_upll_clock
 .text.pmc_enable_periph_clk
                0x00088468       0x44 C:\Users\emili\AppData\Local\arduino15\packages\arduino\hardware\sam\1.6.11\variants\arduino_due_x/libsam_sam3x8e_gcc_rel.a(pmc.o)
                0x00088468                pmc_enable_periph_clk
 .text.pmc_disable_periph_clk
                0x000884ac       0x40 C:\Users\emili\AppData\Local\arduino15\packages\arduino\hardware\sam\1.6.11\variants\arduino_due_x/libsam_sam3x8e_gcc_rel.a(pmc.o)
                0x000884ac                pmc_disable_periph_clk
 .text.pmc_switch_udpck_to_upllck
                0x000884ec       0x14 C:\Users\emili\AppData\Local\arduino15\packages\arduino\hardware\sam\1.6.11\variants\arduino_due_x/libsam_sam3x8e_gcc_rel.a(pmc.o)
                0x000884ec                pmc_switch_udpck_to_upllck
 .text.pmc_enable_udpck
                0x00088500        0xc C:\Users\emili\AppData\Local\arduino15\packages\arduino\hardware\sam\1.6.11\variants\arduino_due_x/libsam_sam3x8e_gcc_rel.a(pmc.o)
                0x00088500                pmc_enable_udpck
 .text.TWI_SetClock
                0x0008850c       0x58 C:\Users\emili\AppData\Local\arduino15\packages\arduino\hardware\sam\1.6.11\variants\arduino_due_x/libsam_sam3x8e_gcc_rel.a(twi.o)
                0x0008850c                TWI_SetClock
 .text.TWI_Disable
                0x00088564       0x2c C:\Users\emili\AppData\Local\arduino15\packages\arduino\hardware\sam\1.6.11\variants\arduino_due_x/libsam_sam3x8e_gcc_rel.a(twi.o)
                0x00088564                TWI_Disable
 .text.TWI_ConfigureMaster
                0x00088590       0x48 C:\Users\emili\AppData\Local\arduino15\packages\arduino\hardware\sam\1.6.11\variants\arduino_due_x/libsam_sam3x8e_gcc_rel.a(twi.o)
                0x00088590                TWI_ConfigureMaster
 .text.TWI_Stop
                0x000885d8       0x28 C:\Users\emili\AppData\Local\arduino15\packages\arduino\hardware\sam\1.6.11\variants\arduino_due_x/libsam_sam3x8e_gcc_rel.a(twi.o)
                0x000885d8                TWI_Stop
 .text.TWI_StartRead
                0x00088600       0x70 C:\Users\emili\AppData\Local\arduino15\packages\arduino\hardware\sam\1.6.11\variants\arduino_due_x/libsam_sam3x8e_gcc_rel.a(twi.o)
                0x00088600                TWI_StartRead
 .text.TWI_ReadByte
                0x00088670       0x28 C:\Users\emili\AppData\Local\arduino15\packages\arduino\hardware\sam\1.6.11\variants\arduino_due_x/libsam_sam3x8e_gcc_rel.a(twi.o)
                0x00088670                TWI_ReadByte
 .text.TWI_WriteByte
                0x00088698       0x24 C:\Users\emili\AppData\Local\arduino15\packages\arduino\hardware\sam\1.6.11\variants\arduino_due_x/libsam_sam3x8e_gcc_rel.a(twi.o)
                0x00088698                TWI_WriteByte
 .text.TWI_StartWrite
                0x000886bc       0x7c C:\Users\emili\AppData\Local\arduino15\packages\arduino\hardware\sam\1.6.11\variants\arduino_due_x/libsam_sam3x8e_gcc_rel.a(twi.o)
                0x000886bc                TWI_StartWrite
 .text.TWI_EnableIt
                0x00088738       0x40 C:\Users\emili\AppData\Local\arduino15\packages\arduino\hardware\sam\1.6.11\variants\arduino_due_x/libsam_sam3x8e_gcc_rel.a(twi.o)
                0x00088738                TWI_EnableIt
 .text.TWI_DisableIt
                0x00088778       0x40 C:\Users\emili\AppData\Local\arduino15\packages\arduino\hardware\sam\1.6.11\variants\arduino_due_x/libsam_sam3x8e_gcc_rel.a(twi.o)
                0x00088778                TWI_DisableIt
 .text.TWI_GetStatus
                0x000887b8       0x28 C:\Users\emili\AppData\Local\arduino15\packages\arduino\hardware\sam\1.6.11\variants\arduino_due_x/libsam_sam3x8e_gcc_rel.a(twi.o)
                0x000887b8                TWI_GetStatus
 .text.TWI_SendSTOPCondition
                0x000887e0       0x2c C:\Users\emili\AppData\Local\arduino15\packages\arduino\hardware\sam\1.6.11\variants\arduino_due_x/libsam_sam3x8e_gcc_rel.a(twi.o)
                0x000887e0                TWI_SendSTOPCondition
 .text.SystemInit
                0x0008880c       0x88 C:\Users\emili\AppData\Local\arduino15\packages\arduino\hardware\sam\1.6.11\variants\arduino_due_x/libsam_sam3x8e_gcc_rel.a(system_sam3xa.o)
                0x0008880c                SystemInit
 .text.Reset_Handler
                0x00088894       0x78 C:\Users\emili\AppData\Local\arduino15\packages\arduino\hardware\sam\1.6.11\variants\arduino_due_x/libsam_sam3x8e_gcc_rel.a(startup_sam3xa.o)
                0x00088894                Reset_Handler
 .text.adc_init
                0x0008890c       0x98 C:\Users\emili\AppData\Local\arduino15\packages\arduino\hardware\sam\1.6.11\variants\arduino_due_x/libsam_sam3x8e_gcc_rel.a(adc.o)
                0x0008890c                adc_init
 .text.adc_configure_trigger
                0x000889a4        0xe C:\Users\emili\AppData\Local\arduino15\packages\arduino\hardware\sam\1.6.11\variants\arduino_due_x/libsam_sam3x8e_gcc_rel.a(adc.o)
                0x000889a4                adc_configure_trigger
 .text.adc_configure_timing
                0x000889b2       0x1a C:\Users\emili\AppData\Local\arduino15\packages\arduino\hardware\sam\1.6.11\variants\arduino_due_x/libsam_sam3x8e_gcc_rel.a(adc.o)
                0x000889b2                adc_configure_timing
 .text.adc_disable_channel
                0x000889cc        0xa C:\Users\emili\AppData\Local\arduino15\packages\arduino\hardware\sam\1.6.11\variants\arduino_due_x/libsam_sam3x8e_gcc_rel.a(adc.o)
                0x000889cc                adc_disable_channel
 .text.adc_disable_all_channel
                0x000889d6        0x8 C:\Users\emili\AppData\Local\arduino15\packages\arduino\hardware\sam\1.6.11\variants\arduino_due_x/libsam_sam3x8e_gcc_rel.a(adc.o)
                0x000889d6                adc_disable_all_channel
 .text.adc_disable_interrupt
                0x000889de        0x4 C:\Users\emili\AppData\Local\arduino15\packages\arduino\hardware\sam\1.6.11\variants\arduino_due_x/libsam_sam3x8e_gcc_rel.a(adc.o)
                0x000889de                adc_disable_interrupt
 *fill*         0x000889e2        0x2 
 .text.UOTGHS_Handler
                0x000889e4       0x10 C:\Users\emili\AppData\Local\arduino15\packages\arduino\hardware\sam\1.6.11\variants\arduino_due_x/libsam_sam3x8e_gcc_rel.a(uotghs.o)
                0x000889e4                UOTGHS_Handler
 .text.__halt   0x000889f4        0x2 C:\Users\emili\AppData\Local\Temp\VMBuilds\Calculator\arduino_due_x_dbg\Debug/core.a(cortex_handlers.c.o)
                0x000889f4                DACC_Handler
                0x000889f4                DebugMon_Handler
                0x000889f4                DMAC_Handler
                0x000889f4                TRNG_Handler
                0x000889f4                HardFault_Handler
                0x000889f4                TC2_Handler
                0x000889f4                NMI_Handler
                0x000889f4                TC7_Handler
                0x000889f4                ADC_Handler
                0x000889f4                SMC_Handler
                0x000889f4                RTT_Handler
                0x000889f4                EFC1_Handler
                0x000889f4                PIOB_Handler
                0x000889f4                RTC_Handler
                0x000889f4                UsageFault_Handler
                0x000889f4                TC6_Handler
                0x000889f4                WDT_Handler
                0x000889f4                CAN0_Handler
                0x000889f4                TC4_Handler
                0x000889f4                TC1_Handler
                0x000889f4                HSMCI_Handler
                0x000889f4                TC3_Handler
                0x000889f4                PIOA_Handler
                0x000889f4                SSC_Handler
                0x000889f4                EFC0_Handler
                0x000889f4                PMC_Handler
                0x000889f4                PWM_Handler
                0x000889f4                CAN1_Handler
                0x000889f4                MemManage_Handler
                0x000889f4                SUPC_Handler
                0x000889f4                TC8_Handler
                0x000889f4                USART2_Handler
                0x000889f4                PIOD_Handler
                0x000889f4                EMAC_Handler
                0x000889f4                PIOC_Handler
                0x000889f4                BusFault_Handler
                0x000889f4                RSTC_Handler
                0x000889f4                TC0_Handler
                0x000889f4                TC5_Handler
                0x000889f4                SPI0_Handler
 .text.SVC_Handler
                0x000889f6        0x4 C:\Users\emili\AppData\Local\Temp\VMBuilds\Calculator\arduino_due_x_dbg\Debug/core.a(cortex_handlers.c.o)
                0x000889f6                SVC_Handler
 .text.PendSV_Handler
                0x000889fa        0x4 C:\Users\emili\AppData\Local\Temp\VMBuilds\Calculator\arduino_due_x_dbg\Debug/core.a(cortex_handlers.c.o)
                0x000889fa                PendSV_Handler
 .text.SysTick_Handler
                0x000889fe       0x16 C:\Users\emili\AppData\Local\Temp\VMBuilds\Calculator\arduino_due_x_dbg\Debug/core.a(cortex_handlers.c.o)
                0x000889fe                SysTick_Handler
 .text.__empty  0x00088a14        0x2 C:\Users\emili\AppData\Local\Temp\VMBuilds\Calculator\arduino_due_x_dbg\Debug/core.a(hooks.c.o)
                0x00088a14                yield
 .text.__false  0x00088a16        0x4 C:\Users\emili\AppData\Local\Temp\VMBuilds\Calculator\arduino_due_x_dbg\Debug/core.a(hooks.c.o)
                0x00088a16                sysTickHook
 .text.__halt   0x00088a1a        0x2 C:\Users\emili\AppData\Local\Temp\VMBuilds\Calculator\arduino_due_x_dbg\Debug/core.a(hooks.c.o)
                0x00088a1a                svcHook
                0x00088a1a                pendSVHook
 .text._sbrk    0x00088a1c       0x1c C:\Users\emili\AppData\Local\Temp\VMBuilds\Calculator\arduino_due_x_dbg\Debug/core.a(syscalls_sam3.c.o)
                0x00088a1c                _sbrk
 .text.link     0x00088a38        0x6 C:\Users\emili\AppData\Local\Temp\VMBuilds\Calculator\arduino_due_x_dbg\Debug/core.a(syscalls_sam3.c.o)
                0x00088a38                link
 .text._close   0x00088a3e        0x6 C:\Users\emili\AppData\Local\Temp\VMBuilds\Calculator\arduino_due_x_dbg\Debug/core.a(syscalls_sam3.c.o)
                0x00088a3e                _close
 .text._fstat   0x00088a44        0xa C:\Users\emili\AppData\Local\Temp\VMBuilds\Calculator\arduino_due_x_dbg\Debug/core.a(syscalls_sam3.c.o)
                0x00088a44                _fstat
 .text._isatty  0x00088a4e        0x4 C:\Users\emili\AppData\Local\Temp\VMBuilds\Calculator\arduino_due_x_dbg\Debug/core.a(syscalls_sam3.c.o)
                0x00088a4e                _isatty
 .text._lseek   0x00088a52        0x4 C:\Users\emili\AppData\Local\Temp\VMBuilds\Calculator\arduino_due_x_dbg\Debug/core.a(syscalls_sam3.c.o)
                0x00088a52                _lseek
 .text._read    0x00088a56        0x4 C:\Users\emili\AppData\Local\Temp\VMBuilds\Calculator\arduino_due_x_dbg\Debug/core.a(syscalls_sam3.c.o)
                0x00088a56                _read
 *fill*         0x00088a5a        0x2 
 .text._write   0x00088a5c       0x24 C:\Users\emili\AppData\Local\Temp\VMBuilds\Calculator\arduino_due_x_dbg\Debug/core.a(syscalls_sam3.c.o)
                0x00088a5c                _write
 .text._exit    0x00088a80       0x10 C:\Users\emili\AppData\Local\Temp\VMBuilds\Calculator\arduino_due_x_dbg\Debug/core.a(syscalls_sam3.c.o)
                0x00088a80                _exit
 .text._kill    0x00088a90        0x2 C:\Users\emili\AppData\Local\Temp\VMBuilds\Calculator\arduino_due_x_dbg\Debug/core.a(syscalls_sam3.c.o)
                0x00088a90                _kill
 .text._getpid  0x00088a92        0x6 C:\Users\emili\AppData\Local\Temp\VMBuilds\Calculator\arduino_due_x_dbg\Debug/core.a(syscalls_sam3.c.o)
                0x00088a92                _getpid
 .text.millis   0x00088a98        0x4 C:\Users\emili\AppData\Local\Temp\VMBuilds\Calculator\arduino_due_x_dbg\Debug/core.a(wiring.c.o)
                0x00088a98                millis
 .text.delay    0x00088a9c       0x1c C:\Users\emili\AppData\Local\Temp\VMBuilds\Calculator\arduino_due_x_dbg\Debug/core.a(wiring.c.o)
                0x00088a9c                delay
 .text.analogOutputInit
                0x00088ab8        0x2 C:\Users\emili\AppData\Local\Temp\VMBuilds\Calculator\arduino_due_x_dbg\Debug/core.a(wiring_analog.c.o)
                0x00088ab8                analogOutputInit
 *fill*         0x00088aba        0x2 
 .text.pinMode  0x00088abc      0x108 C:\Users\emili\AppData\Local\Temp\VMBuilds\Calculator\arduino_due_x_dbg\Debug/core.a(wiring_digital.c.o)
                0x00088abc                pinMode
 .text.digitalWrite
                0x00088bc4       0x70 C:\Users\emili\AppData\Local\Temp\VMBuilds\Calculator\arduino_due_x_dbg\Debug/core.a(wiring_digital.c.o)
                0x00088bc4                digitalWrite
 .text.initVariant
                0x00088c34        0x2 C:\Users\emili\AppData\Local\Temp\VMBuilds\Calculator\arduino_due_x_dbg\Debug/core.a(main.cpp.o)
                0x00088c34                initVariant
 *fill*         0x00088c36        0x2 
 .text.startup.main
                0x00088c38       0x38 C:\Users\emili\AppData\Local\Temp\VMBuilds\Calculator\arduino_due_x_dbg\Debug/core.a(main.cpp.o)
                0x00088c38                main
 .text._ZN5Print5writeEPKhj
                0x00088c70       0x22 C:\Users\emili\AppData\Local\Temp\VMBuilds\Calculator\arduino_due_x_dbg\Debug/core.a(Print.cpp.o)
                0x00088c70                Print::write(unsigned char const*, unsigned int)
 .text._ZN5Print5printEmi.part.3
                0x00088c92        0xc C:\Users\emili\AppData\Local\Temp\VMBuilds\Calculator\arduino_due_x_dbg\Debug/core.a(Print.cpp.o)
 .text._ZN5Print5writeEPKc
                0x00088c9e       0x1e C:\Users\emili\AppData\Local\Temp\VMBuilds\Calculator\arduino_due_x_dbg\Debug/core.a(Print.cpp.o)
                0x00088c9e                Print::write(char const*)
 .text._ZN5Print5printERK6String
                0x00088cbc       0x10 C:\Users\emili\AppData\Local\Temp\VMBuilds\Calculator\arduino_due_x_dbg\Debug/core.a(Print.cpp.o)
                0x00088cbc                Print::print(String const&)
 .text._ZN5Print5printEPKc
                0x00088ccc        0x8 C:\Users\emili\AppData\Local\Temp\VMBuilds\Calculator\arduino_due_x_dbg\Debug/core.a(Print.cpp.o)
                0x00088ccc                Print::print(char const*)
 .text._ZN5Print7printlnEv
                0x00088cd4       0x10 C:\Users\emili\AppData\Local\Temp\VMBuilds\Calculator\arduino_due_x_dbg\Debug/core.a(Print.cpp.o)
                0x00088cd4                Print::println()
 .text._ZN5Print7printlnERK6String
                0x00088ce4       0x14 C:\Users\emili\AppData\Local\Temp\VMBuilds\Calculator\arduino_due_x_dbg\Debug/core.a(Print.cpp.o)
                0x00088ce4                Print::println(String const&)
 .text._ZN5Print7printlnEPKc
                0x00088cf8       0x14 C:\Users\emili\AppData\Local\Temp\VMBuilds\Calculator\arduino_due_x_dbg\Debug/core.a(Print.cpp.o)
                0x00088cf8                Print::println(char const*)
 .text._ZN5Print11printNumberEmh
                0x00088d0c       0x3e C:\Users\emili\AppData\Local\Temp\VMBuilds\Calculator\arduino_due_x_dbg\Debug/core.a(Print.cpp.o)
                0x00088d0c                Print::printNumber(unsigned long, unsigned char)
 .text._ZN5Print5printEmi
                0x00088d4a        0xc C:\Users\emili\AppData\Local\Temp\VMBuilds\Calculator\arduino_due_x_dbg\Debug/core.a(Print.cpp.o)
                0x00088d4a                Print::print(unsigned long, int)
 .text._ZN5Print5printEhi
                0x00088d56        0x4 C:\Users\emili\AppData\Local\Temp\VMBuilds\Calculator\arduino_due_x_dbg\Debug/core.a(Print.cpp.o)
                0x00088d56                Print::print(unsigned char, int)
 *fill*         0x00088d5a        0x2 
 .text.initiateReset
                0x00088d5c        0xc C:\Users\emili\AppData\Local\Temp\VMBuilds\Calculator\arduino_due_x_dbg\Debug/core.a(Reset.cpp.o)
                0x00088d5c                initiateReset
 .text.cancelReset
                0x00088d68       0x10 C:\Users\emili\AppData\Local\Temp\VMBuilds\Calculator\arduino_due_x_dbg\Debug/core.a(Reset.cpp.o)
                0x00088d68                cancelReset
 .text.tickReset
                0x00088d78       0x20 C:\Users\emili\AppData\Local\Temp\VMBuilds\Calculator\arduino_due_x_dbg\Debug/core.a(Reset.cpp.o)
                0x00088d78                tickReset
 .text._ZN10RingBufferC2Ev
                0x00088d98       0x1a C:\Users\emili\AppData\Local\Temp\VMBuilds\Calculator\arduino_due_x_dbg\Debug/core.a(RingBuffer.cpp.o)
                0x00088d98                RingBuffer::RingBuffer()
                0x00088d98                RingBuffer::RingBuffer()
 .text._ZN10RingBuffer10store_charEh
                0x00088db2       0x1e C:\Users\emili\AppData\Local\Temp\VMBuilds\Calculator\arduino_due_x_dbg\Debug/core.a(RingBuffer.cpp.o)
                0x00088db2                RingBuffer::store_char(unsigned char)
 .text._ZN9UARTClasscvbEv
                0x00088dd0        0x4 C:\Users\emili\AppData\Local\Temp\VMBuilds\Calculator\arduino_due_x_dbg\Debug/core.a(UARTClass.cpp.o)
                0x00088dd0                UARTClass::operator bool()
 .text._ZN9UARTClass9availableEv
                0x00088dd4       0x12 C:\Users\emili\AppData\Local\Temp\VMBuilds\Calculator\arduino_due_x_dbg\Debug/core.a(UARTClass.cpp.o)
                0x00088dd4                UARTClass::available()
 .text._ZN9UARTClass4peekEv
                0x00088de6       0x1c C:\Users\emili\AppData\Local\Temp\VMBuilds\Calculator\arduino_due_x_dbg\Debug/core.a(UARTClass.cpp.o)
                0x00088de6                UARTClass::peek()
 .text._ZN9UARTClass4readEv
                0x00088e02       0x2a C:\Users\emili\AppData\Local\Temp\VMBuilds\Calculator\arduino_due_x_dbg\Debug/core.a(UARTClass.cpp.o)
                0x00088e02                UARTClass::read()
 .text._ZN9UARTClass5flushEv
                0x00088e2c       0x18 C:\Users\emili\AppData\Local\Temp\VMBuilds\Calculator\arduino_due_x_dbg\Debug/core.a(UARTClass.cpp.o)
                0x00088e2c                UARTClass::flush()
 .text._ZN9UARTClass5writeEh
                0x00088e44       0x54 C:\Users\emili\AppData\Local\Temp\VMBuilds\Calculator\arduino_due_x_dbg\Debug/core.a(UARTClass.cpp.o)
                0x00088e44                UARTClass::write(unsigned char)
 .text._ZN9UARTClass3endEv
                0x00088e98       0x3c C:\Users\emili\AppData\Local\Temp\VMBuilds\Calculator\arduino_due_x_dbg\Debug/core.a(UARTClass.cpp.o)
                0x00088e98                UARTClass::end()
 .text._ZN9UARTClassC2EP4Uart4IRQnmP10RingBufferS4_
                0x00088ed4       0x24 C:\Users\emili\AppData\Local\Temp\VMBuilds\Calculator\arduino_due_x_dbg\Debug/core.a(UARTClass.cpp.o)
                0x00088ed4                UARTClass::UARTClass(Uart*, IRQn, unsigned long, RingBuffer*, RingBuffer*)
                0x00088ed4                UARTClass::UARTClass(Uart*, IRQn, unsigned long, RingBuffer*, RingBuffer*)
 .text._ZN9UARTClass4initEmm
                0x00088ef8       0x70 C:\Users\emili\AppData\Local\Temp\VMBuilds\Calculator\arduino_due_x_dbg\Debug/core.a(UARTClass.cpp.o)
                0x00088ef8                UARTClass::init(unsigned long, unsigned long)
 .text._ZN9UARTClass5beginEm
                0x00088f68        0x8 C:\Users\emili\AppData\Local\Temp\VMBuilds\Calculator\arduino_due_x_dbg\Debug/core.a(UARTClass.cpp.o)
                0x00088f68                UARTClass::begin(unsigned long)
 .text._ZN9UARTClass10IrqHandlerEv
                0x00088f70       0x5a C:\Users\emili\AppData\Local\Temp\VMBuilds\Calculator\arduino_due_x_dbg\Debug/core.a(UARTClass.cpp.o)
                0x00088f70                UARTClass::IrqHandler()
 .text._ZN10USARTClass5beginEm
                0x00088fca        0x8 C:\Users\emili\AppData\Local\Temp\VMBuilds\Calculator\arduino_due_x_dbg\Debug/core.a(USARTClass.cpp.o)
                0x00088fca                USARTClass::begin(unsigned long)
 *fill*         0x00088fd2        0x2 
 .text._ZN10USARTClassC2EP5Usart4IRQnmP10RingBufferS4_
                0x00088fd4       0x24 C:\Users\emili\AppData\Local\Temp\VMBuilds\Calculator\arduino_due_x_dbg\Debug/core.a(USARTClass.cpp.o)
                0x00088fd4                USARTClass::USARTClass(Usart*, IRQn, unsigned long, RingBuffer*, RingBuffer*)
                0x00088fd4                USARTClass::USARTClass(Usart*, IRQn, unsigned long, RingBuffer*, RingBuffer*)
 .text._watchdogDefaultSetup
                0x00088ff8        0xc C:\Users\emili\AppData\Local\Temp\VMBuilds\Calculator\arduino_due_x_dbg\Debug/core.a(watchdog.cpp.o)
                0x00088ff8                _watchdogDefaultSetup
                0x00088ff8                watchdogSetup()
 .text._ZNK6String14StringIfHelperEv
                0x00089004        0x2 C:\Users\emili\AppData\Local\Temp\VMBuilds\Calculator\arduino_due_x_dbg\Debug/core.a(WString.cpp.o)
                0x00089004                String::StringIfHelper() const
 .text._ZN6StringD2Ev
                0x00089006        0xe C:\Users\emili\AppData\Local\Temp\VMBuilds\Calculator\arduino_due_x_dbg\Debug/core.a(WString.cpp.o)
                0x00089006                String::~String()
                0x00089006                String::~String()
 .text._ZN6String10invalidateEv
                0x00089014       0x16 C:\Users\emili\AppData\Local\Temp\VMBuilds\Calculator\arduino_due_x_dbg\Debug/core.a(WString.cpp.o)
                0x00089014                String::invalidate()
 .text._ZN6String12changeBufferEj
                0x0008902a       0x18 C:\Users\emili\AppData\Local\Temp\VMBuilds\Calculator\arduino_due_x_dbg\Debug/core.a(WString.cpp.o)
                0x0008902a                String::changeBuffer(unsigned int)
 .text._ZN6String7reserveEj
                0x00089042       0x22 C:\Users\emili\AppData\Local\Temp\VMBuilds\Calculator\arduino_due_x_dbg\Debug/core.a(WString.cpp.o)
                0x00089042                String::reserve(unsigned int)
 .text._ZN6String4copyEPKcj
                0x00089064       0x26 C:\Users\emili\AppData\Local\Temp\VMBuilds\Calculator\arduino_due_x_dbg\Debug/core.a(WString.cpp.o)
                0x00089064                String::copy(char const*, unsigned int)
 .text._ZN6StringC2EPKc
                0x0008908a       0x24 C:\Users\emili\AppData\Local\Temp\VMBuilds\Calculator\arduino_due_x_dbg\Debug/core.a(WString.cpp.o)
                0x0008908a                String::String(char const*)
                0x0008908a                String::String(char const*)
 *fill*         0x000890ae        0x2 
 .text._ZN6String4moveERS_
                0x000890b0       0x44 C:\Users\emili\AppData\Local\Temp\VMBuilds\Calculator\arduino_due_x_dbg\Debug/core.a(WString.cpp.o)
                0x000890b0                String::move(String&)
 .text._ZN6StringaSERKS_
                0x000890f4       0x1e C:\Users\emili\AppData\Local\Temp\VMBuilds\Calculator\arduino_due_x_dbg\Debug/core.a(WString.cpp.o)
                0x000890f4                String::operator=(String const&)
 .text._ZN6StringC2ERKS_
                0x00089112       0x14 C:\Users\emili\AppData\Local\Temp\VMBuilds\Calculator\arduino_due_x_dbg\Debug/core.a(WString.cpp.o)
                0x00089112                String::String(String const&)
                0x00089112                String::String(String const&)
 .text._ZN6StringaSEOS_
                0x00089126       0x10 C:\Users\emili\AppData\Local\Temp\VMBuilds\Calculator\arduino_due_x_dbg\Debug/core.a(WString.cpp.o)
                0x00089126                String::operator=(String&&)
 .text._ZN6StringaSEPKc
                0x00089136       0x22 C:\Users\emili\AppData\Local\Temp\VMBuilds\Calculator\arduino_due_x_dbg\Debug/core.a(WString.cpp.o)
                0x00089136                String::operator=(char const*)
 .text._ZN6StringC2Ec
                0x00089158       0x20 C:\Users\emili\AppData\Local\Temp\VMBuilds\Calculator\arduino_due_x_dbg\Debug/core.a(WString.cpp.o)
                0x00089158                String::String(char)
                0x00089158                String::String(char)
 .text._ZN6StringC2Eih
                0x00089178       0x24 C:\Users\emili\AppData\Local\Temp\VMBuilds\Calculator\arduino_due_x_dbg\Debug/core.a(WString.cpp.o)
                0x00089178                String::String(int, unsigned char)
                0x00089178                String::String(int, unsigned char)
 .text._ZN6StringC2Elh
                0x0008919c       0x24 C:\Users\emili\AppData\Local\Temp\VMBuilds\Calculator\arduino_due_x_dbg\Debug/core.a(WString.cpp.o)
                0x0008919c                String::String(long, unsigned char)
                0x0008919c                String::String(long, unsigned char)
 .text._ZN6StringC2Efh
                0x000891c0       0x32 C:\Users\emili\AppData\Local\Temp\VMBuilds\Calculator\arduino_due_x_dbg\Debug/core.a(WString.cpp.o)
                0x000891c0                String::String(float, unsigned char)
                0x000891c0                String::String(float, unsigned char)
 .text._ZN6StringC2Edh
                0x000891f2       0x32 C:\Users\emili\AppData\Local\Temp\VMBuilds\Calculator\arduino_due_x_dbg\Debug/core.a(WString.cpp.o)
                0x000891f2                String::String(double, unsigned char)
                0x000891f2                String::String(double, unsigned char)
 .text._ZN6String6concatEPKcj
                0x00089224       0x2e C:\Users\emili\AppData\Local\Temp\VMBuilds\Calculator\arduino_due_x_dbg\Debug/core.a(WString.cpp.o)
                0x00089224                String::concat(char const*, unsigned int)
 .text._ZN6String6concatERKS_
                0x00089252        0xa C:\Users\emili\AppData\Local\Temp\VMBuilds\Calculator\arduino_due_x_dbg\Debug/core.a(WString.cpp.o)
                0x00089252                String::concat(String const&)
 .text._ZN6String6concatEPKc
                0x0008925c       0x1e C:\Users\emili\AppData\Local\Temp\VMBuilds\Calculator\arduino_due_x_dbg\Debug/core.a(WString.cpp.o)
                0x0008925c                String::concat(char const*)
 .text._ZN6String6concatEc
                0x0008927a       0x1a C:\Users\emili\AppData\Local\Temp\VMBuilds\Calculator\arduino_due_x_dbg\Debug/core.a(WString.cpp.o)
                0x0008927a                String::concat(char)
 .text._ZplRK15StringSumHelperRK6String
                0x00089294       0x1a C:\Users\emili\AppData\Local\Temp\VMBuilds\Calculator\arduino_due_x_dbg\Debug/core.a(WString.cpp.o)
                0x00089294                operator+(StringSumHelper const&, String const&)
 .text._ZplRK15StringSumHelperPKc
                0x000892ae       0x24 C:\Users\emili\AppData\Local\Temp\VMBuilds\Calculator\arduino_due_x_dbg\Debug/core.a(WString.cpp.o)
                0x000892ae                operator+(StringSumHelper const&, char const*)
 .text._ZplRK15StringSumHelperc
                0x000892d2       0x14 C:\Users\emili\AppData\Local\Temp\VMBuilds\Calculator\arduino_due_x_dbg\Debug/core.a(WString.cpp.o)
                0x000892d2                operator+(StringSumHelper const&, char)
 .text._ZNK6String10startsWithERKS_j
                0x000892e6       0x2e C:\Users\emili\AppData\Local\Temp\VMBuilds\Calculator\arduino_due_x_dbg\Debug/core.a(WString.cpp.o)
                0x000892e6                String::startsWith(String const&, unsigned int) const
 .text._ZNK6String10startsWithERKS_
                0x00089314       0x12 C:\Users\emili\AppData\Local\Temp\VMBuilds\Calculator\arduino_due_x_dbg\Debug/core.a(WString.cpp.o)
                0x00089314                String::startsWith(String const&) const
 .text._ZNK6String8endsWithERKS_
                0x00089326       0x2c C:\Users\emili\AppData\Local\Temp\VMBuilds\Calculator\arduino_due_x_dbg\Debug/core.a(WString.cpp.o)
                0x00089326                String::endsWith(String const&) const
 .text._ZN6String9setCharAtEjc
                0x00089352        0xc C:\Users\emili\AppData\Local\Temp\VMBuilds\Calculator\arduino_due_x_dbg\Debug/core.a(WString.cpp.o)
                0x00089352                String::setCharAt(unsigned int, char)
 *fill*         0x0008935e        0x2 
 .text._ZN6StringixEj
                0x00089360       0x1c C:\Users\emili\AppData\Local\Temp\VMBuilds\Calculator\arduino_due_x_dbg\Debug/core.a(WString.cpp.o)
                0x00089360                String::operator[](unsigned int)
 .text._ZNK6String8getBytesEPhjj
                0x0008937c       0x30 C:\Users\emili\AppData\Local\Temp\VMBuilds\Calculator\arduino_due_x_dbg\Debug/core.a(WString.cpp.o)
                0x0008937c                String::getBytes(unsigned char*, unsigned int, unsigned int) const
 .text._ZNK6String7indexOfEcj
                0x000893ac       0x1c C:\Users\emili\AppData\Local\Temp\VMBuilds\Calculator\arduino_due_x_dbg\Debug/core.a(WString.cpp.o)
                0x000893ac                String::indexOf(char, unsigned int) const
 .text._ZNK6String7indexOfEc
                0x000893c8        0x6 C:\Users\emili\AppData\Local\Temp\VMBuilds\Calculator\arduino_due_x_dbg\Debug/core.a(WString.cpp.o)
                0x000893c8                String::indexOf(char) const
 .text._ZNK6String7indexOfERKS_j
                0x000893ce       0x1e C:\Users\emili\AppData\Local\Temp\VMBuilds\Calculator\arduino_due_x_dbg\Debug/core.a(WString.cpp.o)
                0x000893ce                String::indexOf(String const&, unsigned int) const
 .text._ZNK6String7indexOfERKS_
                0x000893ec        0x6 C:\Users\emili\AppData\Local\Temp\VMBuilds\Calculator\arduino_due_x_dbg\Debug/core.a(WString.cpp.o)
                0x000893ec                String::indexOf(String const&) const
 *fill*         0x000893f2        0x2 
 .text._ZNK6String9substringEjj
                0x000893f4       0x4c C:\Users\emili\AppData\Local\Temp\VMBuilds\Calculator\arduino_due_x_dbg\Debug/core.a(WString.cpp.o)
                0x000893f4                String::substring(unsigned int, unsigned int) const
 .text.unlikely._ZL11USB_SendZlpv
                0x00089440       0x20 C:\Users\emili\AppData\Local\Temp\VMBuilds\Calculator\arduino_due_x_dbg\Debug/core.a(USBCore.cpp.o)
 .text._Z14USBD_Availablem
                0x00089460       0x2c C:\Users\emili\AppData\Local\Temp\VMBuilds\Calculator\arduino_due_x_dbg\Debug/core.a(USBCore.cpp.o)
                0x00089460                USBD_Available(unsigned long)
 .text._Z9USBD_RecvmPvm
                0x0008948c       0x7c C:\Users\emili\AppData\Local\Temp\VMBuilds\Calculator\arduino_due_x_dbg\Debug/core.a(USBCore.cpp.o)
                0x0008948c                USBD_Recv(unsigned long, void*, unsigned long)
 .text._Z9USBD_Recvm
                0x00089508       0x22 C:\Users\emili\AppData\Local\Temp\VMBuilds\Calculator\arduino_due_x_dbg\Debug/core.a(USBCore.cpp.o)
                0x00089508                USBD_Recv(unsigned long)
 *fill*         0x0008952a        0x2 
 .text._Z9USBD_SendmPKvm
                0x0008952c       0x4c C:\Users\emili\AppData\Local\Temp\VMBuilds\Calculator\arduino_due_x_dbg\Debug/core.a(USBCore.cpp.o)
                0x0008952c                USBD_Send(unsigned long, void const*, unsigned long)
 .text._Z16USBD_SendControlhPKvm
                0x00089578       0x40 C:\Users\emili\AppData\Local\Temp\VMBuilds\Calculator\arduino_due_x_dbg\Debug/core.a(USBCore.cpp.o)
                0x00089578                USBD_SendControl(unsigned char, void const*, unsigned long)
 .text.unlikely._ZL24USB_SendStringDescriptorPKhi
                0x000895b8       0x64 C:\Users\emili\AppData\Local\Temp\VMBuilds\Calculator\arduino_due_x_dbg\Debug/core.a(USBCore.cpp.o)
 .text._Z16USBD_RecvControlPvm
                0x0008961c       0x1c C:\Users\emili\AppData\Local\Temp\VMBuilds\Calculator\arduino_due_x_dbg\Debug/core.a(USBCore.cpp.o)
                0x0008961c                USBD_RecvControl(void*, unsigned long)
 .text._Z26USBD_ClassInterfaceRequestR8USBSetup
                0x00089638       0x1e C:\Users\emili\AppData\Local\Temp\VMBuilds\Calculator\arduino_due_x_dbg\Debug/core.a(USBCore.cpp.o)
                0x00089638                USBD_ClassInterfaceRequest(USBSetup&)
 .text._Z19USBD_SendInterfacesv
                0x00089656       0x22 C:\Users\emili\AppData\Local\Temp\VMBuilds\Calculator\arduino_due_x_dbg\Debug/core.a(USBCore.cpp.o)
                0x00089656                USBD_SendInterfaces()
 .text._Z24USBD_SendOtherInterfacesv
                0x00089678       0x22 C:\Users\emili\AppData\Local\Temp\VMBuilds\Calculator\arduino_due_x_dbg\Debug/core.a(USBCore.cpp.o)
                0x00089678                USBD_SendOtherInterfaces()
 .text._Z10USBD_Flushm
                0x0008969a       0x16 C:\Users\emili\AppData\Local\Temp\VMBuilds\Calculator\arduino_due_x_dbg\Debug/core.a(USBCore.cpp.o)
                0x0008969a                USBD_Flush(unsigned long)
 .text._ZN10USBDevice_C2Ev
                0x000896b0       0x24 C:\Users\emili\AppData\Local\Temp\VMBuilds\Calculator\arduino_due_x_dbg\Debug/core.a(USBCore.cpp.o)
                0x000896b0                USBDevice_::USBDevice_()
                0x000896b0                USBDevice_::USBDevice_()
 .text._ZN10USBDevice_6attachEv
                0x000896d4       0x20 C:\Users\emili\AppData\Local\Temp\VMBuilds\Calculator\arduino_due_x_dbg\Debug/core.a(USBCore.cpp.o)
                0x000896d4                USBDevice_::attach()
 .text.startup._GLOBAL__sub_I_EndPoints
                0x000896f4        0xc C:\Users\emili\AppData\Local\Temp\VMBuilds\Calculator\arduino_due_x_dbg\Debug/core.a(USBCore.cpp.o)
 .text._ZL7USB_ISRv
                0x00089700      0x454 C:\Users\emili\AppData\Local\Temp\VMBuilds\Calculator\arduino_due_x_dbg\Debug/core.a(USBCore.cpp.o)
 .text.ltoa     0x00089b54       0x6e C:\Users\emili\AppData\Local\Temp\VMBuilds\Calculator\arduino_due_x_dbg\Debug/core.a(itoa.c.o)
                0x00089b54                ltoa
 .text.itoa     0x00089bc2        0x4 C:\Users\emili\AppData\Local\Temp\VMBuilds\Calculator\arduino_due_x_dbg\Debug/core.a(itoa.c.o)
                0x00089bc2                itoa
 *fill*         0x00089bc6        0x2 
 .text.dtostrf  0x00089bc8       0x28 C:\Users\emili\AppData\Local\Temp\VMBuilds\Calculator\arduino_due_x_dbg\Debug/core.a(dtostrf.c.o)
                0x00089bc8                dtostrf
 .text._ZN7Serial_9availableEv
                0x00089bf0       0x18 C:\Users\emili\AppData\Local\Temp\VMBuilds\Calculator\arduino_due_x_dbg\Debug/core.a(CDC.cpp.o)
                0x00089bf0                Serial_::available()
 .text._ZN7Serial_17availableForWriteEv
                0x00089c08        0x6 C:\Users\emili\AppData\Local\Temp\VMBuilds\Calculator\arduino_due_x_dbg\Debug/core.a(CDC.cpp.o)
                0x00089c08                Serial_::availableForWrite()
 *fill*         0x00089c0e        0x2 
 .text._ZN7Serial_4peekEv
                0x00089c10       0x20 C:\Users\emili\AppData\Local\Temp\VMBuilds\Calculator\arduino_due_x_dbg\Debug/core.a(CDC.cpp.o)
                0x00089c10                Serial_::peek()
 .text._ZN7Serial_5writeEh
                0x00089c30       0x16 C:\Users\emili\AppData\Local\Temp\VMBuilds\Calculator\arduino_due_x_dbg\Debug/core.a(CDC.cpp.o)
                0x00089c30                Serial_::write(unsigned char)
 *fill*         0x00089c46        0x2 
 .text._ZN7Serial_4readEv
                0x00089c48       0x44 C:\Users\emili\AppData\Local\Temp\VMBuilds\Calculator\arduino_due_x_dbg\Debug/core.a(CDC.cpp.o)
                0x00089c48                Serial_::read()
 .text._ZN7Serial_5flushEv
                0x00089c8c        0x6 C:\Users\emili\AppData\Local\Temp\VMBuilds\Calculator\arduino_due_x_dbg\Debug/core.a(CDC.cpp.o)
                0x00089c8c                Serial_::flush()
 *fill*         0x00089c92        0x2 
 .text._ZN7Serial_6acceptEv
                0x00089c94       0x70 C:\Users\emili\AppData\Local\Temp\VMBuilds\Calculator\arduino_due_x_dbg\Debug/core.a(CDC.cpp.o)
                0x00089c94                Serial_::accept()
 .text._ZN7Serial_5writeEPKhj
                0x00089d04       0x2c C:\Users\emili\AppData\Local\Temp\VMBuilds\Calculator\arduino_due_x_dbg\Debug/core.a(CDC.cpp.o)
                0x00089d04                Serial_::write(unsigned char const*, unsigned int)
 .text._Z16CDC_GetInterfacePh
                0x00089d30       0x14 C:\Users\emili\AppData\Local\Temp\VMBuilds\Calculator\arduino_due_x_dbg\Debug/core.a(CDC.cpp.o)
                0x00089d30                CDC_GetInterface(unsigned char*)
 .text._Z21CDC_GetOtherInterfacePh
                0x00089d44       0x14 C:\Users\emili\AppData\Local\Temp\VMBuilds\Calculator\arduino_due_x_dbg\Debug/core.a(CDC.cpp.o)
                0x00089d44                CDC_GetOtherInterface(unsigned char*)
 .text._Z9CDC_SetupR8USBSetup
                0x00089d58       0x78 C:\Users\emili\AppData\Local\Temp\VMBuilds\Calculator\arduino_due_x_dbg\Debug/core.a(CDC.cpp.o)
                0x00089d58                CDC_Setup(USBSetup&)
 .text.startup._GLOBAL__sub_I_cdc_rx_buffer
                0x00089dd0       0x1c C:\Users\emili\AppData\Local\Temp\VMBuilds\Calculator\arduino_due_x_dbg\Debug/core.a(CDC.cpp.o)
 .text._ZN13PluggableUSB_12getInterfaceEPh
                0x00089dec       0x28 C:\Users\emili\AppData\Local\Temp\VMBuilds\Calculator\arduino_due_x_dbg\Debug/core.a(PluggableUSB.cpp.o)
                0x00089dec                PluggableUSB_::getInterface(unsigned char*)
 .text._ZN13PluggableUSB_13getDescriptorER8USBSetup
                0x00089e14       0x1c C:\Users\emili\AppData\Local\Temp\VMBuilds\Calculator\arduino_due_x_dbg\Debug/core.a(PluggableUSB.cpp.o)
                0x00089e14                PluggableUSB_::getDescriptor(USBSetup&)
 .text._ZN13PluggableUSB_12getShortNameEPc
                0x00089e30       0x1c C:\Users\emili\AppData\Local\Temp\VMBuilds\Calculator\arduino_due_x_dbg\Debug/core.a(PluggableUSB.cpp.o)
                0x00089e30                PluggableUSB_::getShortName(char*)
 .text._ZN13PluggableUSB_5setupER8USBSetup
                0x00089e4c       0x20 C:\Users\emili\AppData\Local\Temp\VMBuilds\Calculator\arduino_due_x_dbg\Debug/core.a(PluggableUSB.cpp.o)
                0x00089e4c                PluggableUSB_::setup(USBSetup&)
 .text._Z12PluggableUSBv
                0x00089e6c       0x28 C:\Users\emili\AppData\Local\Temp\VMBuilds\Calculator\arduino_due_x_dbg\Debug/core.a(PluggableUSB.cpp.o)
                0x00089e6c                PluggableUSB()
 .text.TimeTick_Increment
                0x00089e94       0x10 C:\Users\emili\AppData\Local\arduino15\packages\arduino\hardware\sam\1.6.11\variants\arduino_due_x/libsam_sam3x8e_gcc_rel.a(timetick.o)
                0x00089e94                TimeTick_Increment
 .text.GetTickCount
                0x00089ea4        0xc C:\Users\emili\AppData\Local\arduino15\packages\arduino\hardware\sam\1.6.11\variants\arduino_due_x/libsam_sam3x8e_gcc_rel.a(timetick.o)
                0x00089ea4                GetTickCount
 .text.WDT_Disable
                0x00089eb0        0x8 C:\Users\emili\AppData\Local\arduino15\packages\arduino\hardware\sam\1.6.11\variants\arduino_due_x/libsam_sam3x8e_gcc_rel.a(wdt.o)
                0x00089eb0                WDT_Disable
 .text.UDD_SetStack
                0x00089eb8        0xc C:\Users\emili\AppData\Local\arduino15\packages\arduino\hardware\sam\1.6.11\variants\arduino_due_x/libsam_sam3x8e_gcc_rel.a(uotghs_device.o)
                0x00089eb8                UDD_SetStack
 .text.UDD_Init
                0x00089ec4       0xd0 C:\Users\emili\AppData\Local\arduino15\packages\arduino\hardware\sam\1.6.11\variants\arduino_due_x/libsam_sam3x8e_gcc_rel.a(uotghs_device.o)
                0x00089ec4                UDD_Init
 .text.UDD_Attach
                0x00089f94       0x50 C:\Users\emili\AppData\Local\arduino15\packages\arduino\hardware\sam\1.6.11\variants\arduino_due_x/libsam_sam3x8e_gcc_rel.a(uotghs_device.o)
                0x00089f94                UDD_Attach
 .text.UDD_InitEP
                0x00089fe4       0x2c C:\Users\emili\AppData\Local\arduino15\packages\arduino\hardware\sam\1.6.11\variants\arduino_due_x/libsam_sam3x8e_gcc_rel.a(uotghs_device.o)
                0x00089fe4                UDD_InitEP
 .text.UDD_InitEndpoints
                0x0008a010       0x3c C:\Users\emili\AppData\Local\arduino15\packages\arduino\hardware\sam\1.6.11\variants\arduino_due_x/libsam_sam3x8e_gcc_rel.a(uotghs_device.o)
                0x0008a010                UDD_InitEndpoints
 .text.UDD_WaitIN
                0x0008a04c       0x10 C:\Users\emili\AppData\Local\arduino15\packages\arduino\hardware\sam\1.6.11\variants\arduino_due_x/libsam_sam3x8e_gcc_rel.a(uotghs_device.o)
                0x0008a04c                UDD_WaitIN
 .text.UDD_WaitOUT
                0x0008a05c       0x10 C:\Users\emili\AppData\Local\arduino15\packages\arduino\hardware\sam\1.6.11\variants\arduino_due_x/libsam_sam3x8e_gcc_rel.a(uotghs_device.o)
                0x0008a05c                UDD_WaitOUT
 .text.UDD_ClearIN
                0x0008a06c       0x18 C:\Users\emili\AppData\Local\arduino15\packages\arduino\hardware\sam\1.6.11\variants\arduino_due_x/libsam_sam3x8e_gcc_rel.a(uotghs_device.o)
                0x0008a06c                UDD_ClearIN
 .text.UDD_ClearOUT
                0x0008a084       0x18 C:\Users\emili\AppData\Local\arduino15\packages\arduino\hardware\sam\1.6.11\variants\arduino_due_x/libsam_sam3x8e_gcc_rel.a(uotghs_device.o)
                0x0008a084                UDD_ClearOUT
 .text.UDD_ReceivedSetupInt
                0x0008a09c       0x10 C:\Users\emili\AppData\Local\arduino15\packages\arduino\hardware\sam\1.6.11\variants\arduino_due_x/libsam_sam3x8e_gcc_rel.a(uotghs_device.o)
                0x0008a09c                UDD_ReceivedSetupInt
 .text.UDD_ClearSetupInt
                0x0008a0ac       0x10 C:\Users\emili\AppData\Local\arduino15\packages\arduino\hardware\sam\1.6.11\variants\arduino_due_x/libsam_sam3x8e_gcc_rel.a(uotghs_device.o)
                0x0008a0ac                UDD_ClearSetupInt
 .text.UDD_Send
                0x0008a0bc       0x88 C:\Users\emili\AppData\Local\arduino15\packages\arduino\hardware\sam\1.6.11\variants\arduino_due_x/libsam_sam3x8e_gcc_rel.a(uotghs_device.o)
                0x0008a0bc                UDD_Send
 .text.UDD_Send8
                0x0008a144       0x24 C:\Users\emili\AppData\Local\arduino15\packages\arduino\hardware\sam\1.6.11\variants\arduino_due_x/libsam_sam3x8e_gcc_rel.a(uotghs_device.o)
                0x0008a144                UDD_Send8
 .text.UDD_Recv8
                0x0008a168       0x28 C:\Users\emili\AppData\Local\arduino15\packages\arduino\hardware\sam\1.6.11\variants\arduino_due_x/libsam_sam3x8e_gcc_rel.a(uotghs_device.o)
                0x0008a168                UDD_Recv8
 .text.UDD_Recv
                0x0008a190       0x34 C:\Users\emili\AppData\Local\arduino15\packages\arduino\hardware\sam\1.6.11\variants\arduino_due_x/libsam_sam3x8e_gcc_rel.a(uotghs_device.o)
                0x0008a190                UDD_Recv
 .text.UDD_Stall
                0x0008a1c4       0x14 C:\Users\emili\AppData\Local\arduino15\packages\arduino\hardware\sam\1.6.11\variants\arduino_due_x/libsam_sam3x8e_gcc_rel.a(uotghs_device.o)
                0x0008a1c4                UDD_Stall
 .text.UDD_FifoByteCount
                0x0008a1d8       0x14 C:\Users\emili\AppData\Local\arduino15\packages\arduino\hardware\sam\1.6.11\variants\arduino_due_x/libsam_sam3x8e_gcc_rel.a(uotghs_device.o)
                0x0008a1d8                UDD_FifoByteCount
 .text.UDD_ReleaseRX
                0x0008a1ec       0x28 C:\Users\emili\AppData\Local\arduino15\packages\arduino\hardware\sam\1.6.11\variants\arduino_due_x/libsam_sam3x8e_gcc_rel.a(uotghs_device.o)
                0x0008a1ec                UDD_ReleaseRX
 .text.UDD_ReleaseTX
                0x0008a214       0x28 C:\Users\emili\AppData\Local\arduino15\packages\arduino\hardware\sam\1.6.11\variants\arduino_due_x/libsam_sam3x8e_gcc_rel.a(uotghs_device.o)
                0x0008a214                UDD_ReleaseTX
 .text.UDD_SetAddress
                0x0008a23c       0x20 C:\Users\emili\AppData\Local\arduino15\packages\arduino\hardware\sam\1.6.11\variants\arduino_due_x/libsam_sam3x8e_gcc_rel.a(uotghs_device.o)
                0x0008a23c                UDD_SetAddress
 *fill*         0x0008a25c        0x4 
 .text.asinh    0x0008a260      0x158 c:/users/emili/appdata/local/arduino15/packages/arduino/tools/arm-none-eabi-gcc/4.8.3-2014q1/bin/../lib/gcc/arm-none-eabi/4.8.3/../../../../arm-none-eabi/lib/armv7-m\libm.a(lib_a-s_asinh.o)
                0x0008a260                asinh
 .text.atan     0x0008a3b8      0x350 c:/users/emili/appdata/local/arduino15/packages/arduino/tools/arm-none-eabi-gcc/4.8.3-2014q1/bin/../lib/gcc/arm-none-eabi/4.8.3/../../../../arm-none-eabi/lib/armv7-m\libm.a(lib_a-s_atan.o)
                0x0008a3b8                atan
 .text.cbrt     0x0008a708      0x190 c:/users/emili/appdata/local/arduino15/packages/arduino/tools/arm-none-eabi-gcc/4.8.3-2014q1/bin/../lib/gcc/arm-none-eabi/4.8.3/../../../../arm-none-eabi/lib/armv7-m\libm.a(lib_a-s_cbrt.o)
                0x0008a708                cbrt
 .text.ceil     0x0008a898      0x120 c:/users/emili/appdata/local/arduino15/packages/arduino/tools/arm-none-eabi-gcc/4.8.3-2014q1/bin/../lib/gcc/arm-none-eabi/4.8.3/../../../../arm-none-eabi/lib/armv7-m\libm.a(lib_a-s_ceil.o)
                0x0008a898                ceil
 .text.cos      0x0008a9b8       0x8c c:/users/emili/appdata/local/arduino15/packages/arduino/tools/arm-none-eabi-gcc/4.8.3-2014q1/bin/../lib/gcc/arm-none-eabi/4.8.3/../../../../arm-none-eabi/lib/armv7-m\libm.a(lib_a-s_cos.o)
                0x0008a9b8                cos
 .text.fabs     0x0008aa44        0x8 c:/users/emili/appdata/local/arduino15/packages/arduino/tools/arm-none-eabi-gcc/4.8.3-2014q1/bin/../lib/gcc/arm-none-eabi/4.8.3/../../../../arm-none-eabi/lib/armv7-m\libm.a(lib_a-s_fabs.o)
                0x0008aa44                fabs
 *fill*         0x0008aa4c        0x4 
 .text.floor    0x0008aa50      0x120 c:/users/emili/appdata/local/arduino15/packages/arduino/tools/arm-none-eabi-gcc/4.8.3-2014q1/bin/../lib/gcc/arm-none-eabi/4.8.3/../../../../arm-none-eabi/lib/armv7-m\libm.a(lib_a-s_floor.o)
                0x0008aa50                floor
 .text.__fpclassifyd
                0x0008ab70       0x50 c:/users/emili/appdata/local/arduino15/packages/arduino/tools/arm-none-eabi-gcc/4.8.3-2014q1/bin/../lib/gcc/arm-none-eabi/4.8.3/../../../../arm-none-eabi/lib/armv7-m\libm.a(lib_a-s_fpclassify.o)
                0x0008ab70                __fpclassifyd
 .text.log1p    0x0008abc0      0x498 c:/users/emili/appdata/local/arduino15/packages/arduino/tools/arm-none-eabi-gcc/4.8.3-2014q1/bin/../lib/gcc/arm-none-eabi/4.8.3/../../../../arm-none-eabi/lib/armv7-m\libm.a(lib_a-s_log1p.o)
                0x0008abc0                log1p
 .text.log2     0x0008b058       0x20 c:/users/emili/appdata/local/arduino15/packages/arduino/tools/arm-none-eabi-gcc/4.8.3-2014q1/bin/../lib/gcc/arm-none-eabi/4.8.3/../../../../arm-none-eabi/lib/armv7-m\libm.a(lib_a-s_log2.o)
                0x0008b058                log2
 .text.sin      0x0008b078       0x94 c:/users/emili/appdata/local/arduino15/packages/arduino/tools/arm-none-eabi-gcc/4.8.3-2014q1/bin/../lib/gcc/arm-none-eabi/4.8.3/../../../../arm-none-eabi/lib/armv7-m\libm.a(lib_a-s_sin.o)
                0x0008b078                sin
 .text.tan      0x0008b10c       0x60 c:/users/emili/appdata/local/arduino15/packages/arduino/tools/arm-none-eabi-gcc/4.8.3-2014q1/bin/../lib/gcc/arm-none-eabi/4.8.3/../../../../arm-none-eabi/lib/armv7-m\libm.a(lib_a-s_tan.o)
                0x0008b10c                tan
 .text.tanh     0x0008b16c       0xe8 c:/users/emili/appdata/local/arduino15/packages/arduino/tools/arm-none-eabi-gcc/4.8.3-2014q1/bin/../lib/gcc/arm-none-eabi/4.8.3/../../../../arm-none-eabi/lib/armv7-m\libm.a(lib_a-s_tanh.o)
                0x0008b16c                tanh
 .text.acos     0x0008b254       0xa8 c:/users/emili/appdata/local/arduino15/packages/arduino/tools/arm-none-eabi-gcc/4.8.3-2014q1/bin/../lib/gcc/arm-none-eabi/4.8.3/../../../../arm-none-eabi/lib/armv7-m\libm.a(lib_a-w_acos.o)
                0x0008b254                acos
 .text.acosh    0x0008b2fc       0xa4 c:/users/emili/appdata/local/arduino15/packages/arduino/tools/arm-none-eabi-gcc/4.8.3-2014q1/bin/../lib/gcc/arm-none-eabi/4.8.3/../../../../arm-none-eabi/lib/armv7-m\libm.a(lib_a-w_acosh.o)
                0x0008b2fc                acosh
 .text.asin     0x0008b3a0       0xa8 c:/users/emili/appdata/local/arduino15/packages/arduino/tools/arm-none-eabi-gcc/4.8.3-2014q1/bin/../lib/gcc/arm-none-eabi/4.8.3/../../../../arm-none-eabi/lib/armv7-m\libm.a(lib_a-w_asin.o)
                0x0008b3a0                asin
 .text.atan2    0x0008b448        0x4 c:/users/emili/appdata/local/arduino15/packages/arduino/tools/arm-none-eabi-gcc/4.8.3-2014q1/bin/../lib/gcc/arm-none-eabi/4.8.3/../../../../arm-none-eabi/lib/armv7-m\libm.a(lib_a-w_atan2.o)
                0x0008b448                atan2
 .text.atanh    0x0008b44c       0xe8 c:/users/emili/appdata/local/arduino15/packages/arduino/tools/arm-none-eabi-gcc/4.8.3-2014q1/bin/../lib/gcc/arm-none-eabi/4.8.3/../../../../arm-none-eabi/lib/armv7-m\libm.a(lib_a-w_atanh.o)
                0x0008b44c                atanh
 *fill*         0x0008b534        0x4 
 .text.cosh     0x0008b538       0xc0 c:/users/emili/appdata/local/arduino15/packages/arduino/tools/arm-none-eabi-gcc/4.8.3-2014q1/bin/../lib/gcc/arm-none-eabi/4.8.3/../../../../arm-none-eabi/lib/armv7-m\libm.a(lib_a-w_cosh.o)
                0x0008b538                cosh
 .text.exp      0x0008b5f8       0xf8 c:/users/emili/appdata/local/arduino15/packages/arduino/tools/arm-none-eabi-gcc/4.8.3-2014q1/bin/../lib/gcc/arm-none-eabi/4.8.3/../../../../arm-none-eabi/lib/armv7-m\libm.a(lib_a-w_exp.o)
                0x0008b5f8                exp
 .text.hypot    0x0008b6f0       0xb0 c:/users/emili/appdata/local/arduino15/packages/arduino/tools/arm-none-eabi-gcc/4.8.3-2014q1/bin/../lib/gcc/arm-none-eabi/4.8.3/../../../../arm-none-eabi/lib/armv7-m\libm.a(lib_a-w_hypot.o)
                0x0008b6f0                hypot
 .text.log      0x0008b7a0       0xe4 c:/users/emili/appdata/local/arduino15/packages/arduino/tools/arm-none-eabi-gcc/4.8.3-2014q1/bin/../lib/gcc/arm-none-eabi/4.8.3/../../../../arm-none-eabi/lib/armv7-m\libm.a(lib_a-w_log.o)
                0x0008b7a0                log
 .text.log10    0x0008b884       0xe4 c:/users/emili/appdata/local/arduino15/packages/arduino/tools/arm-none-eabi-gcc/4.8.3-2014q1/bin/../lib/gcc/arm-none-eabi/4.8.3/../../../../arm-none-eabi/lib/armv7-m\libm.a(lib_a-w_log10.o)
                0x0008b884                log10
 .text.pow      0x0008b968      0x2f8 c:/users/emili/appdata/local/arduino15/packages/arduino/tools/arm-none-eabi-gcc/4.8.3-2014q1/bin/../lib/gcc/arm-none-eabi/4.8.3/../../../../arm-none-eabi/lib/armv7-m\libm.a(lib_a-w_pow.o)
                0x0008b968                pow
 .text.remainder
                0x0008bc60       0xa4 c:/users/emili/appdata/local/arduino15/packages/arduino/tools/arm-none-eabi-gcc/4.8.3-2014q1/bin/../lib/gcc/arm-none-eabi/4.8.3/../../../../arm-none-eabi/lib/armv7-m\libm.a(lib_a-w_remainder.o)
                0x0008bc60                remainder
 .text.sinh     0x0008bd04       0xc8 c:/users/emili/appdata/local/arduino15/packages/arduino/tools/arm-none-eabi-gcc/4.8.3-2014q1/bin/../lib/gcc/arm-none-eabi/4.8.3/../../../../arm-none-eabi/lib/armv7-m\libm.a(lib_a-w_sinh.o)
                0x0008bd04                sinh
 .text.sqrt     0x0008bdcc       0xac c:/users/emili/appdata/local/arduino15/packages/arduino/tools/arm-none-eabi-gcc/4.8.3-2014q1/bin/../lib/gcc/arm-none-eabi/4.8.3/../../../../arm-none-eabi/lib/armv7-m\libm.a(lib_a-w_sqrt.o)
                0x0008bdcc                sqrt
 .text.__ieee754_acos
                0x0008be78      0x4b8 c:/users/emili/appdata/local/arduino15/packages/arduino/tools/arm-none-eabi-gcc/4.8.3-2014q1/bin/../lib/gcc/arm-none-eabi/4.8.3/../../../../arm-none-eabi/lib/armv7-m\libm.a(lib_a-e_acos.o)
                0x0008be78                __ieee754_acos
 .text.__ieee754_acosh
                0x0008c330      0x118 c:/users/emili/appdata/local/arduino15/packages/arduino/tools/arm-none-eabi-gcc/4.8.3-2014q1/bin/../lib/gcc/arm-none-eabi/4.8.3/../../../../arm-none-eabi/lib/armv7-m\libm.a(lib_a-e_acosh.o)
                0x0008c330                __ieee754_acosh
 .text.__ieee754_asin
                0x0008c448      0x470 c:/users/emili/appdata/local/arduino15/packages/arduino/tools/arm-none-eabi-gcc/4.8.3-2014q1/bin/../lib/gcc/arm-none-eabi/4.8.3/../../../../arm-none-eabi/lib/armv7-m\libm.a(lib_a-e_asin.o)
                0x0008c448                __ieee754_asin
 .text.__ieee754_atan2
                0x0008c8b8      0x1f0 c:/users/emili/appdata/local/arduino15/packages/arduino/tools/arm-none-eabi-gcc/4.8.3-2014q1/bin/../lib/gcc/arm-none-eabi/4.8.3/../../../../arm-none-eabi/lib/armv7-m\libm.a(lib_a-e_atan2.o)
                0x0008c8b8                __ieee754_atan2
 .text.__ieee754_atanh
                0x0008caa8      0x108 c:/users/emili/appdata/local/arduino15/packages/arduino/tools/arm-none-eabi-gcc/4.8.3-2014q1/bin/../lib/gcc/arm-none-eabi/4.8.3/../../../../arm-none-eabi/lib/armv7-m\libm.a(lib_a-e_atanh.o)
                0x0008caa8                __ieee754_atanh
 .text.__ieee754_cosh
                0x0008cbb0      0x140 c:/users/emili/appdata/local/arduino15/packages/arduino/tools/arm-none-eabi-gcc/4.8.3-2014q1/bin/../lib/gcc/arm-none-eabi/4.8.3/../../../../arm-none-eabi/lib/armv7-m\libm.a(lib_a-e_cosh.o)
                0x0008cbb0                __ieee754_cosh
 .text.__ieee754_exp
                0x0008ccf0      0x2f8 c:/users/emili/appdata/local/arduino15/packages/arduino/tools/arm-none-eabi-gcc/4.8.3-2014q1/bin/../lib/gcc/arm-none-eabi/4.8.3/../../../../arm-none-eabi/lib/armv7-m\libm.a(lib_a-e_exp.o)
                0x0008ccf0                __ieee754_exp
 .text.__ieee754_hypot
                0x0008cfe8      0x264 c:/users/emili/appdata/local/arduino15/packages/arduino/tools/arm-none-eabi-gcc/4.8.3-2014q1/bin/../lib/gcc/arm-none-eabi/4.8.3/../../../../arm-none-eabi/lib/armv7-m\libm.a(lib_a-e_hypot.o)
                0x0008cfe8                __ieee754_hypot
 *fill*         0x0008d24c        0x4 
 .text.__ieee754_log
                0x0008d250      0x3f0 c:/users/emili/appdata/local/arduino15/packages/arduino/tools/arm-none-eabi-gcc/4.8.3-2014q1/bin/../lib/gcc/arm-none-eabi/4.8.3/../../../../arm-none-eabi/lib/armv7-m\libm.a(lib_a-e_log.o)
                0x0008d250                __ieee754_log
 .text.__ieee754_log10
                0x0008d640      0x118 c:/users/emili/appdata/local/arduino15/packages/arduino/tools/arm-none-eabi-gcc/4.8.3-2014q1/bin/../lib/gcc/arm-none-eabi/4.8.3/../../../../arm-none-eabi/lib/armv7-m\libm.a(lib_a-e_log10.o)
                0x0008d640                __ieee754_log10
 .text.__ieee754_pow
                0x0008d758      0xab8 c:/users/emili/appdata/local/arduino15/packages/arduino/tools/arm-none-eabi-gcc/4.8.3-2014q1/bin/../lib/gcc/arm-none-eabi/4.8.3/../../../../arm-none-eabi/lib/armv7-m\libm.a(lib_a-e_pow.o)
                0x0008d758                __ieee754_pow
 .text.__ieee754_rem_pio2
                0x0008e210      0x440 c:/users/emili/appdata/local/arduino15/packages/arduino/tools/arm-none-eabi-gcc/4.8.3-2014q1/bin/../lib/gcc/arm-none-eabi/4.8.3/../../../../arm-none-eabi/lib/armv7-m\libm.a(lib_a-e_rem_pio2.o)
                0x0008e210                __ieee754_rem_pio2
 .text.__ieee754_remainder
                0x0008e650      0x158 c:/users/emili/appdata/local/arduino15/packages/arduino/tools/arm-none-eabi-gcc/4.8.3-2014q1/bin/../lib/gcc/arm-none-eabi/4.8.3/../../../../arm-none-eabi/lib/armv7-m\libm.a(lib_a-e_remainder.o)
                0x0008e650                __ieee754_remainder
 .text.__ieee754_sinh
                0x0008e7a8      0x190 c:/users/emili/appdata/local/arduino15/packages/arduino/tools/arm-none-eabi-gcc/4.8.3-2014q1/bin/../lib/gcc/arm-none-eabi/4.8.3/../../../../arm-none-eabi/lib/armv7-m\libm.a(lib_a-e_sinh.o)
                0x0008e7a8                __ieee754_sinh
 .text.__ieee754_sqrt
                0x0008e938      0x180 c:/users/emili/appdata/local/arduino15/packages/arduino/tools/arm-none-eabi-gcc/4.8.3-2014q1/bin/../lib/gcc/arm-none-eabi/4.8.3/../../../../arm-none-eabi/lib/armv7-m\libm.a(lib_a-e_sqrt.o)
                0x0008e938                __ieee754_sqrt
 .text.__kernel_cos
                0x0008eab8      0x248 c:/users/emili/appdata/local/arduino15/packages/arduino/tools/arm-none-eabi-gcc/4.8.3-2014q1/bin/../lib/gcc/arm-none-eabi/4.8.3/../../../../arm-none-eabi/lib/armv7-m\libm.a(lib_a-k_cos.o)
                0x0008eab8                __kernel_cos
 .text.__kernel_rem_pio2
                0x0008ed00      0x7bc c:/users/emili/appdata/local/arduino15/packages/arduino/tools/arm-none-eabi-gcc/4.8.3-2014q1/bin/../lib/gcc/arm-none-eabi/4.8.3/../../../../arm-none-eabi/lib/armv7-m\libm.a(lib_a-k_rem_pio2.o)
                0x0008ed00                __kernel_rem_pio2
 *fill*         0x0008f4bc        0x4 
 .text.__kernel_sin