Archive member included because of file (symbol)

C:\Users\emili\AppData\Local\arduino15\packages\arduino\hardware\sam\1.6.11\variants\arduino_due_x/libsam_sam3x8e_gcc_rel.a(pio.o)
                              C:\Users\emili\AppData\Local\Temp\VMBuilds\CalculatorKeypad\arduino_due_x_dbg\Debug\variant\variant.cpp.o (PIO_Configure)
C:\Users\emili\AppData\Local\arduino15\packages\arduino\hardware\sam\1.6.11\variants\arduino_due_x/libsam_sam3x8e_gcc_rel.a(pmc.o)
                              C:\Users\emili\AppData\Local\Temp\VMBuilds\CalculatorKeypad\arduino_due_x_dbg\Debug\variant\variant.cpp.o (pmc_enable_periph_clk)
C:\Users\emili\AppData\Local\arduino15\packages\arduino\hardware\sam\1.6.11\variants\arduino_due_x/libsam_sam3x8e_gcc_rel.a(system_sam3xa.o)
                              C:\Users\emili\AppData\Local\Temp\VMBuilds\CalculatorKeypad\arduino_due_x_dbg\Debug\variant\variant.cpp.o (SystemInit)
C:\Users\emili\AppData\Local\arduino15\packages\arduino\hardware\sam\1.6.11\variants\arduino_due_x/libsam_sam3x8e_gcc_rel.a(startup_sam3xa.o)
                              (Reset_Handler)
C:\Users\emili\AppData\Local\arduino15\packages\arduino\hardware\sam\1.6.11\variants\arduino_due_x/libsam_sam3x8e_gcc_rel.a(adc.o)
                              C:\Users\emili\AppData\Local\Temp\VMBuilds\CalculatorKeypad\arduino_due_x_dbg\Debug\variant\variant.cpp.o (adc_init)
C:\Users\emili\AppData\Local\arduino15\packages\arduino\hardware\sam\1.6.11\variants\arduino_due_x/libsam_sam3x8e_gcc_rel.a(uotghs.o)
                              C:\Users\emili\AppData\Local\arduino15\packages\arduino\hardware\sam\1.6.11\variants\arduino_due_x/libsam_sam3x8e_gcc_rel.a(startup_sam3xa.o) (UOTGHS_Handler)
C:\Users\emili\AppData\Local\Temp\VMBuilds\CalculatorKeypad\arduino_due_x_dbg\Debug/core.a(cortex_handlers.c.o)
                              C:\Users\emili\AppData\Local\arduino15\packages\arduino\hardware\sam\1.6.11\variants\arduino_due_x/libsam_sam3x8e_gcc_rel.a(startup_sam3xa.o) (NMI_Handler)
C:\Users\emili\AppData\Local\Temp\VMBuilds\CalculatorKeypad\arduino_due_x_dbg\Debug/core.a(hooks.c.o)
                              C:\Users\emili\AppData\Local\Temp\VMBuilds\CalculatorKeypad\arduino_due_x_dbg\Debug/core.a(cortex_handlers.c.o) (sysTickHook)
C:\Users\emili\AppData\Local\Temp\VMBuilds\CalculatorKeypad\arduino_due_x_dbg\Debug/core.a(syscalls_sam3.c.o)
                              (_sbrk)
C:\Users\emili\AppData\Local\Temp\VMBuilds\CalculatorKeypad\arduino_due_x_dbg\Debug/core.a(wiring.c.o)
                              C:\Users\emili\AppData\Local\Temp\VMBuilds\CalculatorKeypad\arduino_due_x_dbg\Debug\CalculatorKeypad.cpp.o (millis)
C:\Users\emili\AppData\Local\Temp\VMBuilds\CalculatorKeypad\arduino_due_x_dbg\Debug/core.a(wiring_analog.c.o)
                              C:\Users\emili\AppData\Local\Temp\VMBuilds\CalculatorKeypad\arduino_due_x_dbg\Debug\MyKeypad.cpp.o (analogRead)
C:\Users\emili\AppData\Local\Temp\VMBuilds\CalculatorKeypad\arduino_due_x_dbg\Debug/core.a(wiring_digital.c.o)
                              C:\Users\emili\AppData\Local\Temp\VMBuilds\CalculatorKeypad\arduino_due_x_dbg\Debug\MyKeypad.cpp.o (pinMode)
C:\Users\emili\AppData\Local\Temp\VMBuilds\CalculatorKeypad\arduino_due_x_dbg\Debug/core.a(main.cpp.o)
                              c:/users/emili/appdata/local/arduino15/packages/arduino/tools/arm-none-eabi-gcc/4.8.3-2014q1/bin/../lib/gcc/arm-none-eabi/4.8.3/../../../../arm-none-eabi/lib/armv7-m/crt0.o (main)
C:\Users\emili\AppData\Local\Temp\VMBuilds\CalculatorKeypad\arduino_due_x_dbg\Debug/core.a(Print.cpp.o)
                              C:\Users\emili\AppData\Local\Temp\VMBuilds\CalculatorKeypad\arduino_due_x_dbg\Debug\CalculatorKeypad.cpp.o (Print::print(char const*))
C:\Users\emili\AppData\Local\Temp\VMBuilds\CalculatorKeypad\arduino_due_x_dbg\Debug/core.a(Reset.cpp.o)
                              C:\Users\emili\AppData\Local\Temp\VMBuilds\CalculatorKeypad\arduino_due_x_dbg\Debug/core.a(cortex_handlers.c.o) (tickReset)
C:\Users\emili\AppData\Local\Temp\VMBuilds\CalculatorKeypad\arduino_due_x_dbg\Debug/core.a(RingBuffer.cpp.o)
                              C:\Users\emili\AppData\Local\Temp\VMBuilds\CalculatorKeypad\arduino_due_x_dbg\Debug\variant\variant.cpp.o (RingBuffer::RingBuffer())
C:\Users\emili\AppData\Local\Temp\VMBuilds\CalculatorKeypad\arduino_due_x_dbg\Debug/core.a(UARTClass.cpp.o)
                              C:\Users\emili\AppData\Local\Temp\VMBuilds\CalculatorKeypad\arduino_due_x_dbg\Debug\variant\variant.cpp.o (UARTClass::available())
C:\Users\emili\AppData\Local\Temp\VMBuilds\CalculatorKeypad\arduino_due_x_dbg\Debug/core.a(USARTClass.cpp.o)
                              C:\Users\emili\AppData\Local\Temp\VMBuilds\CalculatorKeypad\arduino_due_x_dbg\Debug\variant\variant.cpp.o (USARTClass::USARTClass(Usart*, IRQn, unsigned long, RingBuffer*, RingBuffer*))
[...]
Memory Configuration

Name             Origin             Length             Attributes
rom              0x00080000         0x00080000         xr
sram0            0x20000000         0x00010000         xrw
sram1            0x20080000         0x00008000         xrw
ram              0x20070000         0x00018000         xrw
*default*        0x00000000         0xffffffff

Linker script and memory map

LOAD c:/users/emili/appdata/local/arduino15/packages/arduino/tools/arm-none-eabi-gcc/4.8.3-2014q1/bin/../lib/gcc/arm-none-eabi/4.8.3/armv7-m/crti.o
LOAD c:/users/emili/appdata/local/arduino15/packages/arduino/tools/arm-none-eabi-gcc/4.8.3-2014q1/bin/../lib/gcc/arm-none-eabi/4.8.3/armv7-m/crtbegin.o
LOAD c:/users/emili/appdata/local/arduino15/packages/arduino/tools/arm-none-eabi-gcc/4.8.3-2014q1/bin/../lib/gcc/arm-none-eabi/4.8.3/../../../../arm-none-eabi/lib/armv7-m/crt0.o
START GROUP
LOAD C:\Users\emili\AppData\Local\Temp\VMBuilds\CalculatorKeypad\arduino_due_x_dbg\Debug\CalculatorKeypad.cpp.o
LOAD C:\Users\emili\AppData\Local\Temp\VMBuilds\CalculatorKeypad\arduino_due_x_dbg\Debug\VM_DBG\VM_DBG.cpp.o
LOAD C:\Users\emili\AppData\Local\Temp\VMBuilds\CalculatorKeypad\arduino_due_x_dbg\Debug\MyKeypad.cpp.o
LOAD C:\Users\emili\AppData\Local\Temp\VMBuilds\CalculatorKeypad\arduino_due_x_dbg\Debug\variant\variant.cpp.o
LOAD C:\Users\emili\AppData\Local\arduino15\packages\arduino\hardware\sam\1.6.11\variants\arduino_due_x/libsam_sam3x8e_gcc_rel.a
LOAD C:\Users\emili\AppData\Local\Temp\VMBuilds\CalculatorKeypad\arduino_due_x_dbg\Debug/core.a
END GROUP
LOAD c:/users/emili/appdata/local/arduino15/packages/arduino/tools/arm-none-eabi-gcc/4.8.3-2014q1/bin/../lib/gcc/arm-none-eabi/4.8.3/../../../../arm-none-eabi/lib/armv7-m\libm.a
START GROUP
LOAD c:/users/emili/appdata/local/arduino15/packages/arduino/tools/arm-none-eabi-gcc/4.8.3-2014q1/bin/../lib/gcc/arm-none-eabi/4.8.3/armv7-m\libgcc.a
LOAD c:/users/emili/appdata/local/arduino15/packages/arduino/tools/arm-none-eabi-gcc/4.8.3-2014q1/bin/../lib/gcc/arm-none-eabi/4.8.3/../../../../arm-none-eabi/lib/armv7-m\libg.a
LOAD c:/users/emili/appdata/local/arduino15/packages/arduino/tools/arm-none-eabi-gcc/4.8.3-2014q1/bin/../lib/gcc/arm-none-eabi/4.8.3/../../../../arm-none-eabi/lib/armv7-m\libc.a
END GROUP
LOAD c:/users/emili/appdata/local/arduino15/packages/arduino/tools/arm-none-eabi-gcc/4.8.3-2014q1/bin/../lib/gcc/arm-none-eabi/4.8.3/armv7-m/crtend.o
LOAD c:/users/emili/appdata/local/arduino15/packages/arduino/tools/arm-none-eabi-gcc/4.8.3-2014q1/bin/../lib/gcc/arm-none-eabi/4.8.3/armv7-m/crtn.o

.text           0x00080000     0x5d90
                0x00080000                . = ALIGN (0x4)
                0x00080000                _sfixed = .
 *(.vectors .vectors.*)
 .vectors       0x00080000       0xf4 C:\Users\emili\AppData\Local\arduino15\packages\arduino\hardware\sam\1.6.11\variants\arduino_due_x/libsam_sam3x8e_gcc_rel.a(startup_sam3xa.o)
                0x00080000                exception_table
 *(.text .text.* .gnu.linkonce.t.*)
 .text          0x000800f4       0x54 c:/users/emili/appdata/local/arduino15/packages/arduino/tools/arm-none-eabi-gcc/4.8.3-2014q1/bin/../lib/gcc/arm-none-eabi/4.8.3/armv7-m/crtbegin.o
 .text.loop     0x00080148       0x98 C:\Users\emili\AppData\Local\Temp\VMBuilds\CalculatorKeypad\arduino_due_x_dbg\Debug\CalculatorKeypad.cpp.o
                0x00080148                loop
 .text.setup    0x000801e0       0x5c C:\Users\emili\AppData\Local\Temp\VMBuilds\CalculatorKeypad\arduino_due_x_dbg\Debug\CalculatorKeypad.cpp.o
                0x000801e0                setup
 .text._ZN16VisualMicroDebug10DBG_MillisEv
                0x0008023c        0x4 C:\Users\emili\AppData\Local\Temp\VMBuilds\CalculatorKeypad\arduino_due_x_dbg\Debug\VM_DBG\VM_DBG.cpp.o
                0x0008023c                VisualMicroDebug::DBG_Millis()
 .text._ZN16VisualMicroDebug17OnBreakPointBeginEm
                0x00080240       0x16 C:\Users\emili\AppData\Local\Temp\VMBuilds\CalculatorKeypad\arduino_due_x_dbg\Debug\VM_DBG\VM_DBG.cpp.o
                0x00080240                VisualMicroDebug::OnBreakPointBegin(unsigned long)
 *fill*         0x00080256        0x2 
 .text._ZN16VisualMicroDebug22OnBreakPointPrintBeginEh
                0x00080258       0x6c C:\Users\emili\AppData\Local\Temp\VMBuilds\CalculatorKeypad\arduino_due_x_dbg\Debug\VM_DBG\VM_DBG.cpp.o
                0x00080258                VisualMicroDebug::OnBreakPointPrintBegin(unsigned char)
 .text._ZN16VisualMicroDebug20OnBreakPointPrintEndEv
                0x000802c4        0xc C:\Users\emili\AppData\Local\Temp\VMBuilds\CalculatorKeypad\arduino_due_x_dbg\Debug\VM_DBG\VM_DBG.cpp.o
                0x000802c4                VisualMicroDebug::OnBreakPointPrintEnd()
 .text._ZN16VisualMicroDebug15OnBreakPointEndEv
                0x000802d0        0xc C:\Users\emili\AppData\Local\Temp\VMBuilds\CalculatorKeypad\arduino_due_x_dbg\Debug\VM_DBG\VM_DBG.cpp.o
                0x000802d0                VisualMicroDebug::OnBreakPointEnd()
 .text._ZN16VisualMicroDebug14outPacketStartEb
                0x000802dc       0x24 C:\Users\emili\AppData\Local\Temp\VMBuilds\CalculatorKeypad\arduino_due_x_dbg\Debug\VM_DBG\VM_DBG.cpp.o
                0x000802dc                VisualMicroDebug::outPacketStart(bool)
 .text._ZN16VisualMicroDebug12outPacketEndEv
                0x00080300        0x2 C:\Users\emili\AppData\Local\Temp\VMBuilds\CalculatorKeypad\arduino_due_x_dbg\Debug\VM_DBG\VM_DBG.cpp.o
                0x00080300                VisualMicroDebug::outPacketEnd()
 .text._ZN16VisualMicroDebug4initEm
                0x00080302       0x10 C:\Users\emili\AppData\Local\Temp\VMBuilds\CalculatorKeypad\arduino_due_x_dbg\Debug\VM_DBG\VM_DBG.cpp.o
                0x00080302                VisualMicroDebug::init(unsigned long)
 .text._ZN16VisualMicroDebug5beginEP9UARTClassm
                0x00080312       0x10 C:\Users\emili\AppData\Local\Temp\VMBuilds\CalculatorKeypad\arduino_due_x_dbg\Debug\VM_DBG\VM_DBG.cpp.o
                0x00080312                VisualMicroDebug::begin(UARTClass*, unsigned long)
 .text._ZN16VisualMicroDebug4readEv
                0x00080322        0xe C:\Users\emili\AppData\Local\Temp\VMBuilds\CalculatorKeypad\arduino_due_x_dbg\Debug\VM_DBG\VM_DBG.cpp.o
                0x00080322                VisualMicroDebug::read()
 .text._ZN16VisualMicroDebug9availableEv
                0x00080330        0xe C:\Users\emili\AppData\Local\Temp\VMBuilds\CalculatorKeypad\arduino_due_x_dbg\Debug\VM_DBG\VM_DBG.cpp.o
                0x00080330                VisualMicroDebug::available()
 *fill*         0x0008033e        0x2 
 .text._ZN16VisualMicroDebug16sendContinuedACKEh
                0x00080340       0x38 C:\Users\emili\AppData\Local\Temp\VMBuilds\CalculatorKeypad\arduino_due_x_dbg\Debug\VM_DBG\VM_DBG.cpp.o
                0x00080340                VisualMicroDebug::sendContinuedACK(unsigned char)
 .text._ZN16VisualMicroDebug9breakWaitEh
                0x00080378       0x54 C:\Users\emili\AppData\Local\Temp\VMBuilds\CalculatorKeypad\arduino_due_x_dbg\Debug\VM_DBG\VM_DBG.cpp.o
                0x00080378                VisualMicroDebug::breakWait(unsigned char)
 .text._ZN16VisualMicroDebug5startEbb
                0x000803cc       0x1e C:\Users\emili\AppData\Local\Temp\VMBuilds\CalculatorKeypad\arduino_due_x_dbg\Debug\VM_DBG\VM_DBG.cpp.o
                0x000803cc                VisualMicroDebug::start(bool, bool)
 *fill*         0x000803ea        0x2 
 .text.startup._GLOBAL__sub_I__ZN16VisualMicroDebug10DBG_MillisEv
                0x000803ec       0x14 C:\Users\emili\AppData\Local\Temp\VMBuilds\CalculatorKeypad\arduino_due_x_dbg\Debug\VM_DBG\VM_DBG.cpp.o
 .text._Z14getColumnInputh
                0x00080400       0x2c C:\Users\emili\AppData\Local\Temp\VMBuilds\CalculatorKeypad\arduino_due_x_dbg\Debug\MyKeypad.cpp.o
                0x00080400                getColumnInput(unsigned char)
 .text._Z11activateRowh
                0x0008042c       0x20 C:\Users\emili\AppData\Local\Temp\VMBuilds\CalculatorKeypad\arduino_due_x_dbg\Debug\MyKeypad.cpp.o
                0x0008042c                activateRow(unsigned char)
 .text._Z13deactivateRowh
                0x0008044c       0x20 C:\Users\emili\AppData\Local\Temp\VMBuilds\CalculatorKeypad\arduino_due_x_dbg\Debug\MyKeypad.cpp.o
                0x0008044c                deactivateRow(unsigned char)
 .text._Z7sendKeyh
                0x0008046c       0x24 C:\Users\emili\AppData\Local\Temp\VMBuilds\CalculatorKeypad\arduino_due_x_dbg\Debug\MyKeypad.cpp.o
                0x0008046c                sendKey(unsigned char)
 .text._Z8scanKeysv
                0x00080490       0x48 C:\Users\emili\AppData\Local\Temp\VMBuilds\CalculatorKeypad\arduino_due_x_dbg\Debug\MyKeypad.cpp.o
                0x00080490                scanKeys()
 .text._Z11serialEventv
                0x000804d8        0x2 C:\Users\emili\AppData\Local\Temp\VMBuilds\CalculatorKeypad\arduino_due_x_dbg\Debug\variant\variant.cpp.o
                0x000804d8                serialEvent()
 *fill*         0x000804da        0x2 
 .text.UART_Handler
                0x000804dc        0xc C:\Users\emili\AppData\Local\Temp\VMBuilds\CalculatorKeypad\arduino_due_x_dbg\Debug\variant\variant.cpp.o
                0x000804dc                UART_Handler
 .text._Z12serialEvent1v
                0x000804e8        0x2 C:\Users\emili\AppData\Local\Temp\VMBuilds\CalculatorKeypad\arduino_due_x_dbg\Debug\variant\variant.cpp.o
                0x000804e8                serialEvent1()
 .text._Z12serialEvent2v
                0x000804ea        0x2 C:\Users\emili\AppData\Local\Temp\VMBuilds\CalculatorKeypad\arduino_due_x_dbg\Debug\variant\variant.cpp.o
                0x000804ea                serialEvent2()
 .text._Z12serialEvent3v
                0x000804ec        0x2 C:\Users\emili\AppData\Local\Temp\VMBuilds\CalculatorKeypad\arduino_due_x_dbg\Debug\variant\variant.cpp.o
                0x000804ec                serialEvent3()
 *fill*         0x000804ee        0x2 
 .text.USART0_Handler
                0x000804f0        0xc C:\Users\emili\AppData\Local\Temp\VMBuilds\CalculatorKeypad\arduino_due_x_dbg\Debug\variant\variant.cpp.o
                0x000804f0                USART0_Handler
 .text.USART1_Handler
                0x000804fc        0xc C:\Users\emili\AppData\Local\Temp\VMBuilds\CalculatorKeypad\arduino_due_x_dbg\Debug\variant\variant.cpp.o
                0x000804fc                USART1_Handler
 .text.USART3_Handler
                0x00080508        0xc C:\Users\emili\AppData\Local\Temp\VMBuilds\CalculatorKeypad\arduino_due_x_dbg\Debug\variant\variant.cpp.o
                0x00080508                USART3_Handler
 .text.init     0x00080514      0x128 C:\Users\emili\AppData\Local\Temp\VMBuilds\CalculatorKeypad\arduino_due_x_dbg\Debug\variant\variant.cpp.o
                0x00080514                init
 .text.startup._GLOBAL__sub_I_g_APinDescription
                0x0008063c       0xd4 C:\Users\emili\AppData\Local\Temp\VMBuilds\CalculatorKeypad\arduino_due_x_dbg\Debug\variant\variant.cpp.o
 .text._Z14serialEventRunv
                0x00080710       0x44 C:\Users\emili\AppData\Local\Temp\VMBuilds\CalculatorKeypad\arduino_due_x_dbg\Debug\variant\variant.cpp.o
                0x00080710                serialEventRun()
 .text.PIO_PullUp
                0x00080754        0xa C:\Users\emili\AppData\Local\arduino15\packages\arduino\hardware\sam\1.6.11\variants\arduino_due_x/libsam_sam3x8e_gcc_rel.a(pio.o)
                0x00080754                PIO_PullUp
 .text.PIO_Get  0x0008075e       0x14 C:\Users\emili\AppData\Local\arduino15\packages\arduino\hardware\sam\1.6.11\variants\arduino_due_x/libsam_sam3x8e_gcc_rel.a(pio.o)
                0x0008075e                PIO_Get
 .text.PIO_SetPeripheral
                0x00080772       0x26 C:\Users\emili\AppData\Local\arduino15\packages\arduino\hardware\sam\1.6.11\variants\arduino_due_x/libsam_sam3x8e_gcc_rel.a(pio.o)
                0x00080772                PIO_SetPeripheral
 .text.PIO_SetInput
                0x00080798       0x26 C:\Users\emili\AppData\Local\arduino15\packages\arduino\hardware\sam\1.6.11\variants\arduino_due_x/libsam_sam3x8e_gcc_rel.a(pio.o)
                0x00080798                PIO_SetInput
 .text.PIO_SetOutput
                0x000807be       0x24 C:\Users\emili\AppData\Local\arduino15\packages\arduino\hardware\sam\1.6.11\variants\arduino_due_x/libsam_sam3x8e_gcc_rel.a(pio.o)
                0x000807be                PIO_SetOutput
 *fill*         0x000807e2        0x2 
 .text.PIO_Configure
                0x000807e4       0x64 C:\Users\emili\AppData\Local\arduino15\packages\arduino\hardware\sam\1.6.11\variants\arduino_due_x/libsam_sam3x8e_gcc_rel.a(pio.o)
                0x000807e4                PIO_Configure
 .text.PIO_GetOutputDataStatus
                0x00080848       0x14 C:\Users\emili\AppData\Local\arduino15\packages\arduino\hardware\sam\1.6.11\variants\arduino_due_x/libsam_sam3x8e_gcc_rel.a(pio.o)
                0x00080848                PIO_GetOutputDataStatus
 .text.pmc_enable_upll_clock
                0x0008085c       0x14 C:\Users\emili\AppData\Local\arduino15\packages\arduino\hardware\sam\1.6.11\variants\arduino_due_x/libsam_sam3x8e_gcc_rel.a(pmc.o)
                0x0008085c                pmc_enable_upll_clock
 .text.pmc_enable_periph_clk
                0x00080870       0x44 C:\Users\emili\AppData\Local\arduino15\packages\arduino\hardware\sam\1.6.11\variants\arduino_due_x/libsam_sam3x8e_gcc_rel.a(pmc.o)
                0x00080870                pmc_enable_periph_clk
 .text.pmc_disable_periph_clk
                0x000808b4       0x40 C:\Users\emili\AppData\Local\arduino15\packages\arduino\hardware\sam\1.6.11\variants\arduino_due_x/libsam_sam3x8e_gcc_rel.a(pmc.o)
                0x000808b4                pmc_disable_periph_clk
 .text.pmc_switch_udpck_to_upllck
                0x000808f4       0x14 C:\Users\emili\AppData\Local\arduino15\packages\arduino\hardware\sam\1.6.11\variants\arduino_due_x/libsam_sam3x8e_gcc_rel.a(pmc.o)
                0x000808f4                pmc_switch_udpck_to_upllck
 .text.pmc_enable_udpck
                0x00080908        0xc C:\Users\emili\AppData\Local\arduino15\packages\arduino\hardware\sam\1.6.11\variants\arduino_due_x/libsam_sam3x8e_gcc_rel.a(pmc.o)
                0x00080908                pmc_enable_udpck
 .text.SystemInit
                0x00080914       0x88 C:\Users\emili\AppData\Local\arduino15\packages\arduino\hardware\sam\1.6.11\variants\arduino_due_x/libsam_sam3x8e_gcc_rel.a(system_sam3xa.o)
                0x00080914                SystemInit
 .text.Reset_Handler
                0x0008099c       0x78 C:\Users\emili\AppData\Local\arduino15\packages\arduino\hardware\sam\1.6.11\variants\arduino_due_x/libsam_sam3x8e_gcc_rel.a(startup_sam3xa.o)
                0x0008099c                Reset_Handler
 .text.adc_init
                0x00080a14       0x98 C:\Users\emili\AppData\Local\arduino15\packages\arduino\hardware\sam\1.6.11\variants\arduino_due_x/libsam_sam3x8e_gcc_rel.a(adc.o)
                0x00080a14                adc_init
 .text.adc_configure_trigger
                0x00080aac        0xe C:\Users\emili\AppData\Local\arduino15\packages\arduino\hardware\sam\1.6.11\variants\arduino_due_x/libsam_sam3x8e_gcc_rel.a(adc.o)
                0x00080aac                adc_configure_trigger
 .text.adc_configure_timing
                0x00080aba       0x1a C:\Users\emili\AppData\Local\arduino15\packages\arduino\hardware\sam\1.6.11\variants\arduino_due_x/libsam_sam3x8e_gcc_rel.a(adc.o)
                0x00080aba                adc_configure_timing
 .text.adc_start
                0x00080ad4        0x6 C:\Users\emili\AppData\Local\arduino15\packages\arduino\hardware\sam\1.6.11\variants\arduino_due_x/libsam_sam3x8e_gcc_rel.a(adc.o)
                0x00080ad4                adc_start
 .text.adc_enable_channel
                0x00080ada        0xa C:\Users\emili\AppData\Local\arduino15\packages\arduino\hardware\sam\1.6.11\variants\arduino_due_x/libsam_sam3x8e_gcc_rel.a(adc.o)
                0x00080ada                adc_enable_channel
 .text.adc_disable_channel
                0x00080ae4        0xa C:\Users\emili\AppData\Local\arduino15\packages\arduino\hardware\sam\1.6.11\variants\arduino_due_x/libsam_sam3x8e_gcc_rel.a(adc.o)
                0x00080ae4                adc_disable_channel
 .text.adc_disable_all_channel
                0x00080aee        0x8 C:\Users\emili\AppData\Local\arduino15\packages\arduino\hardware\sam\1.6.11\variants\arduino_due_x/libsam_sam3x8e_gcc_rel.a(adc.o)
                0x00080aee                adc_disable_all_channel
 .text.adc_get_channel_status
                0x00080af6        0xa C:\Users\emili\AppData\Local\arduino15\packages\arduino\hardware\sam\1.6.11\variants\arduino_due_x/libsam_sam3x8e_gcc_rel.a(adc.o)
                0x00080af6                adc_get_channel_status
 .text.adc_get_latest_value
                0x00080b00        0x4 C:\Users\emili\AppData\Local\arduino15\packages\arduino\hardware\sam\1.6.11\variants\arduino_due_x/libsam_sam3x8e_gcc_rel.a(adc.o)
                0x00080b00                adc_get_latest_value
 .text.adc_disable_interrupt
                0x00080b04        0x4 C:\Users\emili\AppData\Local\arduino15\packages\arduino\hardware\sam\1.6.11\variants\arduino_due_x/libsam_sam3x8e_gcc_rel.a(adc.o)
                0x00080b04                adc_disable_interrupt
 .text.adc_get_status
                0x00080b08        0x4 C:\Users\emili\AppData\Local\arduino15\packages\arduino\hardware\sam\1.6.11\variants\arduino_due_x/libsam_sam3x8e_gcc_rel.a(adc.o)
                0x00080b08                adc_get_status
 .text.UOTGHS_Handler
                0x00080b0c       0x10 C:\Users\emili\AppData\Local\arduino15\packages\arduino\hardware\sam\1.6.11\variants\arduino_due_x/libsam_sam3x8e_gcc_rel.a(uotghs.o)
                0x00080b0c                UOTGHS_Handler
 .text.__halt   0x00080b1c        0x2 C:\Users\emili\AppData\Local\Temp\VMBuilds\CalculatorKeypad\arduino_due_x_dbg\Debug/core.a(cortex_handlers.c.o)
                0x00080b1c                DACC_Handler
                0x00080b1c                DebugMon_Handler
                0x00080b1c                DMAC_Handler
                0x00080b1c                TRNG_Handler
                0x00080b1c                HardFault_Handler
                0x00080b1c                TC2_Handler
                0x00080b1c                TWI1_Handler
                0x00080b1c                NMI_Handler
                0x00080b1c                TC7_Handler
                0x00080b1c                ADC_Handler
                0x00080b1c                SMC_Handler
                0x00080b1c                RTT_Handler
                0x00080b1c                EFC1_Handler
                0x00080b1c                PIOB_Handler
                0x00080b1c                RTC_Handler
                0x00080b1c                UsageFault_Handler
                0x00080b1c                TC6_Handler
                0x00080b1c                WDT_Handler
                0x00080b1c                CAN0_Handler
                0x00080b1c                TC4_Handler
                0x00080b1c                TC1_Handler
                0x00080b1c                HSMCI_Handler
                0x00080b1c                TC3_Handler
                0x00080b1c                TWI0_Handler
                0x00080b1c                PIOA_Handler
                0x00080b1c                SSC_Handler
                0x00080b1c                EFC0_Handler
                0x00080b1c                PMC_Handler
                0x00080b1c                PWM_Handler
                0x00080b1c                CAN1_Handler
                0x00080b1c                MemManage_Handler
                0x00080b1c                SUPC_Handler
                0x00080b1c                TC8_Handler
                0x00080b1c                USART2_Handler
                0x00080b1c                PIOD_Handler
                0x00080b1c                EMAC_Handler
                0x00080b1c                PIOC_Handler
                0x00080b1c                BusFault_Handler
                0x00080b1c                RSTC_Handler
                0x00080b1c                TC0_Handler
                0x00080b1c                TC5_Handler
                0x00080b1c                SPI0_Handler
 .text.SVC_Handler
                0x00080b1e        0x4 C:\Users\emili\AppData\Local\Temp\VMBuilds\CalculatorKeypad\arduino_due_x_dbg\Debug/core.a(cortex_handlers.c.o)
                0x00080b1e                SVC_Handler
 .text.PendSV_Handler
                0x00080b22        0x4 C:\Users\emili\AppData\Local\Temp\VMBuilds\CalculatorKeypad\arduino_due_x_dbg\Debug/core.a(cortex_handlers.c.o)
                0x00080b22                PendSV_Handler
 .text.SysTick_Handler
                0x00080b26       0x16 C:\Users\emili\AppData\Local\Temp\VMBuilds\CalculatorKeypad\arduino_due_x_dbg\Debug/core.a(cortex_handlers.c.o)
                0x00080b26                SysTick_Handler
 .text.__empty  0x00080b3c        0x2 C:\Users\emili\AppData\Local\Temp\VMBuilds\CalculatorKeypad\arduino_due_x_dbg\Debug/core.a(hooks.c.o)
                0x00080b3c                yield
 .text.__false  0x00080b3e        0x4 C:\Users\emili\AppData\Local\Temp\VMBuilds\CalculatorKeypad\arduino_due_x_dbg\Debug/core.a(hooks.c.o)
                0x00080b3e                sysTickHook
 .text.__halt   0x00080b42        0x2 C:\Users\emili\AppData\Local\Temp\VMBuilds\CalculatorKeypad\arduino_due_x_dbg\Debug/core.a(hooks.c.o)
                0x00080b42                svcHook
                0x00080b42                pendSVHook
 .text._sbrk    0x00080b44       0x1c C:\Users\emili\AppData\Local\Temp\VMBuilds\CalculatorKeypad\arduino_due_x_dbg\Debug/core.a(syscalls_sam3.c.o)
                0x00080b44                _sbrk
 .text.link     0x00080b60        0x6 C:\Users\emili\AppData\Local\Temp\VMBuilds\CalculatorKeypad\arduino_due_x_dbg\Debug/core.a(syscalls_sam3.c.o)
                0x00080b60                link
 .text._close   0x00080b66        0x6 C:\Users\emili\AppData\Local\Temp\VMBuilds\CalculatorKeypad\arduino_due_x_dbg\Debug/core.a(syscalls_sam3.c.o)
                0x00080b66                _close
 .text._fstat   0x00080b6c        0xa C:\Users\emili\AppData\Local\Temp\VMBuilds\CalculatorKeypad\arduino_due_x_dbg\Debug/core.a(syscalls_sam3.c.o)
                0x00080b6c                _fstat
 .text._isatty  0x00080b76        0x4 C:\Users\emili\AppData\Local\Temp\VMBuilds\CalculatorKeypad\arduino_due_x_dbg\Debug/core.a(syscalls_sam3.c.o)
                0x00080b76                _isatty
 .text._lseek   0x00080b7a        0x4 C:\Users\emili\AppData\Local\Temp\VMBuilds\CalculatorKeypad\arduino_due_x_dbg\Debug/core.a(syscalls_sam3.c.o)
                0x00080b7a                _lseek
 .text._read    0x00080b7e        0x4 C:\Users\emili\AppData\Local\Temp\VMBuilds\CalculatorKeypad\arduino_due_x_dbg\Debug/core.a(syscalls_sam3.c.o)
                0x00080b7e                _read
 *fill*         0x00080b82        0x2 
 .text._write   0x00080b84       0x24 C:\Users\emili\AppData\Local\Temp\VMBuilds\CalculatorKeypad\arduino_due_x_dbg\Debug/core.a(syscalls_sam3.c.o)
                0x00080b84                _write
 .text._exit    0x00080ba8       0x10 C:\Users\emili\AppData\Local\Temp\VMBuilds\CalculatorKeypad\arduino_due_x_dbg\Debug/core.a(syscalls_sam3.c.o)
                0x00080ba8                _exit
 .text._kill    0x00080bb8        0x2 C:\Users\emili\AppData\Local\Temp\VMBuilds\CalculatorKeypad\arduino_due_x_dbg\Debug/core.a(syscalls_sam3.c.o)
                0x00080bb8                _kill
 .text._getpid  0x00080bba        0x6 C:\Users\emili\AppData\Local\Temp\VMBuilds\CalculatorKeypad\arduino_due_x_dbg\Debug/core.a(syscalls_sam3.c.o)
                0x00080bba                _getpid
 .text.millis   0x00080bc0        0x4 C:\Users\emili\AppData\Local\Temp\VMBuilds\CalculatorKeypad\arduino_due_x_dbg\Debug/core.a(wiring.c.o)
                0x00080bc0                millis
 .text.delay    0x00080bc4       0x1c C:\Users\emili\AppData\Local\Temp\VMBuilds\CalculatorKeypad\arduino_due_x_dbg\Debug/core.a(wiring.c.o)
                0x00080bc4                delay
 .text.mapResolution
                0x00080be0       0x12 C:\Users\emili\AppData\Local\Temp\VMBuilds\CalculatorKeypad\arduino_due_x_dbg\Debug/core.a(wiring_analog.c.o)
 *fill*         0x00080bf2        0x2 
 .text.analogRead
                0x00080bf4       0x9c C:\Users\emili\AppData\Local\Temp\VMBuilds\CalculatorKeypad\arduino_due_x_dbg\Debug/core.a(wiring_analog.c.o)
                0x00080bf4                analogRead
 .text.analogOutputInit
                0x00080c90        0x2 C:\Users\emili\AppData\Local\Temp\VMBuilds\CalculatorKeypad\arduino_due_x_dbg\Debug/core.a(wiring_analog.c.o)
                0x00080c90                analogOutputInit
 *fill*         0x00080c92        0x2 
 .text.pinMode  0x00080c94      0x108 C:\Users\emili\AppData\Local\Temp\VMBuilds\CalculatorKeypad\arduino_due_x_dbg\Debug/core.a(wiring_digital.c.o)
                0x00080c94                pinMode
 .text.digitalWrite
                0x00080d9c       0x70 C:\Users\emili\AppData\Local\Temp\VMBuilds\CalculatorKeypad\arduino_due_x_dbg\Debug/core.a(wiring_digital.c.o)
                0x00080d9c                digitalWrite
 .text.digitalRead
                0x00080e0c       0x44 C:\Users\emili\AppData\Local\Temp\VMBuilds\CalculatorKeypad\arduino_due_x_dbg\Debug/core.a(wiring_digital.c.o)
                0x00080e0c                digitalRead
 .text.initVariant
                0x00080e50        0x2 C:\Users\emili\AppData\Local\Temp\VMBuilds\CalculatorKeypad\arduino_due_x_dbg\Debug/core.a(main.cpp.o)
                0x00080e50                initVariant
 *fill*         0x00080e52        0x2 
 .text.startup.main
                0x00080e54       0x38 C:\Users\emili\AppData\Local\Temp\VMBuilds\CalculatorKeypad\arduino_due_x_dbg\Debug/core.a(main.cpp.o)
                0x00080e54                main
 .text._ZN5Print5writeEPKhj
                0x00080e8c       0x22 C:\Users\emili\AppData\Local\Temp\VMBuilds\CalculatorKeypad\arduino_due_x_dbg\Debug/core.a(Print.cpp.o)
                0x00080e8c                Print::write(unsigned char const*, unsigned int)
 .text._ZN5Print5printEmi.part.3
                0x00080eae        0xc C:\Users\emili\AppData\Local\Temp\VMBuilds\CalculatorKeypad\arduino_due_x_dbg\Debug/core.a(Print.cpp.o)
 .text._ZN5Print5writeEPKc
                0x00080eba       0x1e C:\Users\emili\AppData\Local\Temp\VMBuilds\CalculatorKeypad\arduino_due_x_dbg\Debug/core.a(Print.cpp.o)
                0x00080eba                Print::write(char const*)
 .text._ZN5Print5printERK6String
                0x00080ed8       0x10 C:\Users\emili\AppData\Local\Temp\VMBuilds\CalculatorKeypad\arduino_due_x_dbg\Debug/core.a(Print.cpp.o)
                0x00080ed8                Print::print(String const&)
 .text._ZN5Print5printEPKc
                0x00080ee8        0x8 C:\Users\emili\AppData\Local\Temp\VMBuilds\CalculatorKeypad\arduino_due_x_dbg\Debug/core.a(Print.cpp.o)
                0x00080ee8                Print::print(char const*)
 .text._ZN5Print7printlnEv
                0x00080ef0       0x10 C:\Users\emili\AppData\Local\Temp\VMBuilds\CalculatorKeypad\arduino_due_x_dbg\Debug/core.a(Print.cpp.o)
                0x00080ef0                Print::println()
 .text._ZN5Print7printlnERK6String
                0x00080f00       0x14 C:\Users\emili\AppData\Local\Temp\VMBuilds\CalculatorKeypad\arduino_due_x_dbg\Debug/core.a(Print.cpp.o)
                0x00080f00                Print::println(String const&)
 .text._ZN5Print7printlnEPKc
                0x00080f14       0x14 C:\Users\emili\AppData\Local\Temp\VMBuilds\CalculatorKeypad\arduino_due_x_dbg\Debug/core.a(Print.cpp.o)
                0x00080f14                Print::println(char const*)
 .text._ZN5Print11printNumberEmh
                0x00080f28       0x3e C:\Users\emili\AppData\Local\Temp\VMBuilds\CalculatorKeypad\arduino_due_x_dbg\Debug/core.a(Print.cpp.o)
                0x00080f28                Print::printNumber(unsigned long, unsigned char)
 .text._ZN5Print5printEmi
                0x00080f66        0xc C:\Users\emili\AppData\Local\Temp\VMBuilds\CalculatorKeypad\arduino_due_x_dbg\Debug/core.a(Print.cpp.o)
                0x00080f66                Print::print(unsigned long, int)
 .text._ZN5Print5printEhi
                0x00080f72        0x4 C:\Users\emili\AppData\Local\Temp\VMBuilds\CalculatorKeypad\arduino_due_x_dbg\Debug/core.a(Print.cpp.o)
                0x00080f72                Print::print(unsigned char, int)
 *fill*         0x00080f76        0x2 
 .text.initiateReset
                0x00080f78        0xc C:\Users\emili\AppData\Local\Temp\VMBuilds\CalculatorKeypad\arduino_due_x_dbg\Debug/core.a(Reset.cpp.o)
                0x00080f78                initiateReset
 .text.cancelReset
                0x00080f84       0x10 C:\Users\emili\AppData\Local\Temp\VMBuilds\CalculatorKeypad\arduino_due_x_dbg\Debug/core.a(Reset.cpp.o)
                0x00080f84                cancelReset
 .text.tickReset
                0x00080f94       0x20 C:\Users\emili\AppData\Local\Temp\VMBuilds\CalculatorKeypad\arduino_due_x_dbg\Debug/core.a(Reset.cpp.o)
                0x00080f94                tickReset
 .text._ZN10RingBufferC2Ev
                0x00080fb4       0x1a C:\Users\emili\AppData\Local\Temp\VMBuilds\CalculatorKeypad\arduino_due_x_dbg\Debug/core.a(RingBuffer.cpp.o)
                0x00080fb4                RingBuffer::RingBuffer()
                0x00080fb4                RingBuffer::RingBuffer()
 .text._ZN10RingBuffer10store_charEh
                0x00080fce       0x1e C:\Users\emili\AppData\Local\Temp\VMBuilds\CalculatorKeypad\arduino_due_x_dbg\Debug/core.a(RingBuffer.cpp.o)
                0x00080fce                RingBuffer::store_char(unsigned char)
 .text._ZN9UARTClasscvbEv
                0x00080fec        0x4 C:\Users\emili\AppData\Local\Temp\VMBuilds\CalculatorKeypad\arduino_due_x_dbg\Debug/core.a(UARTClass.cpp.o)
                0x00080fec                UARTClass::operator bool()
 .text._ZN9UARTClass9availableEv
                0x00080ff0       0x12 C:\Users\emili\AppData\Local\Temp\VMBuilds\CalculatorKeypad\arduino_due_x_dbg\Debug/core.a(UARTClass.cpp.o)
                0x00080ff0                UARTClass::available()
 .text._ZN9UARTClass4peekEv
                0x00081002       0x1c C:\Users\emili\AppData\Local\Temp\VMBuilds\CalculatorKeypad\arduino_due_x_dbg\Debug/core.a(UARTClass.cpp.o)
                0x00081002                UARTClass::peek()
 .text._ZN9UARTClass4readEv
                0x0008101e       0x2a C:\Users\emili\AppData\Local\Temp\VMBuilds\CalculatorKeypad\arduino_due_x_dbg\Debug/core.a(UARTClass.cpp.o)
                0x0008101e                UARTClass::read()
 .text._ZN9UARTClass5flushEv
                0x00081048       0x18 C:\Users\emili\AppData\Local\Temp\VMBuilds\CalculatorKeypad\arduino_due_x_dbg\Debug/core.a(UARTClass.cpp.o)
                0x00081048                UARTClass::flush()
 .text._ZN9UARTClass5writeEh
                0x00081060       0x54 C:\Users\emili\AppData\Local\Temp\VMBuilds\CalculatorKeypad\arduino_due_x_dbg\Debug/core.a(UARTClass.cpp.o)
                0x00081060                UARTClass::write(unsigned char)
 .text._ZN9UARTClass3endEv
                0x000810b4       0x3c C:\Users\emili\AppData\Local\Temp\VMBuilds\CalculatorKeypad\arduino_due_x_dbg\Debug/core.a(UARTClass.cpp.o)
                0x000810b4                UARTClass::end()
 .text._ZN9UARTClassC2EP4Uart4IRQnmP10RingBufferS4_
                0x000810f0       0x24 C:\Users\emili\AppData\Local\Temp\VMBuilds\CalculatorKeypad\arduino_due_x_dbg\Debug/core.a(UARTClass.cpp.o)
                0x000810f0                UARTClass::UARTClass(Uart*, IRQn, unsigned long, RingBuffer*, RingBuffer*)
                0x000810f0                UARTClass::UARTClass(Uart*, IRQn, unsigned long, RingBuffer*, RingBuffer*)
 .text._ZN9UARTClass4initEmm
                0x00081114       0x70 C:\Users\emili\AppData\Local\Temp\VMBuilds\CalculatorKeypad\arduino_due_x_dbg\Debug/core.a(UARTClass.cpp.o)
                0x00081114                UARTClass::init(unsigned long, unsigned long)
 .text._ZN9UARTClass5beginEm
                0x00081184        0x8 C:\Users\emili\AppData\Local\Temp\VMBuilds\CalculatorKeypad\arduino_due_x_dbg\Debug/core.a(UARTClass.cpp.o)
                0x00081184                UARTClass::begin(unsigned long)
 .text._ZN9UARTClass10IrqHandlerEv
                0x0008118c       0x5a C:\Users\emili\AppData\Local\Temp\VMBuilds\CalculatorKeypad\arduino_due_x_dbg\Debug/core.a(UARTClass.cpp.o)
                0x0008118c                UARTClass::IrqHandler()
 .text._ZN10USARTClass5beginEm
                0x000811e6        0x8 C:\Users\emili\AppData\Local\Temp\VMBuilds\CalculatorKeypad\arduino_due_x_dbg\Debug/core.a(USARTClass.cpp.o)
                0x000811e6                USARTClass::begin(unsigned long)
 *fill*         0x000811ee        0x2 
 .text._ZN10USARTClassC2EP5Usart4IRQnmP10RingBufferS4_
                0x000811f0       0x24 C:\Users\emili\AppData\Local\Temp\VMBuilds\CalculatorKeypad\arduino_due_x_dbg\Debug/core.a(USARTClass.cpp.o)
                0x000811f0                USARTClass::USARTClass(Usart*, IRQn, unsigned long, RingBuffer*, RingBuffer*)
                0x000811f0                USARTClass::USARTClass(Usart*, IRQn, unsigned long, RingBuffer*, RingBuffer*)
 .text._watchdogDefaultSetup
                0x00081214        0xc C:\Users\emili\AppData\Local\Temp\VMBuilds\CalculatorKeypad\arduino_due_x_dbg\Debug/core.a(watchdog.cpp.o)
                0x00081214                _watchdogDefaultSetup
                0x00081214                watchdogSetup()
 .text._ZN6StringD2Ev
                0x00081220        0xe C:\Users\emili\AppData\Local\Temp\VMBuilds\CalculatorKeypad\arduino_due_x_dbg\Debug/core.a(WString.cpp.o)
                0x00081220                String::~String()
                0x00081220                String::~String()
 .text._ZN6String10invalidateEv
                0x0008122e       0x16 C:\Users\emili\AppData\Local\Temp\VMBuilds\CalculatorKeypad\arduino_due_x_dbg\Debug/core.a(WString.cpp.o)
                0x0008122e                String::invalidate()
 .text._ZN6String12changeBufferEj
                0x00081244       0x18 C:\Users\emili\AppData\Local\Temp\VMBuilds\CalculatorKeypad\arduino_due_x_dbg\Debug/core.a(WString.cpp.o)
                0x00081244                String::changeBuffer(unsigned int)
 .text._ZN6String7reserveEj
                0x0008125c       0x22 C:\Users\emili\AppData\Local\Temp\VMBuilds\CalculatorKeypad\arduino_due_x_dbg\Debug/core.a(WString.cpp.o)
                0x0008125c                String::reserve(unsigned int)
 .text._ZN6String4copyEPKcj
                0x0008127e       0x26 C:\Users\emili\AppData\Local\Temp\VMBuilds\CalculatorKeypad\arduino_due_x_dbg\Debug/core.a(WString.cpp.o)
                0x0008127e                String::copy(char const*, unsigned int)
 .text._ZN6StringaSEPKc
                0x000812a4       0x22 C:\Users\emili\AppData\Local\Temp\VMBuilds\CalculatorKeypad\arduino_due_x_dbg\Debug/core.a(WString.cpp.o)
                0x000812a4                String::operator=(char const*)
 .text._ZN6StringC2Ehh
                0x000812c6       0x22 C:\Users\emili\AppData\Local\Temp\VMBuilds\CalculatorKeypad\arduino_due_x_dbg\Debug/core.a(WString.cpp.o)
                0x000812c6                String::String(unsigned char, unsigned char)
                0x000812c6                String::String(unsigned char, unsigned char)
 .text.unlikely._ZL11USB_SendZlpv
                0x000812e8       0x20 C:\Users\emili\AppData\Local\Temp\VMBuilds\CalculatorKeypad\arduino_due_x_dbg\Debug/core.a(USBCore.cpp.o)
 .text._Z14USBD_Availablem
                0x00081308       0x2c C:\Users\emili\AppData\Local\Temp\VMBuilds\CalculatorKeypad\arduino_due_x_dbg\Debug/core.a(USBCore.cpp.o)
                0x00081308                USBD_Available(unsigned long)
 .text._Z9USBD_RecvmPvm
                0x00081334       0x7c C:\Users\emili\AppData\Local\Temp\VMBuilds\CalculatorKeypad\arduino_due_x_dbg\Debug/core.a(USBCore.cpp.o)
                0x00081334                USBD_Recv(unsigned long, void*, unsigned long)
 .text._Z9USBD_Recvm
                0x000813b0       0x22 C:\Users\emili\AppData\Local\Temp\VMBuilds\CalculatorKeypad\arduino_due_x_dbg\Debug/core.a(USBCore.cpp.o)
                0x000813b0                USBD_Recv(unsigned long)
 *fill*         0x000813d2        0x2 
 .text._Z9USBD_SendmPKvm
                0x000813d4       0x4c C:\Users\emili\AppData\Local\Temp\VMBuilds\CalculatorKeypad\arduino_due_x_dbg\Debug/core.a(USBCore.cpp.o)
                0x000813d4                USBD_Send(unsigned long, void const*, unsigned long)
 .text._Z16USBD_SendControlhPKvm
                0x00081420       0x40 C:\Users\emili\AppData\Local\Temp\VMBuilds\CalculatorKeypad\arduino_due_x_dbg\Debug/core.a(USBCore.cpp.o)
                0x00081420                USBD_SendControl(unsigned char, void const*, unsigned long)
 .text.unlikely._ZL24USB_SendStringDescriptorPKhi
                0x00081460       0x64 C:\Users\emili\AppData\Local\Temp\VMBuilds\CalculatorKeypad\arduino_due_x_dbg\Debug/core.a(USBCore.cpp.o)
 .text._Z16USBD_RecvControlPvm
                0x000814c4       0x1c C:\Users\emili\AppData\Local\Temp\VMBuilds\CalculatorKeypad\arduino_due_x_dbg\Debug/core.a(USBCore.cpp.o)
                0x000814c4                USBD_RecvControl(void*, unsigned long)
 .text._Z26USBD_ClassInterfaceRequestR8USBSetup
                0x000814e0       0x1e C:\Users\emili\AppData\Local\Temp\VMBuilds\CalculatorKeypad\arduino_due_x_dbg\Debug/core.a(USBCore.cpp.o)
                0x000814e0                USBD_ClassInterfaceRequest(USBSetup&)
 .text._Z19USBD_SendInterfacesv
                0x000814fe       0x22 C:\Users\emili\AppData\Local\Temp\VMBuilds\CalculatorKeypad\arduino_due_x_dbg\Debug/core.a(USBCore.cpp.o)
                0x000814fe                USBD_SendInterfaces()
 .text._Z24USBD_SendOtherInterfacesv
                0x00081520       0x22 C:\Users\emili\AppData\Local\Temp\VMBuilds\CalculatorKeypad\arduino_due_x_dbg\Debug/core.a(USBCore.cpp.o)
                0x00081520                USBD_SendOtherInterfaces()
 .text._Z10USBD_Flushm
                0x00081542       0x16 C:\Users\emili\AppData\Local\Temp\VMBuilds\CalculatorKeypad\arduino_due_x_dbg\Debug/core.a(USBCore.cpp.o)
                0x00081542                USBD_Flush(unsigned long)
 .text._ZN10USBDevice_C2Ev
                0x00081558       0x24 C:\Users\emili\AppData\Local\Temp\VMBuilds\CalculatorKeypad\arduino_due_x_dbg\Debug/core.a(USBCore.cpp.o)
                0x00081558                USBDevice_::USBDevice_()
                0x00081558                USBDevice_::USBDevice_()
 .text._ZN10USBDevice_6attachEv
                0x0008157c       0x20 C:\Users\emili\AppData\Local\Temp\VMBuilds\CalculatorKeypad\arduino_due_x_dbg\Debug/core.a(USBCore.cpp.o)
                0x0008157c                USBDevice_::attach()
 .text.startup._GLOBAL__sub_I_EndPoints
                0x0008159c        0xc C:\Users\emili\AppData\Local\Temp\VMBuilds\CalculatorKeypad\arduino_due_x_dbg\Debug/core.a(USBCore.cpp.o)
 .text._ZL7USB_ISRv
                0x000815a8      0x454 C:\Users\emili\AppData\Local\Temp\VMBuilds\CalculatorKeypad\arduino_due_x_dbg\Debug/core.a(USBCore.cpp.o)
 .text.ultoa    0x000819fc       0x52 C:\Users\emili\AppData\Local\Temp\VMBuilds\CalculatorKeypad\arduino_due_x_dbg\Debug/core.a(itoa.c.o)
                0x000819fc                ultoa
 .text.utoa     0x00081a4e        0x4 C:\Users\emili\AppData\Local\Temp\VMBuilds\CalculatorKeypad\arduino_due_x_dbg\Debug/core.a(itoa.c.o)
                0x00081a4e                utoa
 *fill*         0x00081a52        0x2 
 .text._ZN7Serial_9availableEv
                0x00081a54       0x18 C:\Users\emili\AppData\Local\Temp\VMBuilds\CalculatorKeypad\arduino_due_x_dbg\Debug/core.a(CDC.cpp.o)
                0x00081a54                Serial_::available()
 .text._ZN7Serial_17availableForWriteEv
                0x00081a6c        0x6 C:\Users\emili\AppData\Local\Temp\VMBuilds\CalculatorKeypad\arduino_due_x_dbg\Debug/core.a(CDC.cpp.o)
                0x00081a6c                Serial_::availableForWrite()
 *fill*         0x00081a72        0x2 
 .text._ZN7Serial_4peekEv
                0x00081a74       0x20 C:\Users\emili\AppData\Local\Temp\VMBuilds\CalculatorKeypad\arduino_due_x_dbg\Debug/core.a(CDC.cpp.o)
                0x00081a74                Serial_::peek()
 .text._ZN7Serial_5writeEh
                0x00081a94       0x16 C:\Users\emili\AppData\Local\Temp\VMBuilds\CalculatorKeypad\arduino_due_x_dbg\Debug/core.a(CDC.cpp.o)
                0x00081a94                Serial_::write(unsigned char)
 *fill*         0x00081aaa        0x2 
 .text._ZN7Serial_4readEv
                0x00081aac       0x44 C:\Users\emili\AppData\Local\Temp\VMBuilds\CalculatorKeypad\arduino_due_x_dbg\Debug/core.a(CDC.cpp.o)
                0x00081aac                Serial_::read()
 .text._ZN7Serial_5flushEv
                0x00081af0        0x6 C:\Users\emili\AppData\Local\Temp\VMBuilds\CalculatorKeypad\arduino_due_x_dbg\Debug/core.a(CDC.cpp.o)
                0x00081af0                Serial_::flush()
 *fill*         0x00081af6        0x2 
 .text._ZN7Serial_6acceptEv
                0x00081af8       0x70 C:\Users\emili\AppData\Local\Temp\VMBuilds\CalculatorKeypad\arduino_due_x_dbg\Debug/core.a(CDC.cpp.o)
                0x00081af8                Serial_::accept()
 .text._ZN7Serial_5writeEPKhj
                0x00081b68       0x2c C:\Users\emili\AppData\Local\Temp\VMBuilds\CalculatorKeypad\arduino_due_x_dbg\Debug/core.a(CDC.cpp.o)
                0x00081b68                Serial_::write(unsigned char const*, unsigned int)
 .text._Z16CDC_GetInterfacePh
                0x00081b94       0x14 C:\Users\emili\AppData\Local\Temp\VMBuilds\CalculatorKeypad\arduino_due_x_dbg\Debug/core.a(CDC.cpp.o)
                0x00081b94                CDC_GetInterface(unsigned char*)
 .text._Z21CDC_GetOtherInterfacePh
                0x00081ba8       0x14 C:\Users\emili\AppData\Local\Temp\VMBuilds\CalculatorKeypad\arduino_due_x_dbg\Debug/core.a(CDC.cpp.o)
                0x00081ba8                CDC_GetOtherInterface(unsigned char*)
 .text._Z9CDC_SetupR8USBSetup
                0x00081bbc       0x78 C:\Users\emili\AppData\Local\Temp\VMBuilds\CalculatorKeypad\arduino_due_x_dbg\Debug/core.a(CDC.cpp.o)
                0x00081bbc                CDC_Setup(USBSetup&)
 .text.startup._GLOBAL__sub_I_cdc_rx_buffer
                0x00081c34       0x1c C:\Users\emili\AppData\Local\Temp\VMBuilds\CalculatorKeypad\arduino_due_x_dbg\Debug/core.a(CDC.cpp.o)
 .text._ZN13PluggableUSB_12getInterfaceEPh
                0x00081c50       0x28 C:\Users\emili\AppData\Local\Temp\VMBuilds\CalculatorKeypad\arduino_due_x_dbg\Debug/core.a(PluggableUSB.cpp.o)
                0x00081c50                PluggableUSB_::getInterface(unsigned char*)
 .text._ZN13PluggableUSB_13getDescriptorER8USBSetup
                0x00081c78       0x1c C:\Users\emili\AppData\Local\Temp\VMBuilds\CalculatorKeypad\arduino_due_x_dbg\Debug/core.a(PluggableUSB.cpp.o)
                0x00081c78                PluggableUSB_::getDescriptor(USBSetup&)
 .text._ZN13PluggableUSB_12getShortNameEPc
                0x00081c94       0x1c C:\Users\emili\AppData\Local\Temp\VMBuilds\CalculatorKeypad\arduino_due_x_dbg\Debug/core.a(PluggableUSB.cpp.o)
                0x00081c94                PluggableUSB_::getShortName(char*)
 .text._ZN13PluggableUSB_5setupER8USBSetup
                0x00081cb0       0x20 C:\Users\emili\AppData\Local\Temp\VMBuilds\CalculatorKeypad\arduino_due_x_dbg\Debug/core.a(PluggableUSB.cpp.o)
                0x00081cb0                PluggableUSB_::setup(USBSetup&)
 .text._Z12PluggableUSBv
                0x00081cd0       0x28 C:\Users\emili\AppData\Local\Temp\VMBuilds\CalculatorKeypad\arduino_due_x_dbg\Debug/core.a(PluggableUSB.cpp.o)
                0x00081cd0                PluggableUSB()
 .text.TimeTick_Increment
                0x00081cf8       0x10 C:\Users\emili\AppData\Local\arduino15\packages\arduino\hardware\sam\1.6.11\variants\arduino_due_x/libsam_sam3x8e_gcc_rel.a(timetick.o)
                0x00081cf8                TimeTick_Increment
 .text.GetTickCount
                0x00081d08        0xc C:\Users\emili\AppData\Local\arduino15\packages\arduino\hardware\sam\1.6.11\variants\arduino_due_x/libsam_sam3x8e_gcc_rel.a(timetick.o)
                0x00081d08                GetTickCount
 .text.WDT_Disable
                0x00081d14        0x8 C:\Users\emili\AppData\Local\arduino15\packages\arduino\hardware\sam\1.6.11\variants\arduino_due_x/libsam_sam3x8e_gcc_rel.a(wdt.o)
                0x00081d14                WDT_Disable
 .text.UDD_SetStack
                0x00081d1c        0xc C:\Users\emili\AppData\Local\arduino15\packages\arduino\hardware\sam\1.6.11\variants\arduino_due_x/libsam_sam3x8e_gcc_rel.a(uotghs_device.o)
                0x00081d1c                UDD_SetStack
 .text.UDD_Init
                0x00081d28       0xd0 C:\Users\emili\AppData\Local\arduino15\packages\arduino\hardware\sam\1.6.11\variants\arduino_due_x/libsam_sam3x8e_gcc_rel.a(uotghs_device.o)
                0x00081d28                UDD_Init
 .text.UDD_Attach
                0x00081df8       0x50 C:\Users\emili\AppData\Local\arduino15\packages\arduino\hardware\sam\1.6.11\variants\arduino_due_x/libsam_sam3x8e_gcc_rel.a(uotghs_device.o)
                0x00081df8                UDD_Attach
 .text.UDD_InitEP
                0x00081e48       0x2c C:\Users\emili\AppData\Local\arduino15\packages\arduino\hardware\sam\1.6.11\variants\arduino_due_x/libsam_sam3x8e_gcc_rel.a(uotghs_device.o)
                0x00081e48                UDD_InitEP
 .text.UDD_InitEndpoints
                0x00081e74       0x3c C:\Users\emili\AppData\Local\arduino15\packages\arduino\hardware\sam\1.6.11\variants\arduino_due_x/libsam_sam3x8e_gcc_rel.a(uotghs_device.o)
                0x00081e74                UDD_InitEndpoints
 .text.UDD_WaitIN
                0x00081eb0       0x10 C:\Users\emili\AppData\Local\arduino15\packages\arduino\hardware\sam\1.6.11\variants\arduino_due_x/libsam_sam3x8e_gcc_rel.a(uotghs_device.o)
                0x00081eb0                UDD_WaitIN
 .text.UDD_WaitOUT
                0x00081ec0       0x10 C:\Users\emili\AppData\Local\arduino15\packages\arduino\hardware\sam\1.6.11\variants\arduino_due_x/libsam_sam3x8e_gcc_rel.a(uotghs_device.o)
                0x00081ec0                UDD_WaitOUT
 .text.UDD_ClearIN
                0x00081ed0       0x18 C:\Users\emili\AppData\Local\arduino15\packages\arduino\hardware\sam\1.6.11\variants\arduino_due_x/libsam_sam3x8e_gcc_rel.a(uotghs_device.o)
                0x00081ed0                UDD_ClearIN
 .text.UDD_ClearOUT
                0x00081ee8       0x18 C:\Users\emili\AppData\Local\arduino15\packages\arduino\hardware\sam\1.6.11\variants\arduino_due_x/libsam_sam3x8e_gcc_rel.a(uotghs_device.o)
                0x00081ee8                UDD_ClearOUT
 .text.UDD_ReceivedSetupInt
                0x00081f00       0x10 C:\Users\emili\AppData\Local\arduino15\packages\arduino\hardware\sam\1.6.11\variants\arduino_due_x/libsam_sam3x8e_gcc_rel.a(uotghs_device.o)
                0x00081f00                UDD_ReceivedSetupInt
 .text.UDD_ClearSetupInt
                0x00081f10       0x10 C:\Users\emili\AppData\Local\arduino15\packages\arduino\hardware\sam\1.6.11\variants\arduino_due_x/libsam_sam3x8e_gcc_rel.a(uotghs_device.o)
                0x00081f10                UDD_ClearSetupInt
 .text.UDD_Send
                0x00081f20       0x88 C:\Users\emili\AppData\Local\arduino15\packages\arduino\hardware\sam\1.6.11\variants\arduino_due_x/libsam_sam3x8e_gcc_rel.a(uotghs_device.o)
                0x00081f20                UDD_Send
 .text.UDD_Send8
                0x00081fa8       0x24 C:\Users\emili\AppData\Local\arduino15\packages\arduino\hardware\sam\1.6.11\variants\arduino_due_x/libsam_sam3x8e_gcc_rel.a(uotghs_device.o)
                0x00081fa8                UDD_Send8
 .text.UDD_Recv8
                0x00081fcc       0x28 C:\Users\emili\AppData\Local\arduino15\packages\arduino\hardware\sam\1.6.11\variants\arduino_due_x/libsam_sam3x8e_gcc_rel.a(uotghs_device.o)
                0x00081fcc                UDD_Recv8
 .text.UDD_Recv
                0x00081ff4       0x34 C:\Users\emili\AppData\Local\arduino15\packages\arduino\hardware\sam\1.6.11\variants\arduino_due_x/libsam_sam3x8e_gcc_rel.a(uotghs_device.o)
                0x00081ff4                UDD_Recv
 .text.UDD_Stall
                0x00082028       0x14 C:\Users\emili\AppData\Local\arduino15\packages\arduino\hardware\sam\1.6.11\variants\arduino_due_x/libsam_sam3x8e_gcc_rel.a(uotghs_device.o)
                0x00082028                UDD_Stall
 .text.UDD_FifoByteCount
                0x0008203c       0x14 C:\Users\emili\AppData\Local\arduino15\packages\arduino\hardware\sam\1.6.11\variants\arduino_due_x/libsam_sam3x8e_gcc_rel.a(uotghs_device.o)
                0x0008203c                UDD_FifoByteCount
 .text.UDD_ReleaseRX
                0x00082050       0x28 C:\Users\emili\AppData\Local\arduino15\packages\arduino\hardware\sam\1.6.11\variants\arduino_due_x/libsam_sam3x8e_gcc_rel.a(uotghs_device.o)
                0x00082050                UDD_ReleaseRX
 .text.UDD_ReleaseTX
                0x00082078       0x28 C:\Users\emili\AppData\Local\arduino15\packages\arduino\hardware\sam\1.6.11\variants\arduino_due_x/libsam_sam3x8e_gcc_rel.a(uotghs_device.o)
                0x00082078                UDD_ReleaseTX
 .text.UDD_SetAddress
                0x000820a0       0x20 C:\Users\emili\AppData\Local\arduino15\packages\arduino\hardware\sam\1.6.11\variants\arduino_due_x/libsam_sam3x8e_gcc_rel.a(uotghs_device.o)
                0x000820a0                UDD_SetAddress
 .text.__libc_init_array
                0x000820c0       0x50 c:/users/emili/appdata/local/arduino15/packages/arduino/tools/arm-none-eabi-gcc/4.8.3-2014q1/bin/../lib/gcc/arm-none-eabi/4.8.3/../../../../arm-none-eabi/lib/armv7-m\libg.a(lib_a-init.o)
                0x000820c0                __libc_init_array
 .text.iprintf  0x00082110       0x28 c:/users/emili/appdata/local/arduino15/packages/arduino/tools/arm-none-eabi-gcc/4.8.3-2014q1/bin/../lib/gcc/arm-none-eabi/4.8.3/../../../../arm-none-eabi/lib/armv7-m\libg.a(lib_a-iprintf.o)
                0x00082110                iprintf
 .text.malloc   0x00082138       0x10 c:/users/emili/appdata/local/arduino15/packages/arduino/tools/arm-none-eabi-gcc/4.8.3-2014q1/bin/../lib/gcc/arm-none-eabi/4.8.3/../../../../arm-none-eabi/lib/armv7-m\libg.a(lib_a-malloc.o)
                0x00082138                malloc
 .text.free     0x00082148       0x10 c:/users/emili/appdata/local/arduino15/packages/arduino/tools/arm-none-eabi-gcc/4.8.3-2014q1/bin/../lib/gcc/arm-none-eabi/4.8.3/../../../../arm-none-eabi/lib/armv7-m\libg.a(lib_a-malloc.o)
                0x00082148                free
 .text._malloc_r
                0x00082158      0x538 c:/users/emili/appdata/local/arduino15/packages/arduino/tools/arm-none-eabi-gcc/4.8.3-2014q1/bin/../lib/gcc/arm-none-eabi/4.8.3/../../../../arm-none-eabi/lib/armv7-m\libg.a(lib_a-mallocr.o)
                0x00082158                _malloc_r
 .text          0x00082690       0xec c:/users/emili/appdata/local/arduino15/packages/arduino/tools/arm-none-eabi-gcc/4.8.3-2014q1/bin/../lib/gcc/arm-none-eabi/4.8.3/../../../../arm-none-eabi/lib/armv7-m\libg.a(lib_a-memcpy.o)
                0x00082690                memcpy
 .text.memmove  0x0008277c       0xcc c:/users/emili/appdata/local/arduino15/packages/arduino/tools/arm-none-eabi-gcc/4.8.3-2014q1/bin/../lib/gcc/arm-none-eabi/4.8.3/../../../../arm-none-eabi/lib/armv7-m\libg.a(lib_a-memmove.o)
                0x0008277c                memmove
 .text.memset   0x00082848       0x94 c:/users/emili/appdata/local/arduino15/packages/arduino/tools/arm-none-eabi-gcc/4.8.3-2014q1/bin/../lib/gcc/arm-none-eabi/4.8.3/../../../../arm-none-eabi/lib/armv7-m\libg.a(lib_a-memset.o)
                0x00082848                memset
 .text.__malloc_lock
                0x000828dc        0x4 c:/users/emili/appdata/local/arduino15/packages/arduino/tools/arm-none-eabi-gcc/4.8.3-2014q1/bin/../lib/gcc/arm-none-eabi/4.8.3/../../../../arm-none-eabi/lib/armv7-m\libg.a(lib_a-mlock.o)
                0x000828dc                __malloc_lock
 .text.__malloc_unlock
                0x000828e0        0x4 c:/users/emili/appdata/local/arduino15/packages/arduino/tools/arm-none-eabi-gcc/4.8.3-2014q1/bin/../lib/gcc/arm-none-eabi/4.8.3/../../../../arm-none-eabi/lib/armv7-m\libg.a(lib_a-mlock.o)
                0x000828e0                __malloc_unlock
 .text.realloc  0x000828e4       0x10 c:/users/emili/appdata/local/arduino15/packages/arduino/tools/arm-none-eabi-gcc/4.8.3-2014q1/bin/../lib/gcc/arm-none-eabi/4.8.3/../../../../arm-none-eabi/lib/armv7-m\libg.a(lib_a-realloc.o)
                0x000828e4                realloc
 .text._realloc_r
                0x000828f4      0x3c0 c:/users/emili/appdata/local/arduino15/packages/arduino/tools/arm-none-eabi-gcc/4.8.3-2014q1/bin/../lib/gcc/arm-none-eabi/4.8.3/../../../../arm-none-eabi/lib/armv7-m\libg.a(lib_a-reallocr.o)
                0x000828f4                _realloc_r
 .text._sbrk_r  0x00082cb4       0x24 c:/users/emili/appdata/local/arduino15/packages/arduino/tools/arm-none-eabi-gcc/4.8.3-2014q1/bin/../lib/gcc/arm-none-eabi/4.8.3/../../../../arm-none-eabi/lib/armv7-m\libg.a(lib_a-sbrkr.o)
                0x00082cb4                _sbrk_r
 .text.strcpy   0x00082cd8       0xbc c:/users/emili/appdata/local/arduino15/packages/arduino/tools/arm-none-eabi-gcc/4.8.3-2014q1/bin/../lib/gcc/arm-none-eabi/4.8.3/../../../../arm-none-eabi/lib/armv7-m\libg.a(lib_a-strcpy.o)
                0x00082cd8                strcpy
 .text.strlen   0x00082d94       0x60 c:/users/emili/appdata/local/arduino15/packages/arduino/tools/arm-none-eabi-gcc/4.8.3-2014q1/bin/../lib/gcc/arm-none-eabi/4.8.3/../../../../arm-none-eabi/lib/armv7-m\libg.a(lib_a-strlen.o)
                0x00082d94                strlen
 .text.kill     0x00082df4       0x10 c:/users/emili/appdata/local/arduino15/packages/arduino/tools/arm-none-eabi-gcc/4.8.3-2014q1/bin/../lib/gcc/arm-none-eabi/4.8.3/../../../../arm-none-eabi/lib/armv7-m\libg.a(lib_a-syskill.o)
                0x00082df4                kill
 .text.__sprint_r.part.0
                0x00082e04       0x78 c:/users/emili/appdata/local/arduino15/packages/arduino/tools/arm-none-eabi-gcc/4.8.3-2014q1/bin/../lib/gcc/arm-none-eabi/4.8.3/../../../../arm-none-eabi/lib/armv7-m\libg.a(lib_a-vfiprintf.o)
 .text._vfiprintf_r
                0x00082e7c      0xc54 c:/users/emili/appdata/local/arduino15/packages/arduino/tools/arm-none-eabi-gcc/4.8.3-2014q1/bin/../lib/gcc/arm-none-eabi/4.8.3/../../../../arm-none-eabi/lib/armv7-m\libg.a(lib_a-vfiprintf.o)
                0x00082e7c                _vfiprintf_r
 .text.__sbprintf
                0x00083ad0       0x7c c:/users/emili/appdata/local/arduino15/packages/arduino/tools/arm-none-eabi-gcc/4.8.3-2014q1/bin/../lib/gcc/arm-none-eabi/4.8.3/../../../../arm-none-eabi/lib/armv7-m\libg.a(lib_a-vfiprintf.o)
 .text.__swsetup_r
                0x00083b4c       0xc4 c:/users/emili/appdata/local/arduino15/packages/arduino/tools/arm-none-eabi-gcc/4.8.3-2014q1/bin/../lib/gcc/arm-none-eabi/4.8.3/../../../../arm-none-eabi/lib/armv7-m\libg.a(lib_a-wsetup.o)
                0x00083b4c                __swsetup_r
 .text.startup.register_fini
                0x00083c10       0x14 c:/users/emili/appdata/local/arduino15/packages/arduino/tools/arm-none-eabi-gcc/4.8.3-2014q1/bin/../lib/gcc/arm-none-eabi/4.8.3/../../../../arm-none-eabi/lib/armv7-m\libg.a(lib_a-__call_atexit.o)
 .text.atexit   0x00083c24        0xc c:/users/emili/appdata/local/arduino15/packages/arduino/tools/arm-none-eabi-gcc/4.8.3-2014q1/bin/../lib/gcc/arm-none-eabi/4.8.3/../../../../arm-none-eabi/lib/armv7-m\libg.a(lib_a-atexit.o)
                0x00083c24                atexit
 .text.__sflush_r
                0x00083c30      0x148 c:/users/emili/appdata/local/arduino15/packages/arduino/tools/arm-none-eabi-gcc/4.8.3-2014q1/bin/../lib/gcc/arm-none-eabi/4.8.3/../../../../arm-none-eabi/lib/armv7-m\libg.a(lib_a-fflush.o)
                0x00083c30                __sflush_r
 .text._fflush_r
                0x00083d78       0x2c c:/users/emili/appdata/local/arduino15/packages/arduino/tools/arm-none-eabi-gcc/4.8.3-2014q1/bin/../lib/gcc/arm-none-eabi/4.8.3/../../../../arm-none-eabi/lib/armv7-m\libg.a(lib_a-fflush.o)
                0x00083d78                _fflush_r
 .text._cleanup_r
                0x00083da4        0xc c:/users/emili/appdata/local/arduino15/packages/arduino/tools/arm-none-eabi-gcc/4.8.3-2014q1/bin/../lib/gcc/arm-none-eabi/4.8.3/../../../../arm-none-eabi/lib/armv7-m\libg.a(lib_a-findfp.o)
                0x00083da4                _cleanup_r
 .text.__sinit  0x00083db0       0xf4 c:/users/emili/appdata/local/arduino15/packages/arduino/tools/arm-none-eabi-gcc/4.8.3-2014q1/bin/../lib/gcc/arm-none-eabi/4.8.3/../../../../arm-none-eabi/lib/armv7-m\libg.a(lib_a-findfp.o)
                0x00083db0                __sinit
 .text.__sfp_lock_acquire
                0x00083ea4        0x4 c:/users/emili/appdata/local/arduino15/packages/arduino/tools/arm-none-eabi-gcc/4.8.3-2014q1/bin/../lib/gcc/arm-none-eabi/4.8.3/../../../../arm-none-eabi/lib/armv7-m\libg.a(lib_a-findfp.o)
                0x00083ea4                __sfp_lock_acquire
 .text.__sfp_lock_release
                0x00083ea8        0x4 c:/users/emili/appdata/local/arduino15/packages/arduino/tools/arm-none-eabi-gcc/4.8.3-2014q1/bin/../lib/gcc/arm-none-eabi/4.8.3/../../../../arm-none-eabi/lib/armv7-m\libg.a(lib_a-findfp.o)
                0x00083ea8                __sfp_lock_release
 .text.__libc_fini_array
                0x00083eac       0x30 c:/users/emili/appdata/local/arduino15/packages/arduino/tools/arm-none-eabi-gcc/4.8.3-2014q1/bin/../lib/gcc/arm-none-eabi/4.8.3/../../../../arm-none-eabi/lib/armv7-m\libg.a(lib_a-fini.o)
                0x00083eac                __libc_fini_array
 .text._fputwc_r
                0x00083edc       0xc0 c:/users/emili/appdata/local/arduino15/packages/arduino/tools/arm-none-eabi-gcc/4.8.3-2014q1/bin/../lib/gcc/arm-none-eabi/4.8.3/../../../../arm-none-eabi/lib/armv7-m\libg.a(lib_a-fputwc.o)
                0x00083edc                _fputwc_r
 .text._malloc_trim_r
                0x00083f9c       0x9c c:/users/emili/appdata/local/arduino15/packages/arduino/tools/arm-none-eabi-gcc/4.8.3-2014q1/bin/../lib/gcc/arm-none-eabi/4.8.3/../../../../arm-none-eabi/lib/armv7-m\libg.a(lib_a-freer.o)
                0x00083f9c                _malloc_trim_r
 .text._free_r  0x00084038      0x198 c:/users/emili/appdata/local/arduino15/packages/arduino/tools/arm-none-eabi-gcc/4.8.3-2014q1/bin/../lib/gcc/arm-none-eabi/4.8.3/../../../../arm-none-eabi/lib/armv7-m\libg.a(lib_a-freer.o)
                0x00084038                _free_r
 .text.__sfvwrite_r
                0x000841d0      0x314 c:/users/emili/appdata/local/arduino15/packages/arduino/tools/arm-none-eabi-gcc/4.8.3-2014q1/bin/../lib/gcc/arm-none-eabi/4.8.3/../../../../arm-none-eabi/lib/armv7-m\libg.a(lib_a-fvwrite.o)
                0x000841d0                __sfvwrite_r
 .text._fwalk   0x000844e4       0x48 c:/users/emili/appdata/local/arduino15/packages/arduino/tools/arm-none-eabi-gcc/4.8.3-2014q1/bin/../lib/gcc/arm-none-eabi/4.8.3/../../../../arm-none-eabi/lib/armv7-m\libg.a(lib_a-fwalk.o)
                0x000844e4                _fwalk
 .text.__locale_charset
                0x0008452c        0x8 c:/users/emili/appdata/local/arduino15/packages/arduino/tools/arm-none-eabi-gcc/4.8.3-2014q1/bin/../lib/gcc/arm-none-eabi/4.8.3/../../../../arm-none-eabi/lib/armv7-m\libg.a(lib_a-locale.o)
                0x0008452c                __locale_charset
 .text.__locale_mb_cur_max
                0x00084534        0xc c:/users/emili/appdata/local/arduino15/packages/arduino/tools/arm-none-eabi-gcc/4.8.3-2014q1/bin/../lib/gcc/arm-none-eabi/4.8.3/../../../../arm-none-eabi/lib/armv7-m\libg.a(lib_a-locale.o)
                0x00084534                __locale_mb_cur_max
 .text.__smakebuf_r
                0x00084540       0xe0 c:/users/emili/appdata/local/arduino15/packages/arduino/tools/arm-none-eabi-gcc/4.8.3-2014q1/bin/../lib/gcc/arm-none-eabi/4.8.3/../../../../arm-none-eabi/lib/armv7-m\libg.a(lib_a-makebuf.o)
                0x00084540                __smakebuf_r
 .text.memchr   0x00084620       0x94 c:/users/emili/appdata/local/arduino15/packages/arduino/tools/arm-none-eabi-gcc/4.8.3-2014q1/bin/../lib/gcc/arm-none-eabi/4.8.3/../../../../arm-none-eabi/lib/armv7-m\libg.a(lib_a-memchr-stub.o)
                0x00084620                memchr
 .text._kill_r  0x000846b4       0x28 c:/users/emili/appdata/local/arduino15/packages/arduino/tools/arm-none-eabi-gcc/4.8.3-2014q1/bin/../lib/gcc/arm-none-eabi/4.8.3/../../../../arm-none-eabi/lib/armv7-m\libg.a(lib_a-signalr.o)
                0x000846b4                _kill_r
 .text.__sread  0x000846dc       0x24 c:/users/emili/appdata/local/arduino15/packages/arduino/tools/arm-none-eabi-gcc/4.8.3-2014q1/bin/../lib/gcc/arm-none-eabi/4.8.3/../../../../arm-none-eabi/lib/armv7-m\libg.a(lib_a-stdio.o)
                0x000846dc                __sread
 .text.__swrite
                0x00084700       0x38 c:/users/emili/appdata/local/arduino15/packages/arduino/tools/arm-none-eabi-gcc/4.8.3-2014q1/bin/../lib/gcc/arm-none-eabi/4.8.3/../../../../arm-none-eabi/lib/armv7-m\libg.a(lib_a-stdio.o)
                0x00084700                __swrite
 .text.__sseek  0x00084738       0x20 c:/users/emili/appdata/local/arduino15/packages/arduino/tools/arm-none-eabi-gcc/4.8.3-2014q1/bin/../lib/gcc/arm-none-eabi/4.8.3/../../../../arm-none-eabi/lib/armv7-m\libg.a(lib_a-stdio.o)
                0x00084738                __sseek
 .text.__sclose
                0x00084758        0x8 c:/users/emili/appdata/local/arduino15/packages/arduino/tools/arm-none-eabi-gcc/4.8.3-2014q1/bin/../lib/gcc/arm-none-eabi/4.8.3/../../../../arm-none-eabi/lib/armv7-m\libg.a(lib_a-stdio.o)
                0x00084758                __sclose
 .text.__swbuf_r
                0x00084760       0xa8 c:/users/emili/appdata/local/arduino15/packages/arduino/tools/arm-none-eabi-gcc/4.8.3-2014q1/bin/../lib/gcc/arm-none-eabi/4.8.3/../../../../arm-none-eabi/lib/armv7-m\libg.a(lib_a-wbuf.o)
                0x00084760                __swbuf_r
 .text._wcrtomb_r
                0x00084808       0x50 c:/users/emili/appdata/local/arduino15/packages/arduino/tools/arm-none-eabi-gcc/4.8.3-2014q1/bin/../lib/gcc/arm-none-eabi/4.8.3/../../../../arm-none-eabi/lib/armv7-m\libg.a(lib_a-wcrtomb.o)
                0x00084808                _wcrtomb_r
 .text.__ascii_wctomb
                0x00084858       0x1c c:/users/emili/appdata/local/arduino15/packages/arduino/tools/arm-none-eabi-gcc/4.8.3-2014q1/bin/../lib/gcc/arm-none-eabi/4.8.3/../../../../arm-none-eabi/lib/armv7-m\libg.a(lib_a-wctomb_r.o)
                0x00084858                __ascii_wctomb
 .text._write_r
                0x00084874       0x28 c:/users/emili/appdata/local/arduino15/packages/arduino/tools/arm-none-eabi-gcc/4.8.3-2014q1/bin/../lib/gcc/arm-none-eabi/4.8.3/../../../../arm-none-eabi/lib/armv7-m\libg.a(lib_a-writer.o)
                0x00084874                _write_r
 .text.__register_exitproc
                0x0008489c       0xa8 c:/users/emili/appdata/local/arduino15/packages/arduino/tools/arm-none-eabi-gcc/4.8.3-2014q1/bin/../lib/gcc/arm-none-eabi/4.8.3/../../../../arm-none-eabi/lib/armv7-m\libg.a(lib_a-__atexit.o)
                0x0008489c                __register_exitproc
 .text._close_r
                0x00084944       0x24 c:/users/emili/appdata/local/arduino15/packages/arduino/tools/arm-none-eabi-gcc/4.8.3-2014q1/bin/../lib/gcc/arm-none-eabi/4.8.3/../../../../arm-none-eabi/lib/armv7-m\libg.a(lib_a-closer.o)
                0x00084944                _close_r
 .text._fclose_r
                0x00084968       0x80 c:/users/emili/appdata/local/arduino15/packages/arduino/tools/arm-none-eabi-gcc/4.8.3-2014q1/bin/../lib/gcc/arm-none-eabi/4.8.3/../../../../arm-none-eabi/lib/armv7-m\libg.a(lib_a-fclose.o)
                0x00084968                _fclose_r
 .text.fclose   0x000849e8       0x10 c:/users/emili/appdata/local/arduino15/packages/arduino/tools/arm-none-eabi-gcc/4.8.3-2014q1/bin/../lib/gcc/arm-none-eabi/4.8.3/../../../../arm-none-eabi/lib/armv7-m\libg.a(lib_a-fclose.o)
                0x000849e8                fclose
 .text._fstat_r
                0x000849f8       0x28 c:/users/emili/appdata/local/arduino15/packages/arduino/tools/arm-none-eabi-gcc/4.8.3-2014q1/bin/../lib/gcc/arm-none-eabi/4.8.3/../../../../arm-none-eabi/lib/armv7-m\libg.a(lib_a-fstatr.o)
                0x000849f8                _fstat_r
 .text._isatty_r
                0x00084a20       0x24 c:/users/emili/appdata/local/arduino15/packages/arduino/tools/arm-none-eabi-gcc/4.8.3-2014q1/bin/../lib/gcc/arm-none-eabi/4.8.3/../../../../arm-none-eabi/lib/armv7-m\libg.a(lib_a-isattyr.o)
                0x00084a20                _isatty_r
 .text._lseek_r
                0x00084a44       0x28 c:/users/emili/appdata/local/arduino15/packages/arduino/tools/arm-none-eabi-gcc/4.8.3-2014q1/bin/../lib/gcc/arm-none-eabi/4.8.3/../../../../arm-none-eabi/lib/armv7-m\libg.a(lib_a-lseekr.o)
                0x00084a44                _lseek_r
 .text._read_r  0x00084a6c       0x28 c:/users/emili/appdata/local/arduino15/packages/arduino/tools/arm-none-eabi-gcc/4.8.3-2014q1/bin/../lib/gcc/arm-none-eabi/4.8.3/../../../../arm-none-eabi/lib/armv7-m\libg.a(lib_a-readr.o)
                0x00084a6c                _read_r
 .text          0x00084a94       0x2c c:/users/emili/appdata/local/arduino15/packages/arduino/tools/arm-none-eabi-gcc/4.8.3-2014q1/bin/../lib/gcc/arm-none-eabi/4.8.3/armv7-m\libgcc.a(_aeabi_uldivmod.o)
                0x00084a94                __aeabi_uldivmod
 .text          0x00084ac0       0x60 c:/users/emili/appdata/local/arduino15/packages/arduino/tools/arm-none-eabi-gcc/4.8.3-2014q1/bin/../lib/gcc/arm-none-eabi/4.8.3/armv7-m\libgcc.a(bpabi.o)
                0x00084ac0                __gnu_ldivmod_helper
                0x00084af0                __gnu_uldivmod_helper
 .text          0x00084b20        0x4 c:/users/emili/appdata/local/arduino15/packages/arduino/tools/arm-none-eabi-gcc/4.8.3-2014q1/bin/../lib/gcc/arm-none-eabi/4.8.3/armv7-m\libgcc.a(_dvmd_tls.o)
                0x00084b20                __aeabi_idiv0
                0x00084b20                __aeabi_ldiv0
 .text          0x00084b24      0x2a0 c:/users/emili/appdata/local/arduino15/packages/arduino/tools/arm-none-eabi-gcc/4.8.3-2014q1/bin/../lib/gcc/arm-none-eabi/4.8.3/armv7-m\libgcc.a(_divdi3.o)
                0x00084b24                __divdi3
 .text          0x00084dc4      0x290 c:/users/emili/appdata/local/arduino15/packages/arduino/tools/arm-none-eabi-gcc/4.8.3-2014q1/bin/../lib/gcc/arm-none-eabi/4.8.3/armv7-m\libgcc.a(_udivdi3.o)
                0x00084dc4                __udivdi3
 *(.glue_7t)
 .glue_7t       0x00000000        0x0 linker stubs
 *(.glue_7)
 .glue_7        0x00000000        0x0 linker stubs
 *(.rodata .rodata* .gnu.linkonce.r.*)
 .rodata.str1.1
                0x00085054       0x14 C:\Users\emili\AppData\Local\Temp\VMBuilds\CalculatorKeypad\arduino_due_x_dbg\Debug\CalculatorKeypad.cpp.o
 .rodata.str1.1
                0x00085068       0x6a C:\Users\emili\AppData\Local\Temp\VMBuilds\CalculatorKeypad\arduino_due_x_dbg\Debug\VM_DBG\VM_DBG.cpp.o
                                 0x6c (size before relaxing)
 .rodata._ZL4rows
                0x000850d2        0xa C:\Users\emili\AppData\Local\Temp\VMBuilds\CalculatorKeypad\arduino_due_x_dbg\Debug\MyKeypad.cpp.o
 .rodata._ZL7columns
                0x000850dc        0x6 C:\Users\emili\AppData\Local\Temp\VMBuilds\CalculatorKeypad\arduino_due_x_dbg\Debug\MyKeypad.cpp.o
 *fill*         0x000850e2        0x2 
 .rodata.g_APinDescription
                0x000850e4      0xa2c C:\Users\emili\AppData\Local\Temp\VMBuilds\CalculatorKeypad\arduino_due_x_dbg\Debug\variant\variant.cpp.o
                0x000850e4                g_APinDescription
 .rodata        0x00085b10       0x40 C:\Users\emili\AppData\Local\arduino15\packages\arduino\hardware\sam\1.6.11\variants\arduino_due_x/libsam_sam3x8e_gcc_rel.a(adc.o)
 .rodata.str1.1
                0x00085b50       0x19 C:\Users\emili\AppData\Local\Temp\VMBuilds\CalculatorKeypad\arduino_due_x_dbg\Debug/core.a(syscalls_sam3.c.o)
 .rodata.str1.1
                0x00085b69        0xc C:\Users\emili\AppData\Local\Temp\VMBuilds\CalculatorKeypad\arduino_due_x_dbg\Debug/core.a(Print.cpp.o)
                                  0xf (size before relaxing)
 *fill*         0x00085b75        0x3 
 .rodata._ZTV9UARTClass
                0x00085b78       0x30 C:\Users\emili\AppData\Local\Temp\VMBuilds\CalculatorKeypad\arduino_due_x_dbg\Debug/core.a(UARTClass.cpp.o)
                0x00085b78                vtable for UARTClass
 .rodata._ZTV10USARTClass
                0x00085ba8       0x30 C:\Users\emili\AppData\Local\Temp\VMBuilds\CalculatorKeypad\arduino_due_x_dbg\Debug/core.a(USARTClass.cpp.o)
                0x00085ba8                vtable for USARTClass
 .rodata.STRING_PRODUCT
                0x00085bd8        0xc C:\Users\emili\AppData\Local\Temp\VMBuilds\CalculatorKeypad\arduino_due_x_dbg\Debug/core.a(USBCore.cpp.o)
                0x00085bd8                STRING_PRODUCT
 .rodata.USB_DeviceDescriptor
                0x00085be4       0x12 C:\Users\emili\AppData\Local\Temp\VMBuilds\CalculatorKeypad\arduino_due_x_dbg\Debug/core.a(USBCore.cpp.o)
                0x00085be4                USB_DeviceDescriptor
 .rodata.STRING_LANGUAGE
                0x00085bf6        0x4 C:\Users\emili\AppData\Local\Temp\VMBuilds\CalculatorKeypad\arduino_due_x_dbg\Debug/core.a(USBCore.cpp.o)
                0x00085bf6                STRING_LANGUAGE
 .rodata._ZL18test_packet_buffer
                0x00085bfa       0x35 C:\Users\emili\AppData\Local\Temp\VMBuilds\CalculatorKeypad\arduino_due_x_dbg\Debug/core.a(USBCore.cpp.o)
 .rodata.STRING_MANUFACTURER
                0x00085c2f        0xc C:\Users\emili\AppData\Local\Temp\VMBuilds\CalculatorKeypad\arduino_due_x_dbg\Debug/core.a(USBCore.cpp.o)
                0x00085c2f                STRING_MANUFACTURER
 .rodata.USB_DeviceDescriptorA
                0x00085c3b       0x12 C:\Users\emili\AppData\Local\Temp\VMBuilds\CalculatorKeypad\arduino_due_x_dbg\Debug/core.a(USBCore.cpp.o)
                0x00085c3b                USB_DeviceDescriptorA
 .rodata._ZL19USB_DeviceQualifier
                0x00085c4d        0x9 C:\Users\emili\AppData\Local\Temp\VMBuilds\CalculatorKeypad\arduino_due_x_dbg\Debug/core.a(USBCore.cpp.o)
 *fill*         0x00085c56        0x2 
 .rodata._ZTV7Serial_
                0x00085c58       0x28 C:\Users\emili\AppData\Local\Temp\VMBuilds\CalculatorKeypad\arduino_due_x_dbg\Debug/core.a(CDC.cpp.o)
                0x00085c58                vtable for Serial_
 .rodata._ZL18_cdcOtherInterface
                0x00085c80       0x42 C:\Users\emili\AppData\Local\Temp\VMBuilds\CalculatorKeypad\arduino_due_x_dbg\Debug/core.a(CDC.cpp.o)
 .rodata._ZL13_cdcInterface
                0x00085cc2       0x42 C:\Users\emili\AppData\Local\Temp\VMBuilds\CalculatorKeypad\arduino_due_x_dbg\Debug/core.a(CDC.cpp.o)
 .rodata.str1.4
                0x00085d04        0x2 c:/users/emili/appdata/local/arduino15/packages/arduino/tools/arm-none-eabi-gcc/4.8.3-2014q1/bin/../lib/gcc/arm-none-eabi/4.8.3/../../../../arm-none-eabi/lib/armv7-m\libg.a(lib_a-impure.o)
                                  0x4 (size before relaxing)
 *fill*         0x00085d06        0x2 
 .rodata._global_impure_ptr
                0x00085d08        0x4 c:/users/emili/appdata/local/arduino15/packages/arduino/tools/arm-none-eabi-gcc/4.8.3-2014q1/bin/../lib/gcc/arm-none-eabi/4.8.3/../../../../arm-none-eabi/lib/armv7-m\libg.a(lib_a-impure.o)
                0x00085d08                _global_impure_ptr
 .rodata.blanks.6717
                0x00085d0c       0x10 c:/users/emili/appdata/local/arduino15/packages/arduino/tools/arm-none-eabi-gcc/4.8.3-2014q1/bin/../lib/gcc/arm-none-eabi/4.8.3/../../../../arm-none-eabi/lib/armv7-m\libg.a(lib_a-vfiprintf.o)
 .rodata.str1.4
                0x00085d1c       0x30 c:/users/emili/appdata/local/arduino15/packages/arduino/tools/arm-none-eabi-gcc/4.8.3-2014q1/bin/../lib/gcc/arm-none-eabi/4.8.3/../../../../arm-none-eabi/lib/armv7-m\libg.a(lib_a-vfiprintf.o)
 .rodata.zeroes.6718
                0x00085d4c       0x10 c:/users/emili/appdata/local/arduino15/packages/arduino/tools/arm-none-eabi-gcc/4.8.3-2014q1/bin/../lib/gcc/arm-none-eabi/4.8.3/../../../../arm-none-eabi/lib/armv7-m\libg.a(lib_a-vfiprintf.o)
 *(.ARM.extab* .gnu.linkonce.armextab.*)
                0x00085d5c                . = ALIGN (0x4)
 *(.init)
 .init          0x00085d5c        0x4 c:/users/emili/appdata/local/arduino15/packages/arduino/tools/arm-none-eabi-gcc/4.8.3-2014q1/bin/../lib/gcc/arm-none-eabi/4.8.3/armv7-m/crti.o
                0x00085d5c                _init
 .init          0x00085d60        0x8 c:/users/emili/appdata/local/arduino15/packages/arduino/tools/arm-none-eabi-gcc/4.8.3-2014q1/bin/../lib/gcc/arm-none-eabi/4.8.3/armv7-m/crtn.o
                0x00085d68                . = ALIGN (0x4)
                0x00085d68                __preinit_array_start = .
 *(.preinit_array)
                0x00085d68                __preinit_array_end = .
                0x00085d68                . = ALIGN (0x4)
                0x00085d68                __init_array_start = .
 *(SORT(.init_array.*))
 .init_array.00000
                0x00085d68        0x4 c:/users/emili/appdata/local/arduino15/packages/arduino/tools/arm-none-eabi-gcc/4.8.3-2014q1/bin/../lib/gcc/arm-none-eabi/4.8.3/../../../../arm-none-eabi/lib/armv7-m\libg.a(lib_a-__call_atexit.o)
 *(.init_array)
 .init_array    0x00085d6c        0x4 c:/users/emili/appdata/local/arduino15/packages/arduino/tools/arm-none-eabi-gcc/4.8.3-2014q1/bin/../lib/gcc/arm-none-eabi/4.8.3/armv7-m/crtbegin.o
 .init_array    0x00085d70        0x4 C:\Users\emili\AppData\Local\Temp\VMBuilds\CalculatorKeypad\arduino_due_x_dbg\Debug\VM_DBG\VM_DBG.cpp.o
 .init_array    0x00085d74        0x4 C:\Users\emili\AppData\Local\Temp\VMBuilds\CalculatorKeypad\arduino_due_x_dbg\Debug\variant\variant.cpp.o
 .init_array    0x00085d78        0x4 C:\Users\emili\AppData\Local\Temp\VMBuilds\CalculatorKeypad\arduino_due_x_dbg\Debug/core.a(USBCore.cpp.o)
 .init_array    0x00085d7c        0x4 C:\Users\emili\AppData\Local\Temp\VMBuilds\CalculatorKeypad\arduino_due_x_dbg\Debug/core.a(CDC.cpp.o)
                0x00085d80                __init_array_end = .
                0x00085d80                . = ALIGN (0x4)
 *crtbegin.o(.ctors)
 *(EXCLUDE_FILE(*crtend.o) .ctors)
 *(SORT(.ctors.*))
 *crtend.o(.ctors)
                0x00085d80                . = ALIGN (0x4)
 *(.fini)
 .fini          0x00085d80        0x4 c:/users/emili/appdata/local/arduino15/packages/arduino/tools/arm-none-eabi-gcc/4.8.3-2014q1/bin/../lib/gcc/arm-none-eabi/4.8.3/armv7-m/crti.o
                0x00085d80                _fini
 .fini          0x00085d84        0x8 c:/users/emili/appdata/local/arduino15/packages/arduino/tools/arm-none-eabi-gcc/4.8.3-2014q1/bin/../lib/gcc/arm-none-eabi/4.8.3/armv7-m/crtn.o
                0x00085d8c                . = ALIGN (0x4)
                0x00085d8c                __fini_array_start = .
 *(.fini_array)
 .fini_array    0x00085d8c        0x4 c:/users/emili/appdata/local/arduino15/packages/arduino/tools/arm-none-eabi-gcc/4.8.3-2014q1/bin/../lib/gcc/arm-none-eabi/4.8.3/armv7-m/crtbegin.o
 *(SORT(.fini_array.*))
                0x00085d90                __fini_array_end = .
 *crtbegin.o(.dtors)
 *(EXCLUDE_FILE(*crtend.o) .dtors)
 *(SORT(.dtors.*))
 *crtend.o(.dtors)
                0x00085d90                . = ALIGN (0x4)
                0x00085d90                _efixed = .
                0x00085d90                PROVIDE (__exidx_start, .)

.vfp11_veneer   0x00085d90        0x0
 .vfp11_veneer  0x00000000        0x0 linker stubs

.v4_bx          0x00085d90        0x0
 .v4_bx         0x00000000        0x0 linker stubs

.iplt           0x00085d90        0x0
 .iplt          0x00000000        0x0 c:/users/emili/appdata/local/arduino15/packages/arduino/tools/arm-none-eabi-gcc/4.8.3-2014q1/bin/../lib/gcc/arm-none-eabi/4.8.3/armv7-m/crtbegin.o

.ARM.exidx      0x00085d90        0x8
 *(.ARM.exidx* .gnu.linkonce.armexidx.*)
 .ARM.exidx     0x00085d90        0x8 c:/users/emili/appdata/local/arduino15/packages/arduino/tools/arm-none-eabi-gcc/4.8.3-2014q1/bin/../lib/gcc/arm-none-eabi/4.8.3/armv7-m\libgcc.a(_divdi3.o)
 .ARM.exidx     0x00085d98        0x0 c:/users/emili/appdata/local/arduino15/packages/arduino/tools/arm-none-eabi-gcc/4.8.3-2014q1/bin/../lib/gcc/arm-none-eabi/4.8.3/armv7-m\libgcc.a(_udivdi3.o)
                                  0x8 (size before relaxing)
                0x00085d98                PROVIDE (__exidx_end, .)

.eh_frame       0x00085d98        0x0
 .eh_frame      0x00085d98        0x0 c:/users/emili/appdata/local/arduino15/packages/arduino/tools/arm-none-eabi-gcc/4.8.3-2014q1/bin/../lib/gcc/arm-none-eabi/4.8.3/armv7-m/crtbegin.o

.rel.dyn        0x00085d98        0x0
 .rel.iplt      0x00000000        0x0 c:/users/emili/appdata/local/arduino15/packages/arduino/tools/arm-none-eabi-gcc/4.8.3-2014q1/bin/../lib/gcc/arm-none-eabi/4.8.3/armv7-m/crtbegin.o

.jcr            0x00085d98        0x0
 .jcr           0x00085d98        0x0 c:/users/emili/appdata/local/arduino15/packages/arduino/tools/arm-none-eabi-gcc/4.8.3-2014q1/bin/../lib/gcc/arm-none-eabi/4.8.3/armv7-m/crtbegin.o

.igot.plt       0x00085d98        0x0
 .igot.plt      0x00000000        0x0 c:/users/emili/appdata/local/arduino15/packages/arduino/tools/arm-none-eabi-gcc/4.8.3-2014q1/bin/../lib/gcc/arm-none-eabi/4.8.3/armv7-m/crtbegin.o
                0x00085d98                . = ALIGN (0x4)
                0x00085d98                _etext = .

.relocate       0x20070000      0x8dc load address 0x00085d98
                0x20070000                . = ALIGN (0x4)
                0x20070000                _srelocate = .
 *(.ramfunc .ramfunc.*)
 .ramfunc       0x20070000       0x2c C:\Users\emili\AppData\Local\Temp\VMBuilds\CalculatorKeypad\arduino_due_x_dbg\Debug/core.a(Reset.cpp.o)
                0x20070000                banzai
 *(.data .data.*)
 .data.SystemCoreClock
                0x2007002c        0x4 C:\Users\emili\AppData\Local\arduino15\packages\arduino\hardware\sam\1.6.11\variants\arduino_due_x/libsam_sam3x8e_gcc_rel.a(system_sam3xa.o)
                0x2007002c                SystemCoreClock
 .data.latestSelectedChannel.9384
                0x20070030        0x4 C:\Users\emili\AppData\Local\Temp\VMBuilds\CalculatorKeypad\arduino_due_x_dbg\Debug/core.a(wiring_analog.c.o)
 .data._readResolution
                0x20070034        0x4 C:\Users\emili\AppData\Local\Temp\VMBuilds\CalculatorKeypad\arduino_due_x_dbg\Debug/core.a(wiring_analog.c.o)
 .data._ZL5ticks
                0x20070038        0x4 C:\Users\emili\AppData\Local\Temp\VMBuilds\CalculatorKeypad\arduino_due_x_dbg\Debug/core.a(Reset.cpp.o)
 .data.EndPoints
                0x2007003c       0x28 C:\Users\emili\AppData\Local\Temp\VMBuilds\CalculatorKeypad\arduino_due_x_dbg\Debug/core.a(USBCore.cpp.o)
                0x2007003c                EndPoints
 .data._ZL10breakValue
                0x20070064        0x4 C:\Users\emili\AppData\Local\Temp\VMBuilds\CalculatorKeypad\arduino_due_x_dbg\Debug/core.a(CDC.cpp.o)
 .data._ZL12_usbLineInfo
                0x20070068        0x8 C:\Users\emili\AppData\Local\Temp\VMBuilds\CalculatorKeypad\arduino_due_x_dbg\Debug/core.a(CDC.cpp.o)
 .data.g_interrupt_enabled
                0x20070070        0x4 C:\Users\emili\AppData\Local\arduino15\packages\arduino\hardware\sam\1.6.11\variants\arduino_due_x/libsam_sam3x8e_gcc_rel.a(interrupt_sam_nvic.o)
                0x20070070                g_interrupt_enabled
 *fill*         0x20070074        0x4 
 .data.impure_data
                0x20070078      0x428 c:/users/emili/appdata/local/arduino15/packages/arduino/tools/arm-none-eabi-gcc/4.8.3-2014q1/bin/../lib/gcc/arm-none-eabi/4.8.3/../../../../arm-none-eabi/lib/armv7-m\libg.a(lib_a-impure.o)
 .data._impure_ptr
                0x200704a0        0x4 c:/users/emili/appdata/local/arduino15/packages/arduino/tools/arm-none-eabi-gcc/4.8.3-2014q1/bin/../lib/gcc/arm-none-eabi/4.8.3/../../../../arm-none-eabi/lib/armv7-m\libg.a(lib_a-impure.o)
                0x200704a0                _impure_ptr
 .data.__malloc_av_
                0x200704a4      0x408 c:/users/emili/appdata/local/arduino15/packages/arduino/tools/arm-none-eabi-gcc/4.8.3-2014q1/bin/../lib/gcc/arm-none-eabi/4.8.3/../../../../arm-none-eabi/lib/armv7-m\libg.a(lib_a-mallocr.o)
                0x200704a4                __malloc_av_
 .data.__malloc_trim_threshold
                0x200708ac        0x4 c:/users/emili/appdata/local/arduino15/packages/arduino/tools/arm-none-eabi-gcc/4.8.3-2014q1/bin/../lib/gcc/arm-none-eabi/4.8.3/../../../../arm-none-eabi/lib/armv7-m\libg.a(lib_a-mallocr.o)
                0x200708ac                __malloc_trim_threshold
 .data.__malloc_sbrk_base
                0x200708b0        0x4 c:/users/emili/appdata/local/arduino15/packages/arduino/tools/arm-none-eabi-gcc/4.8.3-2014q1/bin/../lib/gcc/arm-none-eabi/4.8.3/../../../../arm-none-eabi/lib/armv7-m\libg.a(lib_a-mallocr.o)
                0x200708b0                __malloc_sbrk_base
 .data.lc_ctype_charset
                0x200708b4       0x20 c:/users/emili/appdata/local/arduino15/packages/arduino/tools/arm-none-eabi-gcc/4.8.3-2014q1/bin/../lib/gcc/arm-none-eabi/4.8.3/../../../../arm-none-eabi/lib/armv7-m\libg.a(lib_a-locale.o)
 .data.__mb_cur_max
                0x200708d4        0x4 c:/users/emili/appdata/local/arduino15/packages/arduino/tools/arm-none-eabi-gcc/4.8.3-2014q1/bin/../lib/gcc/arm-none-eabi/4.8.3/../../../../arm-none-eabi/lib/armv7-m\libg.a(lib_a-locale.o)
                0x200708d4                __mb_cur_max
 .data.__wctomb
                0x200708d8        0x4 c:/users/emili/appdata/local/arduino15/packages/arduino/tools/arm-none-eabi-gcc/4.8.3-2014q1/bin/../lib/gcc/arm-none-eabi/4.8.3/../../../../arm-none-eabi/lib/armv7-m\libg.a(lib_a-wctomb_r.o)
                0x200708d8                __wctomb
                0x200708dc                . = ALIGN (0x4)
                0x200708dc                _erelocate = .

.bss            0x200708dc      0x8b4 load address 0x00086674
                0x200708dc                . = ALIGN (0x4)
                0x200708dc                _sbss = .
                0x200708dc                _szero = .
 *(.bss .bss.*)
 .bss           0x200708dc       0x1c c:/users/emili/appdata/local/arduino15/packages/arduino/tools/arm-none-eabi-gcc/4.8.3-2014q1/bin/../lib/gcc/arm-none-eabi/4.8.3/armv7-m/crtbegin.o
 .bss.__VisualMicro_DEBUG_1_HITCOUNTER__
                0x200708f8        0x4 C:\Users\emili\AppData\Local\Temp\VMBuilds\CalculatorKeypad\arduino_due_x_dbg\Debug\CalculatorKeypad.cpp.o
                0x200708f8                __VisualMicro_DEBUG_1_HITCOUNTER__
 .bss.__VisualMicro_DEBUG_1_GLastMillis__
                0x200708fc        0x4 C:\Users\emili\AppData\Local\Temp\VMBuilds\CalculatorKeypad\arduino_due_x_dbg\Debug\CalculatorKeypad.cpp.o
                0x200708fc                __VisualMicro_DEBUG_1_GLastMillis__
 .bss.MicroDebug
                0x20070900       0x4c C:\Users\emili\AppData\Local\Temp\VMBuilds\CalculatorKeypad\arduino_due_x_dbg\Debug\VM_DBG\VM_DBG.cpp.o
                0x20070900                MicroDebug
 .bss.pressedKeys
                0x2007094c       0x36 C:\Users\emili\AppData\Local\Temp\VMBuilds\CalculatorKeypad\arduino_due_x_dbg\Debug\MyKeypad.cpp.o
                0x2007094c                pressedKeys
 *fill*         0x20070982        0x2 
 .bss.tx_buffer2
                0x20070984       0x88 C:\Users\emili\AppData\Local\Temp\VMBuilds\CalculatorKeypad\arduino_due_x_dbg\Debug\variant\variant.cpp.o
                0x20070984                tx_buffer2
 .bss.tx_buffer1
                0x20070a0c       0x88 C:\Users\emili\AppData\Local\Temp\VMBuilds\CalculatorKeypad\arduino_due_x_dbg\Debug\variant\variant.cpp.o
                0x20070a0c                tx_buffer1
 .bss.Serial    0x20070a94       0x24 C:\Users\emili\AppData\Local\Temp\VMBuilds\CalculatorKeypad\arduino_due_x_dbg\Debug\variant\variant.cpp.o
                0x20070a94                Serial
 .bss.rx_buffer1
                0x20070ab8       0x88 C:\Users\emili\AppData\Local\Temp\VMBuilds\CalculatorKeypad\arduino_due_x_dbg\Debug\variant\variant.cpp.o
                0x20070ab8                rx_buffer1
 .bss.Serial1   0x20070b40       0x28 C:\Users\emili\AppData\Local\Temp\VMBuilds\CalculatorKeypad\arduino_due_x_dbg\Debug\variant\variant.cpp.o
                0x20070b40                Serial1
 .bss.Serial2   0x20070b68       0x28 C:\Users\emili\AppData\Local\Temp\VMBuilds\CalculatorKeypad\arduino_due_x_dbg\Debug\variant\variant.cpp.o
                0x20070b68                Serial2
 .bss.Serial3   0x20070b90       0x28 C:\Users\emili\AppData\Local\Temp\VMBuilds\CalculatorKeypad\arduino_due_x_dbg\Debug\variant\variant.cpp.o
                0x20070b90                Serial3
 .bss.tx_buffer3
                0x20070bb8       0x88 C:\Users\emili\AppData\Local\Temp\VMBuilds\CalculatorKeypad\arduino_due_x_dbg\Debug\variant\variant.cpp.o
                0x20070bb8                tx_buffer3
 .bss.tx_buffer4
                0x20070c40       0x88 C:\Users\emili\AppData\Local\Temp\VMBuilds\CalculatorKeypad\arduino_due_x_dbg\Debug\variant\variant.cpp.o
                0x20070c40                tx_buffer4
 .bss.g_pinStatus
                0x20070cc8       0x4f C:\Users\emili\AppData\Local\Temp\VMBuilds\CalculatorKeypad\arduino_due_x_dbg\Debug\variant\variant.cpp.o
                0x20070cc8                g_pinStatus
 *fill*         0x20070d17        0x1 
 .bss.rx_buffer2
                0x20070d18       0x88 C:\Users\emili\AppData\Local\Temp\VMBuilds\CalculatorKeypad\arduino_due_x_dbg\Debug\variant\variant.cpp.o
                0x20070d18                rx_buffer2
 .bss.rx_buffer3
                0x20070da0       0x88 C:\Users\emili\AppData\Local\Temp\VMBuilds\CalculatorKeypad\arduino_due_x_dbg\Debug\variant\variant.cpp.o
                0x20070da0                rx_buffer3
 .bss.rx_buffer4
                0x20070e28       0x88 C:\Users\emili\AppData\Local\Temp\VMBuilds\CalculatorKeypad\arduino_due_x_dbg\Debug\variant\variant.cpp.o
                0x20070e28                rx_buffer4
 .bss.gpf_isr   0x20070eb0        0x4 C:\Users\emili\AppData\Local\arduino15\packages\arduino\hardware\sam\1.6.11\variants\arduino_due_x/libsam_sam3x8e_gcc_rel.a(uotghs.o)
                0x20070eb0                gpf_isr
 .bss.heap.6420
                0x20070eb4        0x4 C:\Users\emili\AppData\Local\Temp\VMBuilds\CalculatorKeypad\arduino_due_x_dbg\Debug/core.a(syscalls_sam3.c.o)
 .bss._cmark    0x20070eb8        0x2 C:\Users\emili\AppData\Local\Temp\VMBuilds\CalculatorKeypad\arduino_due_x_dbg\Debug/core.a(USBCore.cpp.o)
                0x20070eb8                _cmark
 .bss._ZL14isEndpointHalt
                0x20070eba        0x1 C:\Users\emili\AppData\Local\Temp\VMBuilds\CalculatorKeypad\arduino_due_x_dbg\Debug/core.a(USBCore.cpp.o)
 *fill*         0x20070ebb        0x1 
 .bss._cdcComposite
                0x20070ebc        0x4 C:\Users\emili\AppData\Local\Temp\VMBuilds\CalculatorKeypad\arduino_due_x_dbg\Debug/core.a(USBCore.cpp.o)
                0x20070ebc                _cdcComposite
 .bss._ZL21isRemoteWakeUpEnabled
                0x20070ec0        0x1 C:\Users\emili\AppData\Local\Temp\VMBuilds\CalculatorKeypad\arduino_due_x_dbg\Debug/core.a(USBCore.cpp.o)
 *fill*         0x20070ec1        0x3 
 .bss._usbInitialized
                0x20070ec4        0x4 C:\Users\emili\AppData\Local\Temp\VMBuilds\CalculatorKeypad\arduino_due_x_dbg\Debug/core.a(USBCore.cpp.o)
                0x20070ec4                _usbInitialized
 .bss.USBDevice
                0x20070ec8        0x1 C:\Users\emili\AppData\Local\Temp\VMBuilds\CalculatorKeypad\arduino_due_x_dbg\Debug/core.a(USBCore.cpp.o)
                0x20070ec8                USBDevice
 *fill*         0x20070ec9        0x3 
 .bss._usbSetInterface
                0x20070ecc        0x4 C:\Users\emili\AppData\Local\Temp\VMBuilds\CalculatorKeypad\arduino_due_x_dbg\Debug/core.a(USBCore.cpp.o)
                0x20070ecc                _usbSetInterface
 .bss._cend     0x20070ed0        0x2 C:\Users\emili\AppData\Local\Temp\VMBuilds\CalculatorKeypad\arduino_due_x_dbg\Debug/core.a(USBCore.cpp.o)
                0x20070ed0                _cend
 *fill*         0x20070ed2        0x2 
 .bss._usbConfiguration
                0x20070ed4        0x4 C:\Users\emili\AppData\Local\Temp\VMBuilds\CalculatorKeypad\arduino_due_x_dbg\Debug/core.a(USBCore.cpp.o)
                0x20070ed4                _usbConfiguration
 .bss.cdc_rx_buffer
                0x20070ed8      0x208 C:\Users\emili\AppData\Local\Temp\VMBuilds\CalculatorKeypad\arduino_due_x_dbg\Debug/core.a(CDC.cpp.o)
                0x20070ed8                cdc_rx_buffer
 .bss._ZZN7Serial_6acceptEvE5guard
                0x200710e0        0x4 C:\Users\emili\AppData\Local\Temp\VMBuilds\CalculatorKeypad\arduino_due_x_dbg\Debug/core.a(CDC.cpp.o)
 .bss.SerialUSB
                0x200710e4       0x14 C:\Users\emili\AppData\Local\Temp\VMBuilds\CalculatorKeypad\arduino_due_x_dbg\Debug/core.a(CDC.cpp.o)
                0x200710e4                SerialUSB
 .bss._ZZ12PluggableUSBvE3obj
                0x200710f8        0x8 C:\Users\emili\AppData\Local\Temp\VMBuilds\CalculatorKeypad\arduino_due_x_dbg\Debug/core.a(PluggableUSB.cpp.o)
 .bss._ZGVZ12PluggableUSBvE3obj
                0x20071100        0x4 C:\Users\emili\AppData\Local\Temp\VMBuilds\CalculatorKeypad\arduino_due_x_dbg\Debug/core.a(PluggableUSB.cpp.o)
 .bss._dwTickCount
                0x20071104        0x4 C:\Users\emili\AppData\Local\arduino15\packages\arduino\hardware\sam\1.6.11\variants\arduino_due_x/libsam_sam3x8e_gcc_rel.a(timetick.o)
 .bss.ul_recv_fifo_ptr
                0x20071108       0x28 C:\Users\emili\AppData\Local\arduino15\packages\arduino\hardware\sam\1.6.11\variants\arduino_due_x/libsam_sam3x8e_gcc_rel.a(uotghs_device.o)
 .bss.ul_send_fifo_ptr
                0x20071130       0x28 C:\Users\emili\AppData\Local\arduino15\packages\arduino\hardware\sam\1.6.11\variants\arduino_due_x/libsam_sam3x8e_gcc_rel.a(uotghs_device.o)
 .bss.__malloc_max_total_mem
                0x20071158        0x4 c:/users/emili/appdata/local/arduino15/packages/arduino/tools/arm-none-eabi-gcc/4.8.3-2014q1/bin/../lib/gcc/arm-none-eabi/4.8.3/../../../../arm-none-eabi/lib/armv7-m\libg.a(lib_a-mallocr.o)
                0x20071158                __malloc_max_total_mem
 .bss.__malloc_max_sbrked_mem
                0x2007115c        0x4 c:/users/emili/appdata/local/arduino15/packages/arduino/tools/arm-none-eabi-gcc/4.8.3-2014q1/bin/../lib/gcc/arm-none-eabi/4.8.3/../../../../arm-none-eabi/lib/armv7-m\libg.a(lib_a-mallocr.o)
                0x2007115c                __malloc_max_sbrked_mem
 .bss.__malloc_top_pad
                0x20071160        0x4 c:/users/emili/appdata/local/arduino15/packages/arduino/tools/arm-none-eabi-gcc/4.8.3-2014q1/bin/../lib/gcc/arm-none-eabi/4.8.3/../../../../arm-none-eabi/lib/armv7-m\libg.a(lib_a-mallocr.o)
                0x20071160                __malloc_top_pad
 .bss.__malloc_current_mallinfo
                0x20071164       0x28 c:/users/emili/appdata/local/arduino15/packages/arduino/tools/arm-none-eabi-gcc/4.8.3-2014q1/bin/../lib/gcc/arm-none-eabi/4.8.3/../../../../arm-none-eabi/lib/armv7-m\libg.a(lib_a-mallocr.o)
                0x20071164                __malloc_current_mallinfo
 *(COMMON)
 COMMON         0x2007118c        0x4 c:/users/emili/appdata/local/arduino15/packages/arduino/tools/arm-none-eabi-gcc/4.8.3-2014q1/bin/../lib/gcc/arm-none-eabi/4.8.3/../../../../arm-none-eabi/lib/armv7-m\libg.a(lib_a-reent.o)
                0x2007118c                errno
                0x20071190                . = ALIGN (0x4)
                0x20071190                _ebss = .
                0x20071190                _ezero = .
                0x20071190                . = ALIGN (0x4)
                0x20071190                _end = .

.stack_dummy    0x20071190        0x0
 *(.stack*)
                0x20088000                __StackTop = (ORIGIN (ram) + 0x18000)
                0x20088000                __StackLimit = (__StackTop - SIZEOF (.stack_dummy))
                0x20088000                PROVIDE (_sstack, __StackLimit)
                0x20088000                PROVIDE (_estack, __StackTop)
OUTPUT(C:\Users\emili\AppData\Local\Temp\VMBuilds\CalculatorKeypad\arduino_due_x_dbg\Debug/CalculatorKeypad.ino.elf elf32-littlearm)

.ARM.attributes
                0x00000000       0x29
 .ARM.attributes
                0x00000000       0x1d c:/users/emili/appdata/local/arduino15/packages/arduino/tools/arm-none-eabi-gcc/4.8.3-2014q1/bin/../lib/gcc/arm-none-eabi/4.8.3/armv7-m/crti.o
 .ARM.attributes
                0x0000001d       0x2d c:/users/emili/appdata/local/arduino15/packages/arduino/tools/arm-none-eabi-gcc/4.8.3-2014q1/bin/../lib/gcc/arm-none-eabi/4.8.3/armv7-m/crtbegin.o
 .ARM.attributes